Archive member included to satisfy reference by file (symbol)

/home/felipe/ti/pdk_am335x_1_0_9/packages/ti/drv/gpio/test/led_blink/am335x/armv7/bios/src/sysbios/sysbios.aa8fg(arm_TaskSupport_asm_gnu.o)
                              /home/felipe/Arquivos_RTOS/GPIO_LedBlink_bbbAM335x_armTestProject/Release/configPkg/package/cfg/am335x_app_bbbam335x_pa8fg.oa8fg (ti_sysbios_family_arm_TaskSupport_swap__E)
/home/felipe/ti/pdk_am335x_1_0_9/packages/ti/drv/gpio/test/led_blink/am335x/armv7/bios/src/sysbios/sysbios.aa8fg(a8_Cache_asm_gnu.o)
                              /home/felipe/Arquivos_RTOS/GPIO_LedBlink_bbbAM335x_armTestProject/Release/configPkg/package/cfg/am335x_app_bbbam335x_pa8fg.oa8fg (ti_sysbios_family_arm_a8_Cache_wb__E)
/home/felipe/ti/pdk_am335x_1_0_9/packages/ti/drv/gpio/test/led_blink/am335x/armv7/bios/src/sysbios/sysbios.aa8fg(a8_TimestampProvider_asm_gnu.o)
                              /home/felipe/Arquivos_RTOS/GPIO_LedBlink_bbbAM335x_armTestProject/Release/configPkg/package/cfg/am335x_app_bbbam335x_pa8fg.oa8fg (ti_sysbios_family_arm_a8_TimestampProvider_get32__E)
/home/felipe/ti/pdk_am335x_1_0_9/packages/ti/drv/gpio/test/led_blink/am335x/armv7/bios/src/sysbios/sysbios.aa8fg(intcps_Hwi_asm_gnu.o)
                              /home/felipe/Arquivos_RTOS/GPIO_LedBlink_bbbAM335x_armTestProject/Release/configPkg/package/cfg/am335x_app_bbbam335x_pa8fg.oa8fg (ti_sysbios_family_arm_a8_intcps_Hwi_dispatchIRQ(int0_t))
/home/felipe/ti/pdk_am335x_1_0_9/packages/ti/drv/gpio/test/led_blink/am335x/armv7/bios/src/sysbios/sysbios.aa8fg(exc_Exception_asm_gnu.o)
                              /home/felipe/Arquivos_RTOS/GPIO_LedBlink_bbbAM335x_armTestProject/Release/configPkg/package/cfg/am335x_app_bbbam335x_pa8fg.oa8fg (ti_sysbios_family_arm_exc_Exception_excHandlerAsm(int0_t))
/home/felipe/ti/pdk_am335x_1_0_9/packages/ti/drv/gpio/test/led_blink/am335x/armv7/bios/src/sysbios/sysbios.aa8fg(_BIOS.o)
                              /home/felipe/Arquivos_RTOS/GPIO_LedBlink_bbbAM335x_armTestProject/Release/configPkg/package/cfg/am335x_app_bbbam335x_pa8fg.oa8fg (ti_sysbios_BIOS_linkedWithIncorrectBootLibrary__E)
/home/felipe/ti/pdk_am335x_1_0_9/packages/ti/drv/gpio/test/led_blink/am335x/armv7/bios/src/sysbios/sysbios.aa8fg(arm_IntrinsicsSupport.o)
                              /home/felipe/Arquivos_RTOS/GPIO_LedBlink_bbbAM335x_armTestProject/Release/configPkg/package/cfg/am335x_app_bbbam335x_pa8fg.oa8fg (ti_sysbios_family_arm_IntrinsicsSupport_maxbit__E)
/home/felipe/ti/pdk_am335x_1_0_9/packages/ti/drv/gpio/test/led_blink/am335x/armv7/bios/src/sysbios/sysbios.aa8fg(arm_TaskSupport.o)
                              /home/felipe/Arquivos_RTOS/GPIO_LedBlink_bbbAM335x_armTestProject/Release/configPkg/package/cfg/am335x_app_bbbam335x_pa8fg.oa8fg (ti_sysbios_family_arm_TaskSupport_start__E)
/home/felipe/ti/pdk_am335x_1_0_9/packages/ti/drv/gpio/test/led_blink/am335x/armv7/bios/src/sysbios/sysbios.aa8fg(knl_Clock.o)
                              /home/felipe/Arquivos_RTOS/GPIO_LedBlink_bbbAM335x_armTestProject/Release/configPkg/package/cfg/am335x_app_bbbam335x_pa8fg.oa8fg (ti_sysbios_knl_Clock_Module_startup__E)
/home/felipe/ti/pdk_am335x_1_0_9/packages/ti/drv/gpio/test/led_blink/am335x/armv7/bios/src/sysbios/sysbios.aa8fg(knl_Queue.o)
                              /home/felipe/Arquivos_RTOS/GPIO_LedBlink_bbbAM335x_armTestProject/Release/configPkg/package/cfg/am335x_app_bbbam335x_pa8fg.oa8fg (ti_sysbios_knl_Queue_Instance_init__E)
/home/felipe/ti/pdk_am335x_1_0_9/packages/ti/drv/gpio/test/led_blink/am335x/armv7/bios/src/sysbios/sysbios.aa8fg(knl_Semaphore.o)
                              /home/felipe/Arquivos_RTOS/GPIO_LedBlink_bbbAM335x_armTestProject/Release/configPkg/package/cfg/am335x_app_bbbam335x_pa8fg.oa8fg (ti_sysbios_knl_Semaphore_Instance_init__E)
/home/felipe/ti/pdk_am335x_1_0_9/packages/ti/drv/gpio/test/led_blink/am335x/armv7/bios/src/sysbios/sysbios.aa8fg(knl_Swi.o)
                              /home/felipe/Arquivos_RTOS/GPIO_LedBlink_bbbAM335x_armTestProject/Release/configPkg/package/cfg/am335x_app_bbbam335x_pa8fg.oa8fg (ti_sysbios_knl_Swi_Module_startup__E)
/home/felipe/ti/pdk_am335x_1_0_9/packages/ti/drv/gpio/test/led_blink/am335x/armv7/bios/src/sysbios/sysbios.aa8fg(knl_Task.o)
                              /home/felipe/Arquivos_RTOS/GPIO_LedBlink_bbbAM335x_armTestProject/Release/configPkg/package/cfg/am335x_app_bbbam335x_pa8fg.oa8fg (ti_sysbios_knl_Task_Module_startup__E)
/home/felipe/ti/pdk_am335x_1_0_9/packages/ti/drv/gpio/test/led_blink/am335x/armv7/bios/src/sysbios/sysbios.aa8fg(hal_Core.o)
                              /home/felipe/ti/pdk_am335x_1_0_9/packages/ti/drv/gpio/test/led_blink/am335x/armv7/bios/src/sysbios/sysbios.aa8fg(exc_Exception_asm_gnu.o) (ti_sysbios_hal_Core_getId__E)
/home/felipe/ti/pdk_am335x_1_0_9/packages/ti/drv/gpio/test/led_blink/am335x/armv7/bios/src/sysbios/sysbios.aa8fg(hal_CoreNull.o)
[...]
Memory Configuration

Name             Origin             Length             Attributes
SRAM_LO          0x00000000402f0000 0x0000000000000400 xrw
SRAM_HI          0x00000000402f0400 0x000000000000fc00 xrw
OCMC_SRAM        0x0000000040300000 0x0000000000010000 xrw
DDR3             0x0000000080000000 0x0000000020000000
*default*        0x0000000000000000 0xffffffffffffffff

Linker script and memory map

                0x000000000001c000                STACKSIZE = 0x1c000
                0x0000000000000400                HEAPSIZE = 0x400
LOAD ./GPIO_bbbAM335x_board.o
LOAD ./GPIO_log.o
LOAD ./GPIO_soc.o
LOAD ./I2C_soc.o
LOAD ./UART_soc.o
LOAD ./main_led_blink.o
                0x0000000000004000                __TI_STACK_SIZE = 0x4000
                0x0000000000004000                __STACK_SIZE = __TI_STACK_SIZE
                0x0000000000000000                __HEAP_SIZE = 0x0
LOAD /home/felipe/Arquivos_RTOS/GPIO_LedBlink_bbbAM335x_armTestProject/Release/configPkg/package/cfg/am335x_app_bbbam335x_pa8fg.oa8fg
LOAD /home/felipe/ti/pdk_am335x_1_0_9/packages/ti/drv/gpio/test/led_blink/am335x/armv7/bios/src/sysbios/sysbios.aa8fg
LOAD /home/felipe/ti/pdk_am335x_1_0_9/packages/ti/drv/gpio/lib/a8/release/ti.drv.gpio.profiling.aa8fg
LOAD /home/felipe/ti/pdk_am335x_1_0_9/packages/ti/utils/profiling/lib/a8/release/ti.utils.profiling.aa8fg
LOAD /home/felipe/ti/pdk_am335x_1_0_9/packages/ti/board/lib/bbbAM335x/a8/release/ti.board.aa8fg
LOAD /home/felipe/ti/pdk_am335x_1_0_9/packages/ti/drv/i2c/lib/a8/release/ti.drv.i2c.aa8fg
LOAD /home/felipe/ti/pdk_am335x_1_0_9/packages/ti/drv/uart/lib/a8/release/ti.drv.uart.aa8fg
LOAD /home/felipe/ti/pdk_am335x_1_0_9/packages/ti/csl/lib/am335x/a8/release/ti.csl.aa8fg
LOAD /home/felipe/ti/pdk_am335x_1_0_9/packages/ti/osal/lib/tirtos/a8/release/ti.osal.aa8fg
LOAD /home/felipe/ti/bios_6_52_00_12/packages/gnu/targets/arm/rtsv7A/lib/gnu.targets.arm.rtsv7A.aa8fg
LOAD /home/felipe/ti/bios_6_52_00_12/packages/gnu/targets/arm/rtsv7A/lib/boot.aa8fg
LOAD /home/felipe/ti/bios_6_52_00_12/packages/gnu/targets/arm/rtsv7A/lib/syscalls.aa8fg
                0x0000000000000001                xdc_runtime_Startup__EXECFXN__C = 0x1
                0x0000000000000001                xdc_runtime_Startup__RESETFXN__C = 0x1
                0x0000000048200000                ti_sysbios_family_arm_a8_intcps_Hwi_intc = 0x48200000

.c_int00        0x0000000080000000       0xb4
 *(.c_int00)
 .c_int00       0x0000000080000000       0xb4 /home/felipe/ti/bios_6_52_00_12/packages/gnu/targets/arm/rtsv7A/lib/boot.aa8fg(boot.oa8fg)
                0x0000000080000000                _c_int00

.text           0x00000000800000c0     0xf68c
 CREATE_OBJECT_SYMBOLS
 *(.resetVecs)
 *(.text)
 .text          0x00000000800000c0        0x0 ./GPIO_bbbAM335x_board.o
 .text          0x00000000800000c0       0x34 ./GPIO_log.o
                0x00000000800000c0                ConsoleUtilsInit
 .text          0x00000000800000f4        0x0 ./GPIO_soc.o
 .text          0x00000000800000f4       0xf0 ./I2C_soc.o
                0x00000000800000f4                I2C_socGetInitCfg
                0x000000008000016c                I2C_socSetInitCfg
 .text          0x00000000800001e4       0xf8 ./UART_soc.o
                0x00000000800001e4                UART_socGetInitCfg
                0x0000000080000260                UART_socSetInitCfg
 .text          0x00000000800002dc      0x1a8 ./main_led_blink.o
                0x00000000800002dc                AppDelay
                0x0000000080000308                gpio_test
                0x0000000080000420                AppGpioCallbackFxn
 .text          0x0000000080000484        0x0 /home/felipe/Arquivos_RTOS/GPIO_LedBlink_bbbAM335x_armTestProject/Release/configPkg/package/cfg/am335x_app_bbbam335x_pa8fg.oa8fg
 *fill*         0x0000000080000484        0xc 
 .text          0x0000000080000490        0x0 /home/felipe/ti/pdk_am335x_1_0_9/packages/ti/drv/gpio/test/led_blink/am335x/armv7/bios/src/sysbios/sysbios.aa8fg(arm_TaskSupport_asm_gnu.o)
 .text          0x0000000080000490        0x0 /home/felipe/ti/pdk_am335x_1_0_9/packages/ti/drv/gpio/test/led_blink/am335x/armv7/bios/src/sysbios/sysbios.aa8fg(a8_Cache_asm_gnu.o)
 .text          0x0000000080000490        0x0 /home/felipe/ti/pdk_am335x_1_0_9/packages/ti/drv/gpio/test/led_blink/am335x/armv7/bios/src/sysbios/sysbios.aa8fg(a8_TimestampProvider_asm_gnu.o)
 .text          0x0000000080000490        0x0 /home/felipe/ti/pdk_am335x_1_0_9/packages/ti/drv/gpio/test/led_blink/am335x/armv7/bios/src/sysbios/sysbios.aa8fg(intcps_Hwi_asm_gnu.o)
 .text          0x0000000080000490        0x0 /home/felipe/ti/pdk_am335x_1_0_9/packages/ti/drv/gpio/test/led_blink/am335x/armv7/bios/src/sysbios/sysbios.aa8fg(exc_Exception_asm_gnu.o)
 .text          0x0000000080000490        0x0 /home/felipe/ti/pdk_am335x_1_0_9/packages/ti/drv/gpio/test/led_blink/am335x/armv7/bios/src/sysbios/sysbios.aa8fg(_BIOS.o)
 .text          0x0000000080000490        0x0 /home/felipe/ti/pdk_am335x_1_0_9/packages/ti/drv/gpio/test/led_blink/am335x/armv7/bios/src/sysbios/sysbios.aa8fg(arm_IntrinsicsSupport.o)
 .text          0x0000000080000490        0x0 /home/felipe/ti/pdk_am335x_1_0_9/packages/ti/drv/gpio/test/led_blink/am335x/armv7/bios/src/sysbios/sysbios.aa8fg(arm_TaskSupport.o)
 .text          0x0000000080000490        0x0 /home/felipe/ti/pdk_am335x_1_0_9/packages/ti/drv/gpio/test/led_blink/am335x/armv7/bios/src/sysbios/sysbios.aa8fg(knl_Clock.o)
 .text          0x0000000080000490        0x0 /home/felipe/ti/pdk_am335x_1_0_9/packages/ti/drv/gpio/test/led_blink/am335x/armv7/bios/src/sysbios/sysbios.aa8fg(knl_Queue.o)
 .text          0x0000000080000490        0x0 /home/felipe/ti/pdk_am335x_1_0_9/packages/ti/drv/gpio/test/led_blink/am335x/armv7/bios/src/sysbios/sysbios.aa8fg(knl_Semaphore.o)
 .text          0x0000000080000490        0x0 /home/felipe/ti/pdk_am335x_1_0_9/packages/ti/drv/gpio/test/led_blink/am335x/armv7/bios/src/sysbios/sysbios.aa8fg(knl_Swi.o)
 .text          0x0000000080000490        0x0 /home/felipe/ti/pdk_am335x_1_0_9/packages/ti/drv/gpio/test/led_blink/am335x/armv7/bios/src/sysbios/sysbios.aa8fg(knl_Task.o)
 .text          0x0000000080000490        0x0 /home/felipe/ti/pdk_am335x_1_0_9/packages/ti/drv/gpio/test/led_blink/am335x/armv7/bios/src/sysbios/sysbios.aa8fg(hal_Core.o)
 .text          0x0000000080000490        0x0 /home/felipe/ti/pdk_am335x_1_0_9/packages/ti/drv/gpio/test/led_blink/am335x/armv7/bios/src/sysbios/sysbios.aa8fg(hal_CoreNull.o)
 .text          0x0000000080000490        0x0 /home/felipe/ti/pdk_am335x_1_0_9/packages/ti/drv/gpio/test/led_blink/am335x/armv7/bios/src/sysbios/sysbios.aa8fg(hal_Hwi.o)
 .text          0x0000000080000490        0x0 /home/felipe/ti/pdk_am335x_1_0_9/packages/ti/drv/gpio/test/led_blink/am335x/armv7/bios/src/sysbios/sysbios.aa8fg(hal_Hwi_stack.o)
 .text          0x0000000080000490        0x0 /home/felipe/ti/pdk_am335x_1_0_9/packages/ti/drv/gpio/test/led_blink/am335x/armv7/bios/src/sysbios/sysbios.aa8fg(hal_Hwi_startup.o)
 .text          0x0000000080000490        0x0 /home/felipe/ti/pdk_am335x_1_0_9/packages/ti/drv/gpio/test/led_blink/am335x/armv7/bios/src/sysbios/sysbios.aa8fg(hal_Timer.o)
 .text          0x0000000080000490        0x0 /home/felipe/ti/pdk_am335x_1_0_9/packages/ti/drv/gpio/test/led_blink/am335x/armv7/bios/src/sysbios/sysbios.aa8fg(heaps_HeapMem.o)
 .text          0x0000000080000490        0x0 /home/felipe/ti/pdk_am335x_1_0_9/packages/ti/drv/gpio/test/led_blink/am335x/armv7/bios/src/sysbios/sysbios.aa8fg(gnu_ReentSupport.o)
 .text          0x0000000080000490        0x0 /home/felipe/ti/pdk_am335x_1_0_9/packages/ti/drv/gpio/test/led_blink/am335x/armv7/bios/src/sysbios/sysbios.aa8fg(gnu_SemiHostSupport.o)
 .text          0x0000000080000490        0x0 /home/felipe/ti/pdk_am335x_1_0_9/packages/ti/drv/gpio/test/led_blink/am335x/armv7/bios/src/sysbios/sysbios.aa8fg(a8_Cache.o)
 .text          0x0000000080000490        0x0 /home/felipe/ti/pdk_am335x_1_0_9/packages/ti/drv/gpio/test/led_blink/am335x/armv7/bios/src/sysbios/sysbios.aa8fg(a8_Mmu.o)
 .text          0x0000000080000490        0x0 /home/felipe/ti/pdk_am335x_1_0_9/packages/ti/drv/gpio/test/led_blink/am335x/armv7/bios/src/sysbios/sysbios.aa8fg(a8_TimestampProvider.o)
 .text          0x0000000080000490        0x0 /home/felipe/ti/pdk_am335x_1_0_9/packages/ti/drv/gpio/test/led_blink/am335x/armv7/bios/src/sysbios/sysbios.aa8fg(intcps_Hwi.o)
 .text          0x0000000080000490        0x0 /home/felipe/ti/pdk_am335x_1_0_9/packages/ti/drv/gpio/test/led_blink/am335x/armv7/bios/src/sysbios/sysbios.aa8fg(exc_Exception.o)
 .text          0x0000000080000490        0x0 /home/felipe/ti/pdk_am335x_1_0_9/packages/ti/drv/gpio/test/led_blink/am335x/armv7/bios/src/sysbios/sysbios.aa8fg(gates_GateHwi.o)
 .text          0x0000000080000490        0x0 /home/felipe/ti/pdk_am335x_1_0_9/packages/ti/drv/gpio/test/led_blink/am335x/armv7/bios/src/sysbios/sysbios.aa8fg(gates_GateMutex.o)
 .text          0x0000000080000490        0x0 /home/felipe/ti/pdk_am335x_1_0_9/packages/ti/drv/gpio/test/led_blink/am335x/armv7/bios/src/sysbios/sysbios.aa8fg(dmtimer_Timer.o)
 .text          0x0000000080000490        0x0 /home/felipe/ti/pdk_am335x_1_0_9/packages/ti/drv/gpio/test/led_blink/am335x/armv7/bios/src/sysbios/sysbios.aa8fg(ti81xx_TimerSupport.o)
 .text          0x0000000080000490        0x0 /home/felipe/ti/pdk_am335x_1_0_9/packages/ti/drv/gpio/test/led_blink/am335x/armv7/bios/src/sysbios/sysbios.aa8fg(arm_IntrinsicsSupport_asm_gnu.o)
 .text          0x0000000080000490        0x0 /home/felipe/ti/pdk_am335x_1_0_9/packages/ti/drv/gpio/test/led_blink/am335x/armv7/bios/src/sysbios/sysbios.aa8fg(a8_Mmu_asm_gnu.o)
 .text          0x0000000080000490        0xc /home/felipe/ti/pdk_am335x_1_0_9/packages/ti/drv/gpio/test/led_blink/am335x/armv7/bios/src/sysbios/sysbios.aa8fg(dmtimer_Timer_asm_gnu.o)
                0x0000000080000490                ti_sysbios_timers_dmtimer_Timer_spinLoop(int0_t)
 .text          0x000000008000049c        0x0 /home/felipe/ti/pdk_am335x_1_0_9/packages/ti/drv/gpio/test/led_blink/am335x/armv7/bios/src/sysbios/sysbios.aa8fg(knl_Idle.o)
 .text          0x000000008000049c        0x0 /home/felipe/ti/pdk_am335x_1_0_9/packages/ti/drv/gpio/lib/a8/release/ti.drv.gpio.profiling.aa8fg(GPIO_drv.oa8fg)
 .text          0x000000008000049c        0x0 /home/felipe/ti/pdk_am335x_1_0_9/packages/ti/drv/gpio/lib/a8/release/ti.drv.gpio.profiling.aa8fg(GPIO_v1.oa8fg)
 .text          0x000000008000049c      0x110 /home/felipe/ti/pdk_am335x_1_0_9/packages/ti/utils/profiling/lib/a8/release/ti.utils.profiling.aa8fg(profilingHooksArmV7_AAssembly.oa8fg)
                0x000000008000049c                __cyg_profile_func_enter
                0x000000008000050c                __cyg_profile_func_exit
                0x0000000080000558                mySwitch
 .text          0x00000000800005ac        0x0 /home/felipe/ti/pdk_am335x_1_0_9/packages/ti/utils/profiling/lib/a8/release/ti.utils.profiling.aa8fg(profilingHooksArmV7_A.oa8fg)
 .text          0x00000000800005ac        0x0 /home/felipe/ti/pdk_am335x_1_0_9/packages/ti/board/lib/bbbAM335x/a8/release/ti.board.aa8fg(bbbAM335x.oa8fg)
 .text          0x00000000800005ac        0x0 /home/felipe/ti/pdk_am335x_1_0_9/packages/ti/board/lib/bbbAM335x/a8/release/ti.board.aa8fg(bbbAM335x_lld_init.oa8fg)
 .text          0x00000000800005ac        0x0 /home/felipe/ti/pdk_am335x_1_0_9/packages/ti/board/lib/bbbAM335x/a8/release/ti.board.aa8fg(bbbAM335x_pinmux.oa8fg)
 .text          0x00000000800005ac        0x0 /home/felipe/ti/pdk_am335x_1_0_9/packages/ti/board/lib/bbbAM335x/a8/release/ti.board.aa8fg(am335x_chipdb.oa8fg)
 .text          0x00000000800005ac        0x0 /home/felipe/ti/pdk_am335x_1_0_9/packages/ti/board/lib/bbbAM335x/a8/release/ti.board.aa8fg(am335x_prcm.oa8fg)
 .text          0x00000000800005ac        0x0 /home/felipe/ti/pdk_am335x_1_0_9/packages/ti/board/lib/bbbAM335x/a8/release/ti.board.aa8fg(hw_am335x_chipdb.oa8fg)
 .text          0x00000000800005ac        0x0 /home/felipe/ti/pdk_am335x_1_0_9/packages/ti/board/lib/bbbAM335x/a8/release/ti.board.aa8fg(hw_am335x_chipdb_baseaddr.oa8fg)
 .text          0x00000000800005ac        0x0 /home/felipe/ti/pdk_am335x_1_0_9/packages/ti/board/lib/bbbAM335x/a8/release/ti.board.aa8fg(hw_am335x_chipdb_interrupt.oa8fg)
 .text          0x00000000800005ac        0x0 /home/felipe/ti/pdk_am335x_1_0_9/packages/ti/board/lib/bbbAM335x/a8/release/ti.board.aa8fg(am335x_beagleboneblack_pinmux_data.oa8fg)
 .text          0x00000000800005ac        0x0 /home/felipe/ti/pdk_am335x_1_0_9/packages/ti/drv/i2c/lib/a8/release/ti.drv.i2c.aa8fg(I2C_drv.oa8fg)
 .text          0x00000000800005ac        0x0 /home/felipe/ti/pdk_am335x_1_0_9/packages/ti/drv/i2c/lib/a8/release/ti.drv.i2c.aa8fg(I2C_v1.oa8fg)
 .text          0x00000000800005ac        0x0 /home/felipe/ti/pdk_am335x_1_0_9/packages/ti/drv/uart/lib/a8/release/ti.drv.uart.aa8fg(UART_v1.oa8fg)
 .text          0x00000000800005ac        0x0 /home/felipe/ti/pdk_am335x_1_0_9/packages/ti/drv/uart/lib/a8/release/ti.drv.uart.aa8fg(UART_stdio.oa8fg)
 .text          0x00000000800005ac        0x0 /home/felipe/ti/pdk_am335x_1_0_9/packages/ti/drv/uart/lib/a8/release/ti.drv.uart.aa8fg(UART_ascii_utils.oa8fg)
 .text          0x00000000800005ac        0x0 /home/felipe/ti/pdk_am335x_1_0_9/packages/ti/drv/uart/lib/a8/release/ti.drv.uart.aa8fg(UART_drv.oa8fg)
 .text          0x00000000800005ac        0x0 /home/felipe/ti/pdk_am335x_1_0_9/packages/ti/csl/lib/am335x/a8/release/ti.csl.aa8fg(gpio_v2.oa8fg)
 .text          0x00000000800005ac        0x0 /home/felipe/ti/pdk_am335x_1_0_9/packages/ti/csl/lib/am335x/a8/release/ti.csl.aa8fg(i2c.oa8fg)
 .text          0x00000000800005ac        0x0 /home/felipe/ti/pdk_am335x_1_0_9/packages/ti/csl/lib/am335x/a8/release/ti.csl.aa8fg(uart.oa8fg)
 .text          0x00000000800005ac        0x0 /home/felipe/ti/pdk_am335x_1_0_9/packages/ti/osal/lib/tirtos/a8/release/ti.osal.aa8fg(SemaphoreP_tirtos.oa8fg)
 .text          0x00000000800005ac        0x0 /home/felipe/ti/pdk_am335x_1_0_9/packages/ti/osal/lib/tirtos/a8/release/ti.osal.aa8fg(HwiP_tirtos.oa8fg)
 .text          0x00000000800005ac        0x0 /home/felipe/ti/pdk_am335x_1_0_9/packages/ti/osal/lib/tirtos/a8/release/ti.osal.aa8fg(Utils_tirtos.oa8fg)
 .text          0x00000000800005ac        0x0 /home/felipe/ti/pdk_am335x_1_0_9/packages/ti/osal/lib/tirtos/a8/release/ti.osal.aa8fg(RegisterIntr_tirtos.oa8fg)
 .text          0x00000000800005ac        0x0 /home/felipe/ti/bios_6_52_00_12/packages/gnu/targets/arm/rtsv7A/lib/gnu.targets.arm.rtsv7A.aa8fg(Assert.oa8fg)
 .text          0x00000000800005ac        0x0 /home/felipe/ti/bios_6_52_00_12/packages/gnu/targets/arm/rtsv7A/lib/gnu.targets.arm.rtsv7A.aa8fg(Core-mem.oa8fg)
 .text          0x00000000800005ac        0x0 /home/felipe/ti/bios_6_52_00_12/packages/gnu/targets/arm/rtsv7A/lib/gnu.targets.arm.rtsv7A.aa8fg(Core-smem.oa8fg)
 .text          0x00000000800005ac        0x0 /home/felipe/ti/bios_6_52_00_12/packages/gnu/targets/arm/rtsv7A/lib/gnu.targets.arm.rtsv7A.aa8fg(Core-label.oa8fg)
 .text          0x00000000800005ac        0x0 /home/felipe/ti/bios_6_52_00_12/packages/gnu/targets/arm/rtsv7A/lib/gnu.targets.arm.rtsv7A.aa8fg(Core-params.oa8fg)
 .text          0x00000000800005ac        0x0 /home/felipe/ti/bios_6_52_00_12/packages/gnu/targets/arm/rtsv7A/lib/gnu.targets.arm.rtsv7A.aa8fg(Error.oa8fg)
 .text          0x00000000800005ac        0x0 /home/felipe/ti/bios_6_52_00_12/packages/gnu/targets/arm/rtsv7A/lib/gnu.targets.arm.rtsv7A.aa8fg(Gate.oa8fg)
 .text          0x00000000800005ac        0x0 /home/felipe/ti/bios_6_52_00_12/packages/gnu/targets/arm/rtsv7A/lib/gnu.targets.arm.rtsv7A.aa8fg(Memory.oa8fg)
 .text          0x00000000800005ac        0x0 /home/felipe/ti/bios_6_52_00_12/packages/gnu/targets/arm/rtsv7A/lib/gnu.targets.arm.rtsv7A.aa8fg(Startup.oa8fg)
 .text          0x00000000800005ac        0x0 /home/felipe/ti/bios_6_52_00_12/packages/gnu/targets/arm/rtsv7A/lib/gnu.targets.arm.rtsv7A.aa8fg(System.oa8fg)
 .text          0x00000000800005ac        0x0 /home/felipe/ti/bios_6_52_00_12/packages/gnu/targets/arm/rtsv7A/lib/gnu.targets.arm.rtsv7A.aa8fg(SysMin.oa8fg)
 .text          0x00000000800005ac        0x0 /home/felipe/ti/bios_6_52_00_12/packages/gnu/targets/arm/rtsv7A/lib/gnu.targets.arm.rtsv7A.aa8fg(Text.oa8fg)
 .text          0x00000000800005ac        0x0 /home/felipe/ti/bios_6_52_00_12/packages/gnu/targets/arm/rtsv7A/lib/gnu.targets.arm.rtsv7A.aa8fg(Timestamp.oa8fg)
 .text          0x00000000800005ac        0x0 /home/felipe/ti/bios_6_52_00_12/packages/gnu/targets/arm/rtsv7A/lib/gnu.targets.arm.rtsv7A.aa8fg(xdc_noinit.oa8fg)
 .text          0x00000000800005ac        0x0 /home/felipe/ti/bios_6_52_00_12/packages/gnu/targets/arm/rtsv7A/lib/gnu.targets.arm.rtsv7A.aa8fg(Registry.oa8fg)
 .text          0x00000000800005ac        0x0 /home/felipe/ti/bios_6_52_00_12/packages/gnu/targets/arm/rtsv7A/lib/boot.aa8fg(boot.oa8fg)
 .text          0x00000000800005ac        0x0 /home/felipe/ti/bios_6_52_00_12/packages/gnu/targets/arm/rtsv7A/lib/boot.aa8fg(startup.oa8fg)
 .text          0x00000000800005ac        0x0 /home/felipe/ti/bios_6_52_00_12/packages/gnu/targets/arm/rtsv7A/lib/syscalls.aa8fg(syscalls.oa8fg)
 .text          0x00000000800005ac        0x0 /home/felipe/ti/bios_6_52_00_12/packages/gnu/targets/arm/libs/install-native/arm-none-eabi/lib/hard/librdimon_nano.a(rdimon-syscalls.o)
 .text          0x00000000800005ac      0x114 /home/felipe/ti/gcc-arm-none-eabi-6-2017-q1-update/bin/../lib/gcc/arm-none-eabi/6.3.1/hard/libgcc.a(_udivsi3.o)
                0x00000000800005ac                __udivsi3
                0x00000000800005ac                __aeabi_uidiv
                0x00000000800006a0                __aeabi_uidivmod
 .text          0x00000000800006c0        0x4 /home/felipe/ti/gcc-arm-none-eabi-6-2017-q1-update/bin/../lib/gcc/arm-none-eabi/6.3.1/hard/libgcc.a(_dvmd_tls.o)
                0x00000000800006c0                __aeabi_ldiv0
                0x00000000800006c0                __aeabi_idiv0
 .text          0x00000000800006c4       0x3c /home/felipe/ti/gcc-arm-none-eabi-6-2017-q1-update/bin/../lib/gcc/arm-none-eabi/6.3.1/hard/libgcc.a(_aeabi_uldivmod.o)
                0x00000000800006c4                __aeabi_uldivmod
 .text          0x0000000080000700      0x12c /home/felipe/ti/gcc-arm-none-eabi-6-2017-q1-update/bin/../lib/gcc/arm-none-eabi/6.3.1/hard/libgcc.a(_udivmoddi4.o)
                0x0000000080000700                __udivmoddi4
 .text          0x000000008000082c       0x28 /home/felipe/ti/gcc-arm-none-eabi-6-2017-q1-update/bin/../lib/gcc/arm-none-eabi/6.3.1/hard/libgcc.a(_clzdi2.o)
                0x000000008000082c                __clzdi2
 .text          0x0000000080000854       0x48 /home/felipe/ti/gcc-arm-none-eabi-6-2017-q1-update/bin/../lib/gcc/arm-none-eabi/6.3.1/hard/libgcc.a(_clzsi2.o)
                0x0000000080000854                __clzsi2
 .text          0x000000008000089c        0x0 /home/felipe/ti/bios_6_52_00_12/packages/gnu/targets/arm/libs/install-native/arm-none-eabi/lib/hard/libc_nano.a(lib_a-abort.o)
 .text          0x000000008000089c        0x0 /home/felipe/ti/bios_6_52_00_12/packages/gnu/targets/arm/libs/install-native/arm-none-eabi/lib/hard/libc_nano.a(lib_a-errno.o)
 .text          0x000000008000089c        0x0 /home/felipe/ti/bios_6_52_00_12/packages/gnu/targets/arm/libs/install-native/arm-none-eabi/lib/hard/libc_nano.a(lib_a-exit.o)
 .text          0x000000008000089c        0x0 /home/felipe/ti/bios_6_52_00_12/packages/gnu/targets/arm/libs/install-native/arm-none-eabi/lib/hard/libc_nano.a(lib_a-findfp.o)
 .text          0x000000008000089c        0x0 /home/felipe/ti/bios_6_52_00_12/packages/gnu/targets/arm/libs/install-native/arm-none-eabi/lib/hard/libc_nano.a(lib_a-fwalk.o)
 .text          0x000000008000089c        0x0 /home/felipe/ti/bios_6_52_00_12/packages/gnu/targets/arm/libs/install-native/arm-none-eabi/lib/hard/libc_nano.a(lib_a-impure.o)
 .text          0x000000008000089c        0x0 /home/felipe/ti/bios_6_52_00_12/packages/gnu/targets/arm/libs/install-native/arm-none-eabi/lib/hard/libc_nano.a(lib_a-memcpy-stub.o)
 .text          0x000000008000089c        0x0 /home/felipe/ti/bios_6_52_00_12/packages/gnu/targets/arm/libs/install-native/arm-none-eabi/lib/hard/libc_nano.a(lib_a-memset.o)
 .text          0x000000008000089c        0x0 /home/felipe/ti/bios_6_52_00_12/packages/gnu/targets/arm/libs/install-native/arm-none-eabi/lib/hard/libc_nano.a(lib_a-reent.o)
 .text          0x000000008000089c        0x0 /home/felipe/ti/bios_6_52_00_12/packages/gnu/targets/arm/libs/install-native/arm-none-eabi/lib/hard/libc_nano.a(lib_a-signal.o)
 .text          0x000000008000089c        0x0 /home/felipe/ti/bios_6_52_00_12/packages/gnu/targets/arm/libs/install-native/arm-none-eabi/lib/hard/libc_nano.a(lib_a-signalr.o)
 .text          0x000000008000089c        0x0 /home/felipe/ti/bios_6_52_00_12/packages/gnu/targets/arm/libs/install-native/arm-none-eabi/lib/hard/libc_nano.a(lib_a-stdio.o)
 .text          0x000000008000089c       0x1c /home/felipe/ti/bios_6_52_00_12/packages/gnu/targets/arm/libs/install-native/arm-none-eabi/lib/hard/libc_nano.a(lib_a-strcmp.o)
                0x000000008000089c                strcmp
 .text          0x00000000800008b8        0xe /home/felipe/ti/bios_6_52_00_12/packages/gnu/targets/arm/libs/install-native/arm-none-eabi/lib/hard/libc_nano.a(lib_a-strlen.o)
                0x00000000800008b8                strlen
 .text          0x00000000800008c6        0x0 /home/felipe/ti/bios_6_52_00_12/packages/gnu/targets/arm/libs/install-native/arm-none-eabi/lib/hard/libc_nano.a(lib_a-tirtos_validate.o)
 .text          0x00000000800008c6        0x0 /home/felipe/ti/bios_6_52_00_12/packages/gnu/targets/arm/libs/install-native/arm-none-eabi/lib/hard/libc_nano.a(lib_a-writer.o)
 .text          0x00000000800008c6        0x0 /home/felipe/ti/bios_6_52_00_12/packages/gnu/targets/arm/libs/install-native/arm-none-eabi/lib/hard/libc_nano.a(lib_a-closer.o)
 .text          0x00000000800008c6        0x0 /home/felipe/ti/bios_6_52_00_12/packages/gnu/targets/arm/libs/install-native/arm-none-eabi/lib/hard/libc_nano.a(lib_a-fflush.o)
 .text          0x00000000800008c6        0x0 /home/felipe/ti/bios_6_52_00_12/packages/gnu/targets/arm/libs/install-native/arm-none-eabi/lib/hard/libc_nano.a(lib_a-lseekr.o)
 .text          0x00000000800008c6        0x0 /home/felipe/ti/bios_6_52_00_12/packages/gnu/targets/arm/libs/install-native/arm-none-eabi/lib/hard/libc_nano.a(lib_a-readr.o)
 .text          0x00000000800008c6        0x0 /home/felipe/ti/bios_6_52_00_12/packages/gnu/targets/arm/libs/install-native/arm-none-eabi/lib/hard/librdimon_nano.a(rdimon-_kill.o)
 *(.text.*)
 *fill*         0x00000000800008c6        0x2 
 .text.startup  0x00000000800008c8       0x38 ./main_led_blink.o
                0x00000000800008c8                main
 .text.xdc_iargToPtr
                0x0000000080000900       0x24 /home/felipe/Arquivos_RTOS/GPIO_LedBlink_bbbAM335x_armTestProject/Release/configPkg/package/cfg/am335x_app_bbbam335x_pa8fg.oa8fg
 .text.xdc_runtime_IHeap_alloc
                0x0000000080000924       0x4c /home/felipe/Arquivos_RTOS/GPIO_LedBlink_bbbAM335x_armTestProject/Release/configPkg/package/cfg/am335x_app_bbbam335x_pa8fg.oa8fg
 .text.xdc_runtime_IHeap_free
                0x0000000080000970       0x40 /home/felipe/Arquivos_RTOS/GPIO_LedBlink_bbbAM335x_armTestProject/Release/configPkg/package/cfg/am335x_app_bbbam335x_pa8fg.oa8fg
 .text.ti_sysbios_family_arm_a8_intcps_Hwi_disable
                0x00000000800009b0       0x2c /home/felipe/Arquivos_RTOS/GPIO_LedBlink_bbbAM335x_armTestProject/Release/configPkg/package/cfg/am335x_app_bbbam335x_pa8fg.oa8fg
 .text.ti_sysbios_family_arm_a8_intcps_Hwi_enable
                0x00000000800009dc       0x2c /home/felipe/Arquivos_RTOS/GPIO_LedBlink_bbbAM335x_armTestProject/Release/configPkg/package/cfg/am335x_app_bbbam335x_pa8fg.oa8fg
 .text.ti_sysbios_family_arm_a8_intcps_Hwi_restore
                0x0000000080000a08       0x38 /home/felipe/Arquivos_RTOS/GPIO_LedBlink_bbbAM335x_armTestProject/Release/configPkg/package/cfg/am335x_app_bbbam335x_pa8fg.oa8fg
 .text.ti_sysbios_knl_Clock_Module_State_clockQ
                0x0000000080000a40       0x28 /home/felipe/Arquivos_RTOS/GPIO_LedBlink_bbbAM335x_armTestProject/Release/configPkg/package/cfg/am335x_app_bbbam335x_pa8fg.oa8fg
 .text.ti_sysbios_knl_Semaphore_Params_init
                0x0000000080000a68       0x3c /home/felipe/Arquivos_RTOS/GPIO_LedBlink_bbbAM335x_armTestProject/Release/configPkg/package/cfg/am335x_app_bbbam335x_pa8fg.oa8fg
 .text.ti_sysbios_knl_Semaphore_handle
                0x0000000080000aa4       0x24 /home/felipe/Arquivos_RTOS/GPIO_LedBlink_bbbAM335x_armTestProject/Release/configPkg/package/cfg/am335x_app_bbbam335x_pa8fg.oa8fg
 .text.ti_sysbios_family_arm_a8_intcps_Hwi_Module__startupDone__F
                0x0000000080000ac8       0x58 /home/felipe/Arquivos_RTOS/GPIO_LedBlink_bbbAM335x_armTestProject/Release/configPkg/package/cfg/am335x_app_bbbam335x_pa8fg.oa8fg
                0x0000000080000ac8                ti_sysbios_family_arm_a8_intcps_Hwi_Module__startupDone(void)
 .text.ti_sysbios_timers_dmtimer_Timer_Module__startupDone__F
                0x0000000080000b20       0x58 /home/felipe/Arquivos_RTOS/GPIO_LedBlink_bbbAM335x_armTestProject/Release/configPkg/package/cfg/am335x_app_bbbam335x_pa8fg.oa8fg
                0x0000000080000b20                ti_sysbios_timers_dmtimer_Timer_Module__startupDone(void)
 .text.ti_sysbios_family_arm_a8_ti81xx_TimerSupport_Module__startupDone__F
                0x0000000080000b78       0x58 /home/felipe/Arquivos_RTOS/GPIO_LedBlink_bbbAM335x_armTestProject/Release/configPkg/package/cfg/am335x_app_bbbam335x_pa8fg.oa8fg
                0x0000000080000b78                ti_sysbios_family_arm_a8_ti81xx_TimerSupport_Module__startupDone(void)
 .text.xdc_runtime_Startup_exec__I
                0x0000000080000bd0       0x30 /home/felipe/Arquivos_RTOS/GPIO_LedBlink_bbbAM335x_armTestProject/Release/configPkg/package/cfg/am335x_app_bbbam335x_pa8fg.oa8fg
                0x0000000080000bd0                xdc_runtime_Startup_exec(int0_t)
 .text.xdc_runtime_Startup_reset__I
                0x0000000080000c00       0x14 /home/felipe/Arquivos_RTOS/GPIO_LedBlink_bbbAM335x_armTestProject/Release/configPkg/package/cfg/am335x_app_bbbam335x_pa8fg.oa8fg
                0x0000000080000c00                xdc_runtime_Startup_reset(int0_t)
 .text.xdc_runtime_System_printfExtend__I
                0x0000000080000c14      0x38c /home/felipe/Arquivos_RTOS/GPIO_LedBlink_bbbAM335x_armTestProject/Release/configPkg/package/cfg/am335x_app_bbbam335x_pa8fg.oa8fg
                0x0000000080000c14                xdc_runtime_System_printfExtend(int0_t)
 .text.xdc_runtime_SysMin_output__I
                0x0000000080000fa0       0x84 /home/felipe/Arquivos_RTOS/GPIO_LedBlink_bbbAM335x_armTestProject/Release/configPkg/package/cfg/am335x_app_bbbam335x_pa8fg.oa8fg
                0x0000000080000fa0                xdc_runtime_SysMin_output(int0_t)
 .text.xdc_runtime_Text_visitRope__I
                0x0000000080001024       0x38 /home/felipe/Arquivos_RTOS/GPIO_LedBlink_bbbAM335x_armTestProject/Release/configPkg/package/cfg/am335x_app_bbbam335x_pa8fg.oa8fg
                0x0000000080001024                xdc_runtime_Text_visitRope(int0_t)
 .text.ti_sysbios_knl_Clock_doTick__I
                0x000000008000105c       0x80 /home/felipe/Arquivos_RTOS/GPIO_LedBlink_bbbAM335x_armTestProject/Release/configPkg/package/cfg/am335x_app_bbbam335x_pa8fg.oa8fg
                0x000000008000105c                ti_sysbios_knl_Clock_doTick(int0_t)
 .text.__getreent
                0x00000000800010dc       0x38 /home/felipe/Arquivos_RTOS/GPIO_LedBlink_bbbAM335x_armTestProject/Release/configPkg/package/cfg/am335x_app_bbbam335x_pa8fg.oa8fg
                0x00000000800010dc                __getreent
 .text.__libc_lock_init_recursive
                0x0000000080001114       0x6c /home/felipe/Arquivos_RTOS/GPIO_LedBlink_bbbAM335x_armTestProject/Release/configPkg/package/cfg/am335x_app_bbbam335x_pa8fg.oa8fg
                0x0000000080001114                __libc_lock_init_recursive
 .text.__libc_lock_acquire_recursive
                0x0000000080001180      0x13c /home/felipe/Arquivos_RTOS/GPIO_LedBlink_bbbAM335x_armTestProject/Release/configPkg/package/cfg/am335x_app_bbbam335x_pa8fg.oa8fg
                0x0000000080001180                __libc_lock_acquire_recursive
 .text.__libc_lock_release_recursive
                0x00000000800012bc       0x68 /home/felipe/Arquivos_RTOS/GPIO_LedBlink_bbbAM335x_armTestProject/Release/configPkg/package/cfg/am335x_app_bbbam335x_pa8fg.oa8fg
                0x00000000800012bc                __libc_lock_release_recursive
 .text.SVC_Handler
                0x0000000080001324        0x8 /home/felipe/Arquivos_RTOS/GPIO_LedBlink_bbbAM335x_armTestProject/Release/configPkg/package/cfg/am335x_app_bbbam335x_pa8fg.oa8fg
                0x0000000080001324                SVC_Handler
 .text.ti_sysbios_BIOS_startFunc__I
                0x000000008000132c       0x3c /home/felipe/Arquivos_RTOS/GPIO_LedBlink_bbbAM335x_armTestProject/Release/configPkg/package/cfg/am335x_app_bbbam335x_pa8fg.oa8fg
                0x000000008000132c                ti_sysbios_BIOS_startFunc(int0_t)
 .text.ti_sysbios_BIOS_atExitFunc__I
                0x0000000080001368       0x28 /home/felipe/Arquivos_RTOS/GPIO_LedBlink_bbbAM335x_armTestProject/Release/configPkg/package/cfg/am335x_app_bbbam335x_pa8fg.oa8fg
                0x0000000080001368                ti_sysbios_BIOS_atExitFunc(int0_t)
 .text.ti_sysbios_BIOS_exitFunc__I
                0x0000000080001390       0x2c /home/felipe/Arquivos_RTOS/GPIO_LedBlink_bbbAM335x_armTestProject/Release/configPkg/package/cfg/am335x_app_bbbam335x_pa8fg.oa8fg
                0x0000000080001390                ti_sysbios_BIOS_exitFunc(int0_t)
 .text.ti_sysbios_BIOS_errorRaiseHook__I
                0x00000000800013bc       0x38 /home/felipe/Arquivos_RTOS/GPIO_LedBlink_bbbAM335x_armTestProject/Release/configPkg/package/cfg/am335x_app_bbbam335x_pa8fg.oa8fg
                0x00000000800013bc                ti_sysbios_BIOS_errorRaiseHook(int0_t)
 .text.ti_sysbios_family_arm_a8_Mmu_initTableBuf__I
                0x00000000800013f4     0x2068 /home/felipe/Arquivos_RTOS/GPIO_LedBlink_bbbAM335x_armTestProject/Release/configPkg/package/cfg/am335x_app_bbbam335x_pa8fg.oa8fg
                0x00000000800013f4                ti_sysbios_family_arm_a8_Mmu_initTableBuf(int0_t)
 .text.ti_sysbios_rts_gnu_MemAlloc_alloc
                0x000000008000345c       0x90 /home/felipe/Arquivos_RTOS/GPIO_LedBlink_bbbAM335x_armTestProject/Release/configPkg/package/cfg/am335x_app_bbbam335x_pa8fg.oa8fg
 .text.malloc   0x00000000800034ec       0x28 /home/felipe/Arquivos_RTOS/GPIO_LedBlink_bbbAM335x_armTestProject/Release/configPkg/package/cfg/am335x_app_bbbam335x_pa8fg.oa8fg
                0x00000000800034ec                malloc
 .text.free     0x0000000080003514       0x68 /home/felipe/Arquivos_RTOS/GPIO_LedBlink_bbbAM335x_armTestProject/Release/configPkg/package/cfg/am335x_app_bbbam335x_pa8fg.oa8fg
                0x0000000080003514                free
 .text._malloc_r
                0x000000008000357c       0x2c /home/felipe/Arquivos_RTOS/GPIO_LedBlink_bbbAM335x_armTestProject/Release/configPkg/package/cfg/am335x_app_bbbam335x_pa8fg.oa8fg
                0x000000008000357c                _malloc_r
 .text._free_r  0x00000000800035a8       0x28 /home/felipe/Arquivos_RTOS/GPIO_LedBlink_bbbAM335x_armTestProject/Release/configPkg/package/cfg/am335x_app_bbbam335x_pa8fg.oa8fg
                0x00000000800035a8                _free_r
 .text.xdc_runtime_System_printf__E
                0x00000000800035d0       0x40 /home/felipe/Arquivos_RTOS/GPIO_LedBlink_bbbAM335x_armTestProject/Release/configPkg/package/cfg/am335x_app_bbbam335x_pa8fg.oa8fg
                0x00000000800035d0                xdc_runtime_System_printf__E
 .text.ti_sysbios_hal_Hwi_HwiProxy_Module__startupDone__S
                0x0000000080003610       0x18 /home/felipe/Arquivos_RTOS/GPIO_LedBlink_bbbAM335x_armTestProject/Release/configPkg/package/cfg/am335x_app_bbbam335x_pa8fg.oa8fg
                0x0000000080003610                ti_sysbios_hal_Hwi_HwiProxy_Module__startupDone(void) static
 .text.ti_sysbios_hal_Hwi_HwiProxy_getStackInfo__E
                0x0000000080003628       0x38 /home/felipe/Arquivos_RTOS/GPIO_LedBlink_bbbAM335x_armTestProject/Release/configPkg/package/cfg/am335x_app_bbbam335x_pa8fg.oa8fg
                0x0000000080003628                ti_sysbios_hal_Hwi_HwiProxy_getStackInfo__E
 .text.ti_sysbios_hal_Hwi_HwiProxy_startup__E
                0x0000000080003660       0x14 /home/felipe/Arquivos_RTOS/GPIO_LedBlink_bbbAM335x_armTestProject/Release/configPkg/package/cfg/am335x_app_bbbam335x_pa8fg.oa8fg
                0x0000000080003660                ti_sysbios_hal_Hwi_HwiProxy_startup__E
 .text.ti_sysbios_hal_Hwi_HwiProxy_disable__E
                0x0000000080003674       0x18 /home/felipe/Arquivos_RTOS/GPIO_LedBlink_bbbAM335x_armTestProject/Release/configPkg/package/cfg/am335x_app_bbbam335x_pa8fg.oa8fg
                0x0000000080003674                ti_sysbios_hal_Hwi_HwiProxy_disable__E
 .text.ti_sysbios_hal_Hwi_HwiProxy_enable__E
                0x000000008000368c       0x18 /home/felipe/Arquivos_RTOS/GPIO_LedBlink_bbbAM335x_armTestProject/Release/configPkg/package/cfg/am335x_app_bbbam335x_pa8fg.oa8fg
                0x000000008000368c                ti_sysbios_hal_Hwi_HwiProxy_enable__E
 .text.ti_sysbios_hal_Hwi_HwiProxy_restore__E
                0x00000000800036a4       0x24 /home/felipe/Arquivos_RTOS/GPIO_LedBlink_bbbAM335x_armTestProject/Release/configPkg/package/cfg/am335x_app_bbbam335x_pa8fg.oa8fg
                0x00000000800036a4                ti_sysbios_hal_Hwi_HwiProxy_restore__E
 .text.ti_sysbios_hal_Hwi_HwiProxy_switchFromBootStack__E
                0x00000000800036c8       0x14 /home/felipe/Arquivos_RTOS/GPIO_LedBlink_bbbAM335x_armTestProject/Release/configPkg/package/cfg/am335x_app_bbbam335x_pa8fg.oa8fg
                0x00000000800036c8                ti_sysbios_hal_Hwi_HwiProxy_switchFromBootStack__E
 .text.ti_sysbios_hal_Hwi_HwiProxy_disableInterrupt__E
                0x00000000800036dc       0x28 /home/felipe/Arquivos_RTOS/GPIO_LedBlink_bbbAM335x_armTestProject/Release/configPkg/package/cfg/am335x_app_bbbam335x_pa8fg.oa8fg
                0x00000000800036dc                ti_sysbios_hal_Hwi_HwiProxy_disableInterrupt__E
 .text.ti_sysbios_hal_Hwi_HwiProxy_enableInterrupt__E
                0x0000000080003704       0x28 /home/felipe/Arquivos_RTOS/GPIO_LedBlink_bbbAM335x_armTestProject/Release/configPkg/package/cfg/am335x_app_bbbam335x_pa8fg.oa8fg
                0x0000000080003704                ti_sysbios_hal_Hwi_HwiProxy_enableInterrupt__E
 .text.ti_sysbios_hal_Hwi_HwiProxy_clearInterrupt__E
                0x000000008000372c       0x24 /home/felipe/Arquivos_RTOS/GPIO_LedBlink_bbbAM335x_armTestProject/Release/configPkg/package/cfg/am335x_app_bbbam335x_pa8fg.oa8fg
                0x000000008000372c                ti_sysbios_hal_Hwi_HwiProxy_clearInterrupt__E
 .text.ti_sysbios_hal_Timer_TimerProxy_Module__startupDone__S
                0x0000000080003750       0x18 /home/felipe/Arquivos_RTOS/GPIO_LedBlink_bbbAM335x_armTestProject/Release/configPkg/package/cfg/am335x_app_bbbam335x_pa8fg.oa8fg
                0x0000000080003750                ti_sysbios_hal_Timer_TimerProxy_Module__startupDone(void) static
 .text.ti_sysbios_heaps_HeapMem_Module_GateProxy_query__E
                0x0000000080003768       0x28 /home/felipe/Arquivos_RTOS/GPIO_LedBlink_bbbAM335x_armTestProject/Release/configPkg/package/cfg/am335x_app_bbbam335x_pa8fg.oa8fg
                0x0000000080003768                ti_sysbios_heaps_HeapMem_Module_GateProxy_query__E
 .text.ti_sysbios_heaps_HeapMem_Module_GateProxy_enter__E
                0x0000000080003790       0x28 /home/felipe/Arquivos_RTOS/GPIO_LedBlink_bbbAM335x_armTestProject/Release/configPkg/package/cfg/am335x_app_bbbam335x_pa8fg.oa8fg
                0x0000000080003790                ti_sysbios_heaps_HeapMem_Module_GateProxy_enter__E
 .text.ti_sysbios_heaps_HeapMem_Module_GateProxy_leave__E
                0x00000000800037b8       0x2c /home/felipe/Arquivos_RTOS/GPIO_LedBlink_bbbAM335x_armTestProject/Release/configPkg/package/cfg/am335x_app_bbbam335x_pa8fg.oa8fg
                0x00000000800037b8                ti_sysbios_heaps_HeapMem_Module_GateProxy_leave__E
 .text.ti_sysbios_knl_Clock_TimerProxy_Module__startupDone__S
                0x00000000800037e4       0x18 /home/felipe/Arquivos_RTOS/GPIO_LedBlink_bbbAM335x_armTestProject/Release/configPkg/package/cfg/am335x_app_bbbam335x_pa8fg.oa8fg
                0x00000000800037e4                ti_sysbios_knl_Clock_TimerProxy_Module__startupDone(void) static
 .text.ti_sysbios_knl_Clock_TimerProxy_getMaxTicks__E
                0x00000000800037fc       0x28 /home/felipe/Arquivos_RTOS/GPIO_LedBlink_bbbAM335x_armTestProject/Release/configPkg/package/cfg/am335x_app_bbbam335x_pa8fg.oa8fg
                0x00000000800037fc                ti_sysbios_knl_Clock_TimerProxy_getMaxTicks__E
 .text.ti_sysbios_knl_Intrinsics_SupportProxy_maxbit__E
                0x0000000080003824       0x28 /home/felipe/Arquivos_RTOS/GPIO_LedBlink_bbbAM335x_armTestProject/Release/configPkg/package/cfg/am335x_app_bbbam335x_pa8fg.oa8fg
                0x0000000080003824                ti_sysbios_knl_Intrinsics_SupportProxy_maxbit__E
 .text.ti_sysbios_knl_Task_SupportProxy_Module__startupDone__S
                0x000000008000384c       0x18 /home/felipe/Arquivos_RTOS/GPIO_LedBlink_bbbAM335x_armTestProject/Release/configPkg/package/cfg/am335x_app_bbbam335x_pa8fg.oa8fg
                0x000000008000384c                ti_sysbios_knl_Task_SupportProxy_Module__startupDone(void) static
 .text.ti_sysbios_knl_Task_SupportProxy_start__E
                0x0000000080003864       0x40 /home/felipe/Arquivos_RTOS/GPIO_LedBlink_bbbAM335x_armTestProject/Release/configPkg/package/cfg/am335x_app_bbbam335x_pa8fg.oa8fg
                0x0000000080003864                ti_sysbios_knl_Task_SupportProxy_start__E
 .text.ti_sysbios_knl_Task_SupportProxy_swap__E
                0x00000000800038a4       0x2c /home/felipe/Arquivos_RTOS/GPIO_LedBlink_bbbAM335x_armTestProject/Release/configPkg/package/cfg/am335x_app_bbbam335x_pa8fg.oa8fg
                0x00000000800038a4                ti_sysbios_knl_Task_SupportProxy_swap__E
 .text.ti_sysbios_timers_dmtimer_Timer_TimerSupportProxy_Module__startupDone__S
                0x00000000800038d0       0x18 /home/felipe/Arquivos_RTOS/GPIO_LedBlink_bbbAM335x_armTestProject/Release/configPkg/package/cfg/am335x_app_bbbam335x_pa8fg.oa8fg
                0x00000000800038d0                ti_sysbios_timers_dmtimer_Timer_TimerSupportProxy_Module__startupDone(void) static
 .text.ti_sysbios_timers_dmtimer_Timer_TimerSupportProxy_enable__E
                0x00000000800038e8       0x2c /home/felipe/Arquivos_RTOS/GPIO_LedBlink_bbbAM335x_armTestProject/Release/configPkg/package/cfg/am335x_app_bbbam335x_pa8fg.oa8fg
                0x00000000800038e8                ti_sysbios_timers_dmtimer_Timer_TimerSupportProxy_enable__E
 .text.xdc_runtime_Memory_HeapProxy_alloc__E
                0x0000000080003914       0x40 /home/felipe/Arquivos_RTOS/GPIO_LedBlink_bbbAM335x_armTestProject/Release/configPkg/package/cfg/am335x_app_bbbam335x_pa8fg.oa8fg
                0x0000000080003914                xdc_runtime_Memory_HeapProxy_alloc__E
 .text.xdc_runtime_Memory_HeapProxy_free__E
                0x0000000080003954       0x34 /home/felipe/Arquivos_RTOS/GPIO_LedBlink_bbbAM335x_armTestProject/Release/configPkg/package/cfg/am335x_app_bbbam335x_pa8fg.oa8fg
                0x0000000080003954                xdc_runtime_Memory_HeapProxy_free__E
 .text.xdc_runtime_System_Module_GateProxy_enter__E
                0x0000000080003988       0x28 /home/felipe/Arquivos_RTOS/GPIO_LedBlink_bbbAM335x_armTestProject/Release/configPkg/package/cfg/am335x_app_bbbam335x_pa8fg.oa8fg
                0x0000000080003988                xdc_runtime_System_Module_GateProxy_enter__E
 .text.xdc_runtime_System_Module_GateProxy_leave__E
                0x00000000800039b0       0x2c /home/felipe/Arquivos_RTOS/GPIO_LedBlink_bbbAM335x_armTestProject/Release/configPkg/package/cfg/am335x_app_bbbam335x_pa8fg.oa8fg
                0x00000000800039b0                xdc_runtime_System_Module_GateProxy_leave__E
 .text.xdc_runtime_System_SupportProxy_abort__E
                0x00000000800039dc       0x24 /home/felipe/Arquivos_RTOS/GPIO_LedBlink_bbbAM335x_armTestProject/Release/configPkg/package/cfg/am335x_app_bbbam335x_pa8fg.oa8fg
                0x00000000800039dc                xdc_runtime_System_SupportProxy_abort__E
 .text.xdc_runtime_System_SupportProxy_exit__E
                0x0000000080003a00       0x24 /home/felipe/Arquivos_RTOS/GPIO_LedBlink_bbbAM335x_armTestProject/Release/configPkg/package/cfg/am335x_app_bbbam335x_pa8fg.oa8fg
                0x0000000080003a00                xdc_runtime_System_SupportProxy_exit__E
 .text.xdc_runtime_System_SupportProxy_putch__E
                0x0000000080003a24       0x2c /home/felipe/Arquivos_RTOS/GPIO_LedBlink_bbbAM335x_armTestProject/Release/configPkg/package/cfg/am335x_app_bbbam335x_pa8fg.oa8fg
                0x0000000080003a24                xdc_runtime_System_SupportProxy_putch__E
 .text.xdc_runtime_System_SupportProxy_ready__E
                0x0000000080003a50       0x18 /home/felipe/Arquivos_RTOS/GPIO_LedBlink_bbbAM335x_armTestProject/Release/configPkg/package/cfg/am335x_app_bbbam335x_pa8fg.oa8fg
                0x0000000080003a50                xdc_runtime_System_SupportProxy_ready__E
 .text.xdc_runtime_Timestamp_SupportProxy_get32__E
                0x0000000080003a68       0x18 /home/felipe/Arquivos_RTOS/GPIO_LedBlink_bbbAM335x_armTestProject/Release/configPkg/package/cfg/am335x_app_bbbam335x_pa8fg.oa8fg
                0x0000000080003a68                xdc_runtime_Timestamp_SupportProxy_get32__E
 .text.xdc_runtime_Timestamp_SupportProxy_getFreq__E
                0x0000000080003a80       0x24 /home/felipe/Arquivos_RTOS/GPIO_LedBlink_bbbAM335x_armTestProject/Release/configPkg/package/cfg/am335x_app_bbbam335x_pa8fg.oa8fg
                0x0000000080003a80                xdc_runtime_Timestamp_SupportProxy_getFreq__E
 .text.ti_sysbios_family_arm_TaskSupport_Module__startupDone__S
                0x0000000080003aa4       0x1c /home/felipe/Arquivos_RTOS/GPIO_LedBlink_bbbAM335x_armTestProject/Release/configPkg/package/cfg/am335x_app_bbbam335x_pa8fg.oa8fg
                0x0000000080003aa4                ti_sysbios_family_arm_TaskSupport_Module__startupDone(void) static
 .text.ti_sysbios_family_arm_a8_intcps_Hwi_Module__startupDone__S
                0x0000000080003ac0       0x18 /home/felipe/Arquivos_RTOS/GPIO_LedBlink_bbbAM335x_armTestProject/Release/configPkg/package/cfg/am335x_app_bbbam335x_pa8fg.oa8fg
                0x0000000080003ac0                ti_sysbios_family_arm_a8_intcps_Hwi_Module__startupDone(void) static
 .text.ti_sysbios_family_arm_a8_intcps_Hwi_Params__init__S
                0x0000000080003ad8       0x54 /home/felipe/Arquivos_RTOS/GPIO_LedBlink_bbbAM335x_armTestProject/Release/configPkg/package/cfg/am335x_app_bbbam335x_pa8fg.oa8fg
                0x0000000080003ad8                ti_sysbios_family_arm_a8_intcps_Hwi_Params__init(void) static
 .text.ti_sysbios_family_arm_a8_intcps_Hwi_construct
                0x0000000080003b2c       0xa4 /home/felipe/Arquivos_RTOS/GPIO_LedBlink_bbbAM335x_armTestProject/Release/configPkg/package/cfg/am335x_app_bbbam335x_pa8fg.oa8fg
                0x0000000080003b2c                ti_sysbios_family_arm_a8_intcps_Hwi_construct
 .text.ti_sysbios_family_arm_a8_intcps_Hwi_destruct
                0x0000000080003bd0       0x40 /home/felipe/Arquivos_RTOS/GPIO_LedBlink_bbbAM335x_armTestProject/Release/configPkg/package/cfg/am335x_app_bbbam335x_pa8fg.oa8fg
                0x0000000080003bd0                ti_sysbios_family_arm_a8_intcps_Hwi_destruct
 .text.ti_sysbios_family_arm_a8_ti81xx_TimerSupport_Module__startupDone__S
                0x0000000080003c10       0x18 /home/felipe/Arquivos_RTOS/GPIO_LedBlink_bbbAM335x_armTestProject/Release/configPkg/package/cfg/am335x_app_bbbam335x_pa8fg.oa8fg
                0x0000000080003c10                ti_sysbios_family_arm_a8_ti81xx_TimerSupport_Module__startupDone(void) static
 .text.ti_sysbios_gates_GateHwi_Handle__label__S
                0x0000000080003c28       0x4c /home/felipe/Arquivos_RTOS/GPIO_LedBlink_bbbAM335x_armTestProject/Release/configPkg/package/cfg/am335x_app_bbbam335x_pa8fg.oa8fg
                0x0000000080003c28                ti_sysbios_gates_GateHwi_Handle__label(void) static
 .text.ti_sysbios_gates_GateHwi_Object__create__S
                0x0000000080003c74       0x7c /home/felipe/Arquivos_RTOS/GPIO_LedBlink_bbbAM335x_armTestProject/Release/configPkg/package/cfg/am335x_app_bbbam335x_pa8fg.oa8fg
                0x0000000080003c74                ti_sysbios_gates_GateHwi_Object__create(void) static
 .text.ti_sysbios_gates_GateHwi_Object__delete__S
                0x0000000080003cf0       0x4c /home/felipe/Arquivos_RTOS/GPIO_LedBlink_bbbAM335x_armTestProject/Release/configPkg/package/cfg/am335x_app_bbbam335x_pa8fg.oa8fg
                0x0000000080003cf0                ti_sysbios_gates_GateHwi_Object__delete(void) static
 .text.ti_sysbios_gates_GateMutex_Handle__label__S
                0x0000000080003d3c       0x4c /home/felipe/Arquivos_RTOS/GPIO_LedBlink_bbbAM335x_armTestProject/Release/configPkg/package/cfg/am335x_app_bbbam335x_pa8fg.oa8fg
                0x0000000080003d3c                ti_sysbios_gates_GateMutex_Handle__label(void) static
 .text.ti_sysbios_gates_GateMutex_Object__create__S
                0x0000000080003d88       0x7c /home/felipe/Arquivos_RTOS/GPIO_LedBlink_bbbAM335x_armTestProject/Release/configPkg/package/cfg/am335x_app_bbbam335x_pa8fg.oa8fg
                0x0000000080003d88                ti_sysbios_gates_GateMutex_Object__create(void) static
 .text.ti_sysbios_gates_GateMutex_Object__delete__S
                0x0000000080003e04       0x50 /home/felipe/Arquivos_RTOS/GPIO_LedBlink_bbbAM335x_armTestProject/Release/configPkg/package/cfg/am335x_app_bbbam335x_pa8fg.oa8fg
                0x0000000080003e04                ti_sysbios_gates_GateMutex_Object__delete(void) static
 .text.ti_sysbios_heaps_HeapMem_Handle__label__S
                0x0000000080003e54       0x4c /home/felipe/Arquivos_RTOS/GPIO_LedBlink_bbbAM335x_armTestProject/Release/configPkg/package/cfg/am335x_app_bbbam335x_pa8fg.oa8fg
                0x0000000080003e54                ti_sysbios_heaps_HeapMem_Handle__label(void) static
 .text.ti_sysbios_heaps_HeapMem_Object__get__S
                0x0000000080003ea0       0x74 /home/felipe/Arquivos_RTOS/GPIO_LedBlink_bbbAM335x_armTestProject/Release/configPkg/package/cfg/am335x_app_bbbam335x_pa8fg.oa8fg
                0x0000000080003ea0                ti_sysbios_heaps_HeapMem_Object__get(void) static
 .text.ti_sysbios_heaps_HeapMem_Object__create__S
                0x0000000080003f14       0x7c /home/felipe/Arquivos_RTOS/GPIO_LedBlink_bbbAM335x_armTestProject/Release/configPkg/package/cfg/am335x_app_bbbam335x_pa8fg.oa8fg
                0x0000000080003f14                ti_sysbios_heaps_HeapMem_Object__create(void) static
 .text.ti_sysbios_heaps_HeapMem_Object__delete__S
                0x0000000080003f90       0x4c /home/felipe/Arquivos_RTOS/GPIO_LedBlink_bbbAM335x_armTestProject/Release/configPkg/package/cfg/am335x_app_bbbam335x_pa8fg.oa8fg
                0x0000000080003f90                ti_sysbios_heaps_HeapMem_Object__delete(void) static
 .text.ti_sysbios_knl_Queue_Object__get__S
                0x0000000080003fdc       0x68 /home/felipe/Arquivos_RTOS/GPIO_LedBlink_bbbAM335x_armTestProject/Release/configPkg/package/cfg/am335x_app_bbbam335x_pa8fg.oa8fg
                0x0000000080003fdc                ti_sysbios_knl_Queue_Object__get(void) static
 .text.ti_sysbios_knl_Queue_construct
                0x0000000080004044       0x58 /home/felipe/Arquivos_RTOS/GPIO_LedBlink_bbbAM335x_armTestProject/Release/configPkg/package/cfg/am335x_app_bbbam335x_pa8fg.oa8fg
                0x0000000080004044                ti_sysbios_knl_Queue_construct
 .text.ti_sysbios_knl_Queue_destruct
                0x000000008000409c       0x3c /home/felipe/Arquivos_RTOS/GPIO_LedBlink_bbbAM335x_armTestProject/Release/configPkg/package/cfg/am335x_app_bbbam335x_pa8fg.oa8fg
                0x000000008000409c                ti_sysbios_knl_Queue_destruct
 .text.ti_sysbios_knl_Semaphore_Params__init__S
                0x00000000800040d8       0x54 /home/felipe/Arquivos_RTOS/GPIO_LedBlink_bbbAM335x_armTestProject/Release/configPkg/package/cfg/am335x_app_bbbam335x_pa8fg.oa8fg
                0x00000000800040d8                ti_sysbios_knl_Semaphore_Params__init(void) static
 .text.ti_sysbios_knl_Semaphore_construct
                0x000000008000412c       0x60 /home/felipe/Arquivos_RTOS/GPIO_LedBlink_bbbAM335x_armTestProject/Release/configPkg/package/cfg/am335x_app_bbbam335x_pa8fg.oa8fg
                0x000000008000412c                ti_sysbios_knl_Semaphore_construct
 .text.ti_sysbios_knl_Semaphore_destruct
                0x000000008000418c       0x40 /home/felipe/Arquivos_RTOS/GPIO_LedBlink_bbbAM335x_armTestProject/Release/configPkg/package/cfg/am335x_app_bbbam335x_pa8fg.oa8fg
                0x000000008000418c                ti_sysbios_knl_Semaphore_destruct
 .text.ti_sysbios_knl_Task_Object__get__S
                0x00000000800041cc       0x74 /home/felipe/Arquivos_RTOS/GPIO_LedBlink_bbbAM335x_armTestProject/Release/configPkg/package/cfg/am335x_app_bbbam335x_pa8fg.oa8fg
                0x00000000800041cc                ti_sysbios_knl_Task_Object__get(void) static
 .text.ti_sysbios_timers_dmtimer_Timer_Module__startupDone__S
                0x0000000080004240       0x18 /home/felipe/Arquivos_RTOS/GPIO_LedBlink_bbbAM335x_armTestProject/Release/configPkg/package/cfg/am335x_app_bbbam335x_pa8fg.oa8fg
                0x0000000080004240                ti_sysbios_timers_dmtimer_Timer_Module__startupDone(void) static
 .text.ti_sysbios_family_arm_TaskSupport_buildTaskStack
                0x0000000080004258       0x7c /home/felipe/ti/pdk_am335x_1_0_9/packages/ti/drv/gpio/test/led_blink/am335x/armv7/bios/src/sysbios/sysbios.aa8fg(arm_TaskSupport_asm_gnu.o)
                0x0000000080004258                ti_sysbios_family_arm_TaskSupport_buildTaskStack
 .text.ti_sysbios_family_arm_TaskSupport_swap__E
                0x00000000800042d4       0x18 /home/felipe/ti/pdk_am335x_1_0_9/packages/ti/drv/gpio/test/led_blink/am335x/armv7/bios/src/sysbios/sysbios.aa8fg(arm_TaskSupport_asm_gnu.o)
                0x00000000800042d4                ti_sysbios_family_arm_TaskSupport_swap__E
 .text.ti_sysbios_family_arm_TaskSupport_glue
                0x00000000800042ec       0x1c /home/felipe/ti/pdk_am335x_1_0_9/packages/ti/drv/gpio/test/led_blink/am335x/armv7/bios/src/sysbios/sysbios.aa8fg(arm_TaskSupport_asm_gnu.o)
                0x00000000800042ec                ti_sysbios_family_arm_TaskSupport_glue
 .text.ti_sysbios_family_arm_a8_Cache_disableL1d__I
                0x0000000080004308       0x1c /home/felipe/ti/pdk_am335x_1_0_9/packages/ti/drv/gpio/test/led_blink/am335x/armv7/bios/src/sysbios/sysbios.aa8fg(a8_Cache_asm_gnu.o)
                0x0000000080004308                ti_sysbios_family_arm_a8_Cache_disableL1d(int0_t)
 .text.ti_sysbios_family_arm_a8_Cache_disableL1p__I
                0x0000000080004324       0x14 /home/felipe/ti/pdk_am335x_1_0_9/packages/ti/drv/gpio/test/led_blink/am335x/armv7/bios/src/sysbios/sysbios.aa8fg(a8_Cache_asm_gnu.o)
                0x0000000080004324                ti_sysbios_family_arm_a8_Cache_disableL1p(int0_t)
 .text.ti_sysbios_family_arm_a8_Cache_disableL2__I
                0x0000000080004338       0x10 /home/felipe/ti/pdk_am335x_1_0_9/packages/ti/drv/gpio/test/led_blink/am335x/armv7/bios/src/sysbios/sysbios.aa8fg(a8_Cache_asm_gnu.o)
                0x0000000080004338                ti_sysbios_family_arm_a8_Cache_disableL2(int0_t)
 .text.ti_sysbios_family_arm_a8_Cache_enableL1d__I
                0x0000000080004348       0x10 /home/felipe/ti/pdk_am335x_1_0_9/packages/ti/drv/gpio/test/led_blink/am335x/armv7/bios/src/sysbios/sysbios.aa8fg(a8_Cache_asm_gnu.o)
                0x0000000080004348                ti_sysbios_family_arm_a8_Cache_enableL1d(int0_t)
 .text.ti_sysbios_family_arm_a8_Cache_enableL1p__I
                0x0000000080004358       0x14 /home/felipe/ti/pdk_am335x_1_0_9/packages/ti/drv/gpio/test/led_blink/am335x/armv7/bios/src/sysbios/sysbios.aa8fg(a8_Cache_asm_gnu.o)
                0x0000000080004358                ti_sysbios_family_arm_a8_Cache_enableL1p(int0_t)
 .text.ti_sysbios_family_arm_a8_Cache_enableL2__I
                0x000000008000436c       0x10 /home/felipe/ti/pdk_am335x_1_0_9/packages/ti/drv/gpio/test/led_blink/am335x/armv7/bios/src/sysbios/sysbios.aa8fg(a8_Cache_asm_gnu.o)
                0x000000008000436c                ti_sysbios_family_arm_a8_Cache_enableL2(int0_t)
 .text.ti_sysbios_family_arm_a8_Cache_invL1dAll__E
                0x000000008000437c       0x94 /home/felipe/ti/pdk_am335x_1_0_9/packages/ti/drv/gpio/test/led_blink/am335x/armv7/bios/src/sysbios/sysbios.aa8fg(a8_Cache_asm_gnu.o)
                0x000000008000437c                ti_sysbios_family_arm_a8_Cache_invL1dAll__E
 .text.ti_sysbios_family_arm_a8_Cache_invL1pAll__E
                0x0000000080004410        0x8 /home/felipe/ti/pdk_am335x_1_0_9/packages/ti/drv/gpio/test/led_blink/am335x/armv7/bios/src/sysbios/sysbios.aa8fg(a8_Cache_asm_gnu.o)
                0x0000000080004410                ti_sysbios_family_arm_a8_Cache_invL1pAll__E
 .text.ti_sysbios_family_arm_a8_Cache_wbInvAll__E
                0x0000000080004418       0x94 /home/felipe/ti/pdk_am335x_1_0_9/packages/ti/drv/gpio/test/led_blink/am335x/armv7/bios/src/sysbios/sysbios.aa8fg(a8_Cache_asm_gnu.o)
                0x0000000080004418                ti_sysbios_family_arm_a8_Cache_wbInvAll__E
 .text.ti_sysbios_family_arm_a8_Cache_getEnabled__E
                0x00000000800044ac       0x38 /home/felipe/ti/pdk_am335x_1_0_9/packages/ti/drv/gpio/test/led_blink/am335x/armv7/bios/src/sysbios/sysbios.aa8fg(a8_Cache_asm_gnu.o)
                0x00000000800044ac                ti_sysbios_family_arm_a8_Cache_getEnabled__E
 .text.ti_sysbios_family_arm_a8_Cache_getCacheLevelInfo__I
                0x00000000800044e4        0xc /home/felipe/ti/pdk_am335x_1_0_9/packages/ti/drv/gpio/test/led_blink/am335x/armv7/bios/src/sysbios/sysbios.aa8fg(a8_Cache_asm_gnu.o)
                0x00000000800044e4                ti_sysbios_family_arm_a8_Cache_getCacheLevelInfo(int0_t)
 .text.ti_sysbios_family_arm_a8_Cache_getLockdownReg__I
                0x00000000800044f0        0x8 /home/felipe/ti/pdk_am335x_1_0_9/packages/ti/drv/gpio/test/led_blink/am335x/armv7/bios/src/sysbios/sysbios.aa8fg(a8_Cache_asm_gnu.o)
                0x00000000800044f0                ti_sysbios_family_arm_a8_Cache_getLockdownReg(int0_t)
 .text.ti_sysbios_family_arm_a8_Cache_setLockdownReg__I
                0x00000000800044f8        0x8 /home/felipe/ti/pdk_am335x_1_0_9/packages/ti/drv/gpio/test/led_blink/am335x/armv7/bios/src/sysbios/sysbios.aa8fg(a8_Cache_asm_gnu.o)
                0x00000000800044f8                ti_sysbios_family_arm_a8_Cache_setLockdownReg(int0_t)
 .text.ti_sysbios_family_arm_a8_Cache_disableBP__E
                0x0000000080004500       0x1c /home/felipe/ti/pdk_am335x_1_0_9/packages/ti/drv/gpio/test/led_blink/am335x/armv7/bios/src/sysbios/sysbios.aa8fg(a8_Cache_asm_gnu.o)
                0x0000000080004500                ti_sysbios_family_arm_a8_Cache_disableBP__E
 .text.ti_sysbios_family_arm_a8_Cache_enableBP__E
                0x000000008000451c       0x1c /home/felipe/ti/pdk_am335x_1_0_9/packages/ti/drv/gpio/test/led_blink/am335x/armv7/bios/src/sysbios/sysbios.aa8fg(a8_Cache_asm_gnu.o)
                0x000000008000451c                ti_sysbios_family_arm_a8_Cache_enableBP__E
 .text.ti_sysbios_family_arm_a8_TimestampProvider_get32__E
                0x0000000080004538        0x8 /home/felipe/ti/pdk_am335x_1_0_9/packages/ti/drv/gpio/test/led_blink/am335x/armv7/bios/src/sysbios/sysbios.aa8fg(a8_TimestampProvider_asm_gnu.o)
                0x0000000080004538                ti_sysbios_family_arm_a8_TimestampProvider_get32__E
 .text.ti_sysbios_family_arm_a8_TimestampProvider_initCCNT__I
                0x0000000080004540       0x1c /home/felipe/ti/pdk_am335x_1_0_9/packages/ti/drv/gpio/test/led_blink/am335x/armv7/bios/src/sysbios/sysbios.aa8fg(a8_TimestampProvider_asm_gnu.o)
                0x0000000080004540                ti_sysbios_family_arm_a8_TimestampProvider_initCCNT(int0_t)
 .text.ti_sysbios_family_arm_a8_intcps_Hwi_dispatchIRQ__I
                0x000000008000455c       0xbc /home/felipe/ti/pdk_am335x_1_0_9/packages/ti/drv/gpio/test/led_blink/am335x/armv7/bios/src/sysbios/sysbios.aa8fg(intcps_Hwi_asm_gnu.o)
                0x000000008000455c                ti_sysbios_family_arm_a8_intcps_Hwi_dispatchIRQ(int0_t)
 .text.ti_sysbios_family_arm_a8_intcps_Hwi_init__I
                0x0000000080004618       0x24 /home/felipe/ti/pdk_am335x_1_0_9/packages/ti/drv/gpio/test/led_blink/am335x/armv7/bios/src/sysbios/sysbios.aa8fg(intcps_Hwi_asm_gnu.o)
                0x0000000080004618                ti_sysbios_family_arm_a8_intcps_Hwi_init(int0_t)
 .text.ti_sysbios_family_arm_a8_intcps_Hwi_initVbar__I
                0x000000008000463c       0x10 /home/felipe/ti/pdk_am335x_1_0_9/packages/ti/drv/gpio/test/led_blink/am335x/armv7/bios/src/sysbios/sysbios.aa8fg(intcps_Hwi_asm_gnu.o)
                0x000000008000463c                ti_sysbios_family_arm_a8_intcps_Hwi_initVbar(int0_t)
 .text.ti_sysbios_family_arm_exc_Exception_excHandlerAsm__I
                0x000000008000464c       0x68 /home/felipe/ti/pdk_am335x_1_0_9/packages/ti/drv/gpio/test/led_blink/am335x/armv7/bios/src/sysbios/sysbios.aa8fg(exc_Exception_asm_gnu.o)
                0x000000008000464c                ti_sysbios_family_arm_exc_Exception_excHandlerAsm(int0_t)
 .text.ti_sysbios_family_arm_exc_Exception_excHandlerDataAsm__I
                0x00000000800046b4       0x6c /home/felipe/ti/pdk_am335x_1_0_9/packages/ti/drv/gpio/test/led_blink/am335x/armv7/bios/src/sysbios/sysbios.aa8fg(exc_Exception_asm_gnu.o)
                0x00000000800046b4                ti_sysbios_family_arm_exc_Exception_excHandlerDataAsm(int0_t)
 .text.ti_sysbios_family_arm_exc_Exception_initCore0__I
                0x0000000080004720       0x64 /home/felipe/ti/pdk_am335x_1_0_9/packages/ti/drv/gpio/test/led_blink/am335x/armv7/bios/src/sysbios/sysbios.aa8fg(exc_Exception_asm_gnu.o)
                0x0000000080004720                ti_sysbios_family_arm_exc_Exception_initCore0(int0_t)
 .text.ti_sysbios_BIOS_linkedWithIncorrectBootLibrary__E
                0x0000000080004784        0x4 /home/felipe/ti/pdk_am335x_1_0_9/packages/ti/drv/gpio/test/led_blink/am335x/armv7/bios/src/sysbios/sysbios.aa8fg(_BIOS.o)
                0x0000000080004784                ti_sysbios_BIOS_linkedWithIncorrectBootLibrary__E
 .text.ti_sysbios_BIOS_getThreadType__E
                0x0000000080004788       0x10 /home/felipe/ti/pdk_am335x_1_0_9/packages/ti/drv/gpio/test/led_blink/am335x/armv7/bios/src/sysbios/sysbios.aa8fg(_BIOS.o)
                0x0000000080004788                ti_sysbios_BIOS_getThreadType__E
 .text.ti_sysbios_BIOS_setThreadType__E
                0x0000000080004798       0x18 /home/felipe/ti/pdk_am335x_1_0_9/packages/ti/drv/gpio/test/led_blink/am335x/armv7/bios/src/sysbios/sysbios.aa8fg(_BIOS.o)
                0x0000000080004798                ti_sysbios_BIOS_setThreadType__E
 .text.ti_sysbios_BIOS_getCpuFreq__E
                0x00000000800047b0       0x1c /home/felipe/ti/pdk_am335x_1_0_9/packages/ti/drv/gpio/test/led_blink/am335x/armv7/bios/src/sysbios/sysbios.aa8fg(_BIOS.o)
                0x00000000800047b0                ti_sysbios_BIOS_getCpuFreq__E
 .text.ti_sysbios_BIOS_start__E
                0x00000000800047cc       0x10 /home/felipe/ti/pdk_am335x_1_0_9/packages/ti/drv/gpio/test/led_blink/am335x/armv7/bios/src/sysbios/sysbios.aa8fg(_BIOS.o)
                0x00000000800047cc                ti_sysbios_BIOS_start__E
 .text.ti_sysbios_BIOS_exit__E
                0x00000000800047dc       0x10 /home/felipe/ti/pdk_am335x_1_0_9/packages/ti/drv/gpio/test/led_blink/am335x/armv7/bios/src/sysbios/sysbios.aa8fg(_BIOS.o)
                0x00000000800047dc                ti_sysbios_BIOS_exit__E
 .text.ti_sysbios_family_arm_IntrinsicsSupport_maxbit__E
                0x00000000800047ec        0x4 /home/felipe/ti/pdk_am335x_1_0_9/packages/ti/drv/gpio/test/led_blink/am335x/armv7/bios/src/sysbios/sysbios.aa8fg(arm_IntrinsicsSupport.o)
                0x00000000800047ec                ti_sysbios_family_arm_IntrinsicsSupport_maxbit__E
 .text.ti_sysbios_family_arm_TaskSupport_start__E
                0x00000000800047f0       0x3c /home/felipe/ti/pdk_am335x_1_0_9/packages/ti/drv/gpio/test/led_blink/am335x/armv7/bios/src/sysbios/sysbios.aa8fg(arm_TaskSupport.o)
                0x00000000800047f0                ti_sysbios_family_arm_TaskSupport_start__E
 .text.ti_sysbios_knl_Clock_Module_startup__E
                0x000000008000482c       0x34 /home/felipe/ti/pdk_am335x_1_0_9/packages/ti/drv/gpio/test/led_blink/am335x/armv7/bios/src/sysbios/sysbios.aa8fg(knl_Clock.o)
                0x000000008000482c                ti_sysbios_knl_Clock_Module_startup__E
 .text.ti_sysbios_knl_Clock_workFunc__E
                0x0000000080004860       0xd0 /home/felipe/ti/pdk_am335x_1_0_9/packages/ti/drv/gpio/test/led_blink/am335x/armv7/bios/src/sysbios/sysbios.aa8fg(knl_Clock.o)
                0x0000000080004860                ti_sysbios_knl_Clock_workFunc__E
 .text.ti_sysbios_knl_Clock_addI__E
                0x0000000080004930       0x44 /home/felipe/ti/pdk_am335x_1_0_9/packages/ti/drv/gpio/test/led_blink/am335x/armv7/bios/src/sysbios/sysbios.aa8fg(knl_Clock.o)
                0x0000000080004930                ti_sysbios_knl_Clock_addI__E
 .text.ti_sysbios_knl_Clock_removeI__E
                0x0000000080004974        0x4 /home/felipe/ti/pdk_am335x_1_0_9/packages/ti/drv/gpio/test/led_blink/am335x/armv7/bios/src/sysbios/sysbios.aa8fg(knl_Clock.o)
                0x0000000080004974                ti_sysbios_knl_Clock_removeI__E
 .text.ti_sysbios_knl_Clock_startI__E
                0x0000000080004978       0x24 /home/felipe/ti/pdk_am335x_1_0_9/packages/ti/drv/gpio/test/led_blink/am335x/armv7/bios/src/sysbios/sysbios.aa8fg(knl_Clock.o)
                0x0000000080004978                ti_sysbios_knl_Clock_startI__E
 .text.ti_sysbios_knl_Clock_stop__E
                0x000000008000499c        0xc /home/felipe/ti/pdk_am335x_1_0_9/packages/ti/drv/gpio/test/led_blink/am335x/armv7/bios/src/sysbios/sysbios.aa8fg(knl_Clock.o)
                0x000000008000499c                ti_sysbios_knl_Clock_stop__E
 .text.ti_sysbios_knl_Clock_logTick__E
                0x00000000800049a8        0x4 /home/felipe/ti/pdk_am335x_1_0_9/packages/ti/drv/gpio/test/led_blink/am335x/armv7/bios/src/sysbios/sysbios.aa8fg(knl_Clock.o)
                0x00000000800049a8                ti_sysbios_knl_Clock_logTick__E
 .text.ti_sysbios_knl_Queue_Instance_init__E
                0x00000000800049ac        0xc /home/felipe/ti/pdk_am335x_1_0_9/packages/ti/drv/gpio/test/led_blink/am335x/armv7/bios/src/sysbios/sysbios.aa8fg(knl_Queue.o)
                0x00000000800049ac                ti_sysbios_knl_Queue_Instance_init__E
 .text.ti_sysbios_knl_Queue_dequeue__E
                0x00000000800049b8       0x18 /home/felipe/ti/pdk_am335x_1_0_9/packages/ti/drv/gpio/test/led_blink/am335x/armv7/bios/src/sysbios/sysbios.aa8fg(knl_Queue.o)
                0x00000000800049b8                ti_sysbios_knl_Queue_dequeue__E
 .text.ti_sysbios_knl_Queue_empty__E
                0x00000000800049d0       0x14 /home/felipe/ti/pdk_am335x_1_0_9/packages/ti/drv/gpio/test/led_blink/am335x/armv7/bios/src/sysbios/sysbios.aa8fg(knl_Queue.o)
                0x00000000800049d0                ti_sysbios_knl_Queue_empty__E
 .text.ti_sysbios_knl_Queue_enqueue__E
                0x00000000800049e4       0x18 /home/felipe/ti/pdk_am335x_1_0_9/packages/ti/drv/gpio/test/led_blink/am335x/armv7/bios/src/sysbios/sysbios.aa8fg(knl_Queue.o)
                0x00000000800049e4                ti_sysbios_knl_Queue_enqueue__E
 .text.ti_sysbios_knl_Queue_head__E
                0x00000000800049fc        0x8 /home/felipe/ti/pdk_am335x_1_0_9/packages/ti/drv/gpio/test/led_blink/am335x/armv7/bios/src/sysbios/sysbios.aa8fg(knl_Queue.o)
                0x00000000800049fc                ti_sysbios_knl_Queue_head__E
 .text.ti_sysbios_knl_Queue_elemClear__E
                0x0000000080004a04        0xc /home/felipe/ti/pdk_am335x_1_0_9/packages/ti/drv/gpio/test/led_blink/am335x/armv7/bios/src/sysbios/sysbios.aa8fg(knl_Queue.o)
                0x0000000080004a04                ti_sysbios_knl_Queue_elemClear__E
 .text.ti_sysbios_knl_Queue_insert__E
                0x0000000080004a10       0x18 /home/felipe/ti/pdk_am335x_1_0_9/packages/ti/drv/gpio/test/led_blink/am335x/armv7/bios/src/sysbios/sysbios.aa8fg(knl_Queue.o)
                0x0000000080004a10                ti_sysbios_knl_Queue_insert__E
 .text.ti_sysbios_knl_Queue_next__E
                0x0000000080004a28        0x8 /home/felipe/ti/pdk_am335x_1_0_9/packages/ti/drv/gpio/test/led_blink/am335x/armv7/bios/src/sysbios/sysbios.aa8fg(knl_Queue.o)
                0x0000000080004a28                ti_sysbios_knl_Queue_next__E
 .text.ti_sysbios_knl_Queue_put__E
                0x0000000080004a30       0x30 /home/felipe/ti/pdk_am335x_1_0_9/packages/ti/drv/gpio/test/led_blink/am335x/armv7/bios/src/sysbios/sysbios.aa8fg(knl_Queue.o)
                0x0000000080004a30                ti_sysbios_knl_Queue_put__E
 .text.ti_sysbios_knl_Queue_remove__E
                0x0000000080004a60       0x1c /home/felipe/ti/pdk_am335x_1_0_9/packages/ti/drv/gpio/test/led_blink/am335x/armv7/bios/src/sysbios/sysbios.aa8fg(knl_Queue.o)
                0x0000000080004a60                ti_sysbios_knl_Queue_remove__E
 .text.ti_sysbios_knl_Semaphore_pendTimeout__I
                0x0000000080004a7c       0x50 /home/felipe/ti/pdk_am335x_1_0_9/packages/ti/drv/gpio/test/led_blink/am335x/armv7/bios/src/sysbios/sysbios.aa8fg(knl_Semaphore.o)
                0x0000000080004a7c                ti_sysbios_knl_Semaphore_pendTimeout(int0_t)
 .text.ti_sysbios_knl_Semaphore_Instance_init__E
                0x0000000080004acc       0x40 /home/felipe/ti/pdk_am335x_1_0_9/packages/ti/drv/gpio/test/led_blink/am335x/armv7/bios/src/sysbios/sysbios.aa8fg(knl_Semaphore.o)
                0x0000000080004acc                ti_sysbios_knl_Semaphore_Instance_init__E
 .text.ti_sysbios_knl_Semaphore_Instance_finalize__E
                0x0000000080004b0c       0x14 /home/felipe/ti/pdk_am335x_1_0_9/packages/ti/drv/gpio/test/led_blink/am335x/armv7/bios/src/sysbios/sysbios.aa8fg(knl_Semaphore.o)
                0x0000000080004b0c                ti_sysbios_knl_Semaphore_Instance_finalize__E
 .text.ti_sysbios_knl_Semaphore_pend__E
                0x0000000080004b20      0x1cc /home/felipe/ti/pdk_am335x_1_0_9/packages/ti/drv/gpio/test/led_blink/am335x/armv7/bios/src/sysbios/sysbios.aa8fg(knl_Semaphore.o)
                0x0000000080004b20                ti_sysbios_knl_Semaphore_pend__E
 .text.ti_sysbios_knl_Semaphore_post__E
                0x0000000080004cec       0xa4 /home/felipe/ti/pdk_am335x_1_0_9/packages/ti/drv/gpio/test/led_blink/am335x/armv7/bios/src/sysbios/sysbios.aa8fg(knl_Semaphore.o)
                0x0000000080004cec                ti_sysbios_knl_Semaphore_post__E
 .text.ti_sysbios_knl_Swi_Module_startup__E
                0x0000000080004d90        0x8 /home/felipe/ti/pdk_am335x_1_0_9/packages/ti/drv/gpio/test/led_blink/am335x/armv7/bios/src/sysbios/sysbios.aa8fg(knl_Swi.o)
                0x0000000080004d90                ti_sysbios_knl_Swi_Module_startup__E
 .text.ti_sysbios_knl_Swi_disable__E
                0x0000000080004d98       0x28 /home/felipe/ti/pdk_am335x_1_0_9/packages/ti/drv/gpio/test/led_blink/am335x/armv7/bios/src/sysbios/sysbios.aa8fg(knl_Swi.o)
                0x0000000080004d98                ti_sysbios_knl_Swi_disable__E
 .text.ti_sysbios_knl_Swi_restoreHwi__E
                0x0000000080004dc0      0x120 /home/felipe/ti/pdk_am335x_1_0_9/packages/ti/drv/gpio/test/led_blink/am335x/armv7/bios/src/sysbios/sysbios.aa8fg(knl_Swi.o)
                0x0000000080004dc0                ti_sysbios_knl_Swi_restoreHwi__E
 .text.ti_sysbios_knl_Task_sleepTimeout__I
                0x0000000080004ee0       0xa0 /home/felipe/ti/pdk_am335x_1_0_9/packages/ti/drv/gpio/test/led_blink/am335x/armv7/bios/src/sysbios/sysbios.aa8fg(knl_Task.o)
                0x0000000080004ee0                ti_sysbios_knl_Task_sleepTimeout(int0_t)
 .text.ti_sysbios_knl_Task_schedule__I
                0x0000000080004f80      0x13c /home/felipe/ti/pdk_am335x_1_0_9/packages/ti/drv/gpio/test/led_blink/am335x/armv7/bios/src/sysbios/sysbios.aa8fg(knl_Task.o)
                0x0000000080004f80                ti_sysbios_knl_Task_schedule(int0_t)
 .text.ti_sysbios_knl_Task_enter__I
                0x00000000800050bc       0x38 /home/felipe/ti/pdk_am335x_1_0_9/packages/ti/drv/gpio/test/led_blink/am335x/armv7/bios/src/sysbios/sysbios.aa8fg(knl_Task.o)
                0x00000000800050bc                ti_sysbios_knl_Task_enter(int0_t)
 .text.ti_sysbios_knl_Task_exit__E
                0x00000000800050f4      0x160 /home/felipe/ti/pdk_am335x_1_0_9/packages/ti/drv/gpio/test/led_blink/am335x/armv7/bios/src/sysbios/sysbios.aa8fg(knl_Task.o)
                0x00000000800050f4                ti_sysbios_knl_Task_exit__E
 .text.ti_sysbios_knl_Task_postInit__I.constprop.3
                0x0000000080005254      0x224 /home/felipe/ti/pdk_am335x_1_0_9/packages/ti/drv/gpio/test/led_blink/am335x/armv7/bios/src/sysbios/sysbios.aa8fg(knl_Task.o)
 .text.ti_sysbios_knl_Task_Module_startup__E
                0x0000000080005478       0xc8 /home/felipe/ti/pdk_am335x_1_0_9/packages/ti/drv/gpio/test/led_blink/am335x/armv7/bios/src/sysbios/sysbios.aa8fg(knl_Task.o)
                0x0000000080005478                ti_sysbios_knl_Task_Module_startup__E
 .text.ti_sysbios_knl_Task_startCore__E
                0x0000000080005540      0x124 /home/felipe/ti/pdk_am335x_1_0_9/packages/ti/drv/gpio/test/led_blink/am335x/armv7/bios/src/sysbios/sysbios.aa8fg(knl_Task.o)
                0x0000000080005540                ti_sysbios_knl_Task_startCore__E
 .text.ti_sysbios_knl_Task_startup__E
                0x0000000080005664        0x8 /home/felipe/ti/pdk_am335x_1_0_9/packages/ti/drv/gpio/test/led_blink/am335x/armv7/bios/src/sysbios/sysbios.aa8fg(knl_Task.o)
                0x0000000080005664                ti_sysbios_knl_Task_startup__E
 .text.ti_sysbios_knl_Task_disable__E
                0x000000008000566c       0x28 /home/felipe/ti/pdk_am335x_1_0_9/packages/ti/drv/gpio/test/led_blink/am335x/armv7/bios/src/sysbios/sysbios.aa8fg(knl_Task.o)
                0x000000008000566c                ti_sysbios_knl_Task_disable__E
 .text.ti_sysbios_knl_Task_restore__E
                0x0000000080005694       0x48 /home/felipe/ti/pdk_am335x_1_0_9/packages/ti/drv/gpio/test/led_blink/am335x/armv7/bios/src/sysbios/sysbios.aa8fg(knl_Task.o)
                0x0000000080005694                ti_sysbios_knl_Task_restore__E
 .text.ti_sysbios_knl_Task_restoreHwi__E
                0x00000000800056dc       0x40 /home/felipe/ti/pdk_am335x_1_0_9/packages/ti/drv/gpio/test/led_blink/am335x/armv7/bios/src/sysbios/sysbios.aa8fg(knl_Task.o)
                0x00000000800056dc                ti_sysbios_knl_Task_restoreHwi__E
 .text.ti_sysbios_knl_Task_self__E
                0x000000008000571c       0x10 /home/felipe/ti/pdk_am335x_1_0_9/packages/ti/drv/gpio/test/led_blink/am335x/armv7/bios/src/sysbios/sysbios.aa8fg(knl_Task.o)
                0x000000008000571c                ti_sysbios_knl_Task_self__E
 .text.ti_sysbios_knl_Task_sleep__E
                0x000000008000572c      0x14c /home/felipe/ti/pdk_am335x_1_0_9/packages/ti/drv/gpio/test/led_blink/am335x/armv7/bios/src/sysbios/sysbios.aa8fg(knl_Task.o)
                0x000000008000572c                ti_sysbios_knl_Task_sleep__E
 .text.ti_sysbios_knl_Task_getHookContext__E
                0x0000000080005878        0xc /home/felipe/ti/pdk_am335x_1_0_9/packages/ti/drv/gpio/test/led_blink/am335x/armv7/bios/src/sysbios/sysbios.aa8fg(knl_Task.o)
                0x0000000080005878                ti_sysbios_knl_Task_getHookContext__E
 .text.ti_sysbios_knl_Task_setHookContext__E
                0x0000000080005884        0xc /home/felipe/ti/pdk_am335x_1_0_9/packages/ti/drv/gpio/test/led_blink/am335x/armv7/bios/src/sysbios/sysbios.aa8fg(knl_Task.o)
                0x0000000080005884                ti_sysbios_knl_Task_setHookContext__E
 .text.ti_sysbios_knl_Task_getPri__E
                0x0000000080005890        0x8 /home/felipe/ti/pdk_am335x_1_0_9/packages/ti/drv/gpio/test/led_blink/am335x/armv7/bios/src/sysbios/sysbios.aa8fg(knl_Task.o)
                0x0000000080005890                ti_sysbios_knl_Task_getPri__E
 .text.ti_sysbios_knl_Task_blockI__E
                0x0000000080005898       0x6c /home/felipe/ti/pdk_am335x_1_0_9/packages/ti/drv/gpio/test/led_blink/am335x/armv7/bios/src/sysbios/sysbios.aa8fg(knl_Task.o)
                0x0000000080005898                ti_sysbios_knl_Task_blockI__E
 .text.ti_sysbios_knl_Task_unblockI__E
                0x0000000080005904       0x90 /home/felipe/ti/pdk_am335x_1_0_9/packages/ti/drv/gpio/test/led_blink/am335x/armv7/bios/src/sysbios/sysbios.aa8fg(knl_Task.o)
                0x0000000080005904                ti_sysbios_knl_Task_unblockI__E
 .text.ti_sysbios_hal_Hwi_Module_startup__E
                0x0000000080005994       0x18 /home/felipe/ti/pdk_am335x_1_0_9/packages/ti/drv/gpio/test/led_blink/am335x/armv7/bios/src/sysbios/sysbios.aa8fg(hal_Hwi.o)
                0x0000000080005994                ti_sysbios_hal_Hwi_Module_startup__E
 .text.ti_sysbios_hal_Hwi_disableInterrupt__E
                0x00000000800059ac        0x4 /home/felipe/ti/pdk_am335x_1_0_9/packages/ti/drv/gpio/test/led_blink/am335x/armv7/bios/src/sysbios/sysbios.aa8fg(hal_Hwi.o)
                0x00000000800059ac                ti_sysbios_hal_Hwi_disableInterrupt__E
 .text.ti_sysbios_hal_Hwi_enableInterrupt__E
                0x00000000800059b0        0x4 /home/felipe/ti/pdk_am335x_1_0_9/packages/ti/drv/gpio/test/led_blink/am335x/armv7/bios/src/sysbios/sysbios.aa8fg(hal_Hwi.o)
                0x00000000800059b0                ti_sysbios_hal_Hwi_enableInterrupt__E
 .text.ti_sysbios_hal_Hwi_clearInterrupt__E
                0x00000000800059b4        0x4 /home/felipe/ti/pdk_am335x_1_0_9/packages/ti/drv/gpio/test/led_blink/am335x/armv7/bios/src/sysbios/sysbios.aa8fg(hal_Hwi.o)
                0x00000000800059b4                ti_sysbios_hal_Hwi_clearInterrupt__E
 .text.ti_sysbios_hal_Hwi_getStackInfo__E
                0x00000000800059b8        0x4 /home/felipe/ti/pdk_am335x_1_0_9/packages/ti/drv/gpio/test/led_blink/am335x/armv7/bios/src/sysbios/sysbios.aa8fg(hal_Hwi.o)
                0x00000000800059b8                ti_sysbios_hal_Hwi_getStackInfo__E
 .text.ti_sysbios_hal_Hwi_switchFromBootStack__E
                0x00000000800059bc        0x4 /home/felipe/ti/pdk_am335x_1_0_9/packages/ti/drv/gpio/test/led_blink/am335x/armv7/bios/src/sysbios/sysbios.aa8fg(hal_Hwi.o)
                0x00000000800059bc                ti_sysbios_hal_Hwi_switchFromBootStack__E
 .text.ti_sysbios_hal_Hwi_initStack
                0x00000000800059c0       0x3c /home/felipe/ti/pdk_am335x_1_0_9/packages/ti/drv/gpio/test/led_blink/am335x/armv7/bios/src/sysbios/sysbios.aa8fg(hal_Hwi_stack.o)
                0x00000000800059c0                ti_sysbios_hal_Hwi_initStack
 .text.ti_sysbios_hal_Hwi_checkStack
                0x00000000800059fc       0x5c /home/felipe/ti/pdk_am335x_1_0_9/packages/ti/drv/gpio/test/led_blink/am335x/armv7/bios/src/sysbios/sysbios.aa8fg(hal_Hwi_stack.o)
                0x00000000800059fc                ti_sysbios_hal_Hwi_checkStack
 .text.ti_sysbios_hal_Hwi_startup__E
                0x0000000080005a58        0x4 /home/felipe/ti/pdk_am335x_1_0_9/packages/ti/drv/gpio/test/led_blink/am335x/armv7/bios/src/sysbios/sysbios.aa8fg(hal_Hwi_startup.o)
                0x0000000080005a58                ti_sysbios_hal_Hwi_startup__E
 .text.ti_sysbios_hal_Timer_Module_startup__E
                0x0000000080005a5c       0x18 /home/felipe/ti/pdk_am335x_1_0_9/packages/ti/drv/gpio/test/led_blink/am335x/armv7/bios/src/sysbios/sysbios.aa8fg(hal_Timer.o)
                0x0000000080005a5c                ti_sysbios_hal_Timer_Module_startup__E
 .text.ti_sysbios_heaps_HeapMem_init__I
                0x0000000080005a74       0x68 /home/felipe/ti/pdk_am335x_1_0_9/packages/ti/drv/gpio/test/led_blink/am335x/armv7/bios/src/sysbios/sysbios.aa8fg(heaps_HeapMem.o)
                0x0000000080005a74                ti_sysbios_heaps_HeapMem_init(int0_t)
 .text.ti_sysbios_heaps_HeapMem_Instance_init__E
                0x0000000080005adc       0x74 /home/felipe/ti/pdk_am335x_1_0_9/packages/ti/drv/gpio/test/led_blink/am335x/armv7/bios/src/sysbios/sysbios.aa8fg(heaps_HeapMem.o)
                0x0000000080005adc                ti_sysbios_heaps_HeapMem_Instance_init__E
 .text.ti_sysbios_heaps_HeapMem_alloc__E
                0x0000000080005b50      0x164 /home/felipe/ti/pdk_am335x_1_0_9/packages/ti/drv/gpio/test/led_blink/am335x/armv7/bios/src/sysbios/sysbios.aa8fg(heaps_HeapMem.o)
                0x0000000080005b50                ti_sysbios_heaps_HeapMem_alloc__E
 .text.ti_sysbios_heaps_HeapMem_free__E
                0x0000000080005cb4       0xec /home/felipe/ti/pdk_am335x_1_0_9/packages/ti/drv/gpio/test/led_blink/am335x/armv7/bios/src/sysbios/sysbios.aa8fg(heaps_HeapMem.o)
                0x0000000080005cb4                ti_sysbios_heaps_HeapMem_free__E
 .text.ti_sysbios_heaps_HeapMem_isBlocking__E
                0x0000000080005da0        0x8 /home/felipe/ti/pdk_am335x_1_0_9/packages/ti/drv/gpio/test/led_blink/am335x/armv7/bios/src/sysbios/sysbios.aa8fg(heaps_HeapMem.o)
                0x0000000080005da0                ti_sysbios_heaps_HeapMem_isBlocking__E
 .text.ti_sysbios_heaps_HeapMem_getStats__E
                0x0000000080005da8       0x74 /home/felipe/ti/pdk_am335x_1_0_9/packages/ti/drv/gpio/test/led_blink/am335x/armv7/bios/src/sysbios/sysbios.aa8fg(heaps_HeapMem.o)
                0x0000000080005da8                ti_sysbios_heaps_HeapMem_getStats__E
 .text.ti_sysbios_rts_gnu_ReentSupport_Module_startup__E
                0x0000000080005e1c       0x40 /home/felipe/ti/pdk_am335x_1_0_9/packages/ti/drv/gpio/test/led_blink/am335x/armv7/bios/src/sysbios/sysbios.aa8fg(gnu_ReentSupport.o)
                0x0000000080005e1c                ti_sysbios_rts_gnu_ReentSupport_Module_startup__E
 .text.ti_sysbios_rts_gnu_ReentSupport_taskRegHook__I
                0x0000000080005e5c       0x10 /home/felipe/ti/pdk_am335x_1_0_9/packages/ti/drv/gpio/test/led_blink/am335x/armv7/bios/src/sysbios/sysbios.aa8fg(gnu_ReentSupport.o)
                0x0000000080005e5c                ti_sysbios_rts_gnu_ReentSupport_taskRegHook(int0_t)
 .text.ti_sysbios_rts_gnu_ReentSupport_taskDeleteHook__I
                0x0000000080005e6c       0x3c /home/felipe/ti/pdk_am335x_1_0_9/packages/ti/drv/gpio/test/led_blink/am335x/armv7/bios/src/sysbios/sysbios.aa8fg(gnu_ReentSupport.o)
                0x0000000080005e6c                ti_sysbios_rts_gnu_ReentSupport_taskDeleteHook(int0_t)
 .text.ti_sysbios_rts_gnu_ReentSupport_getReent__I
                0x0000000080005ea8       0xb0 /home/felipe/ti/pdk_am335x_1_0_9/packages/ti/drv/gpio/test/led_blink/am335x/armv7/bios/src/sysbios/sysbios.aa8fg(gnu_ReentSupport.o)
                0x0000000080005ea8                ti_sysbios_rts_gnu_ReentSupport_getReent(int0_t)
 .text.ti_sysbios_rts_gnu_SemiHostSupport_startup__I
                0x0000000080005f58        0x4 /home/felipe/ti/pdk_am335x_1_0_9/packages/ti/drv/gpio/test/led_blink/am335x/armv7/bios/src/sysbios/sysbios.aa8fg(gnu_SemiHostSupport.o)
                0x0000000080005f58                ti_sysbios_rts_gnu_SemiHostSupport_startup(int0_t)
 .text.ti_sysbios_family_arm_a8_Cache_startup__I
                0x0000000080005f5c      0x174 /home/felipe/ti/pdk_am335x_1_0_9/packages/ti/drv/gpio/test/led_blink/am335x/armv7/bios/src/sysbios/sysbios.aa8fg(a8_Cache.o)
                0x0000000080005f5c                ti_sysbios_family_arm_a8_Cache_startup(int0_t)
 .text.ti_sysbios_family_arm_a8_Cache_disable__E
                0x00000000800060d0       0xa0 /home/felipe/ti/pdk_am335x_1_0_9/packages/ti/drv/gpio/test/led_blink/am335x/armv7/bios/src/sysbios/sysbios.aa8fg(a8_Cache.o)
                0x00000000800060d0                ti_sysbios_family_arm_a8_Cache_disable__E
 .text.ti_sysbios_family_arm_a8_Cache_enable__E
                0x0000000080006170       0x48 /home/felipe/ti/pdk_am335x_1_0_9/packages/ti/drv/gpio/test/led_blink/am335x/armv7/bios/src/sysbios/sysbios.aa8fg(a8_Cache.o)
                0x0000000080006170                ti_sysbios_family_arm_a8_Cache_enable__E
 .text.ti_sysbios_family_arm_a8_Mmu_Module_startup__E
                0x00000000800061b8       0xd8 /home/felipe/ti/pdk_am335x_1_0_9/packages/ti/drv/gpio/test/led_blink/am335x/armv7/bios/src/sysbios/sysbios.aa8fg(a8_Mmu.o)
                0x00000000800061b8                ti_sysbios_family_arm_a8_Mmu_Module_startup__E
 .text.ti_sysbios_family_arm_a8_Mmu_disable__E
                0x0000000080006290       0x3c /home/felipe/ti/pdk_am335x_1_0_9/packages/ti/drv/gpio/test/led_blink/am335x/armv7/bios/src/sysbios/sysbios.aa8fg(a8_Mmu.o)
                0x0000000080006290                ti_sysbios_family_arm_a8_Mmu_disable__E
 .text.ti_sysbios_family_arm_a8_TimestampProvider_Module_startup__E
                0x00000000800062cc       0x10 /home/felipe/ti/pdk_am335x_1_0_9/packages/ti/drv/gpio/test/led_blink/am335x/armv7/bios/src/sysbios/sysbios.aa8fg(a8_TimestampProvider.o)
                0x00000000800062cc                ti_sysbios_family_arm_a8_TimestampProvider_Module_startup__E
 .text.ti_sysbios_family_arm_a8_TimestampProvider_getFreq__E
                0x00000000800062dc        0x4 /home/felipe/ti/pdk_am335x_1_0_9/packages/ti/drv/gpio/test/led_blink/am335x/armv7/bios/src/sysbios/sysbios.aa8fg(a8_TimestampProvider.o)
                0x00000000800062dc                ti_sysbios_family_arm_a8_TimestampProvider_getFreq__E
 .text.ti_sysbios_family_arm_a8_TimestampProvider_autoRefreshFxn__I
                0x00000000800062e0       0x40 /home/felipe/ti/pdk_am335x_1_0_9/packages/ti/drv/gpio/test/led_blink/am335x/armv7/bios/src/sysbios/sysbios.aa8fg(a8_TimestampProvider.o)
                0x00000000800062e0                ti_sysbios_family_arm_a8_TimestampProvider_autoRefreshFxn(int0_t)
 .text.ti_sysbios_family_arm_a8_intcps_Hwi_Module_startup__E
                0x0000000080006320      0x198 /home/felipe/ti/pdk_am335x_1_0_9/packages/ti/drv/gpio/test/led_blink/am335x/armv7/bios/src/sysbios/sysbios.aa8fg(intcps_Hwi.o)
                0x0000000080006320                ti_sysbios_family_arm_a8_intcps_Hwi_Module_startup__E
 .text.ti_sysbios_family_arm_a8_intcps_Hwi_startup__E
                0x00000000800064b8       0x1c /home/felipe/ti/pdk_am335x_1_0_9/packages/ti/drv/gpio/test/led_blink/am335x/armv7/bios/src/sysbios/sysbios.aa8fg(intcps_Hwi.o)
                0x00000000800064b8                ti_sysbios_family_arm_a8_intcps_Hwi_startup__E
 .text.ti_sysbios_family_xxx_Hwi_switchToIsrStack
                0x00000000800064d4       0x20 /home/felipe/ti/pdk_am335x_1_0_9/packages/ti/drv/gpio/test/led_blink/am335x/armv7/bios/src/sysbios/sysbios.aa8fg(intcps_Hwi.o)
                0x00000000800064d4                ti_sysbios_family_xxx_Hwi_switchToIsrStack
 .text.ti_sysbios_family_xxx_Hwi_switchToTaskStack
                0x00000000800064f4       0x1c /home/felipe/ti/pdk_am335x_1_0_9/packages/ti/drv/gpio/test/led_blink/am335x/armv7/bios/src/sysbios/sysbios.aa8fg(intcps_Hwi.o)
                0x00000000800064f4                ti_sysbios_family_xxx_Hwi_switchToTaskStack
 .text.ti_sysbios_family_arm_a8_intcps_Hwi_disableInterrupt__E
                0x0000000080006510      0x15c /home/felipe/ti/pdk_am335x_1_0_9/packages/ti/drv/gpio/test/led_blink/am335x/armv7/bios/src/sysbios/sysbios.aa8fg(intcps_Hwi.o)
                0x0000000080006510                ti_sysbios_family_arm_a8_intcps_Hwi_disableInterrupt__E
 .text.ti_sysbios_family_arm_a8_intcps_Hwi_Instance_finalize__E
                0x000000008000666c       0x9c /home/felipe/ti/pdk_am335x_1_0_9/packages/ti/drv/gpio/test/led_blink/am335x/armv7/bios/src/sysbios/sysbios.aa8fg(intcps_Hwi.o)
                0x000000008000666c                ti_sysbios_family_arm_a8_intcps_Hwi_Instance_finalize__E
 .text.ti_sysbios_family_arm_a8_intcps_Hwi_enableInterrupt__E
                0x0000000080006708      0x15c /home/felipe/ti/pdk_am335x_1_0_9/packages/ti/drv/gpio/test/led_blink/am335x/armv7/bios/src/sysbios/sysbios.aa8fg(intcps_Hwi.o)
                0x0000000080006708                ti_sysbios_family_arm_a8_intcps_Hwi_enableInterrupt__E
 .text.ti_sysbios_family_arm_a8_intcps_Hwi_Instance_init__E
                0x0000000080006864      0x228 /home/felipe/ti/pdk_am335x_1_0_9/packages/ti/drv/gpio/test/led_blink/am335x/armv7/bios/src/sysbios/sysbios.aa8fg(intcps_Hwi.o)
                0x0000000080006864                ti_sysbios_family_arm_a8_intcps_Hwi_Instance_init__E
 .text.ti_sysbios_family_arm_a8_intcps_Hwi_clearInterrupt__E
                0x0000000080006a8c       0x14 /home/felipe/ti/pdk_am335x_1_0_9/packages/ti/drv/gpio/test/led_blink/am335x/armv7/bios/src/sysbios/sysbios.aa8fg(intcps_Hwi.o)
                0x0000000080006a8c                ti_sysbios_family_arm_a8_intcps_Hwi_clearInterrupt__E
 .text.ti_sysbios_family_arm_a8_intcps_Hwi_switchFromBootStack__E
                0x0000000080006aa0       0x20 /home/felipe/ti/pdk_am335x_1_0_9/packages/ti/drv/gpio/test/led_blink/am335x/armv7/bios/src/sysbios/sysbios.aa8fg(intcps_Hwi.o)
                0x0000000080006aa0                ti_sysbios_family_arm_a8_intcps_Hwi_switchFromBootStack__E
 .text.ti_sysbios_family_arm_a8_intcps_Hwi_getStackInfo__E
                0x0000000080006ac0       0x74 /home/felipe/ti/pdk_am335x_1_0_9/packages/ti/drv/gpio/test/led_blink/am335x/armv7/bios/src/sysbios/sysbios.aa8fg(intcps_Hwi.o)
                0x0000000080006ac0                ti_sysbios_family_arm_a8_intcps_Hwi_getStackInfo__E
 .text.ti_sysbios_family_arm_a8_intcps_Hwi_nonPluggedHwiHandler__I
                0x0000000080006b34       0x5c /home/felipe/ti/pdk_am335x_1_0_9/packages/ti/drv/gpio/test/led_blink/am335x/armv7/bios/src/sysbios/sysbios.aa8fg(intcps_Hwi.o)
                0x0000000080006b34                ti_sysbios_family_arm_a8_intcps_Hwi_nonPluggedHwiHandler(int0_t)
 .text.ti_sysbios_family_arm_a8_intcps_Hwi_dispatchFIQC__I
                0x0000000080006b90       0x40 /home/felipe/ti/pdk_am335x_1_0_9/packages/ti/drv/gpio/test/led_blink/am335x/armv7/bios/src/sysbios/sysbios.aa8fg(intcps_Hwi.o)
                0x0000000080006b90                ti_sysbios_family_arm_a8_intcps_Hwi_dispatchFIQC(int0_t)
 .text.ti_sysbios_family_arm_a8_intcps_Hwi_dispatchIRQC__I
                0x0000000080006bd0       0xd8 /home/felipe/ti/pdk_am335x_1_0_9/packages/ti/drv/gpio/test/led_blink/am335x/armv7/bios/src/sysbios/sysbios.aa8fg(intcps_Hwi.o)
                0x0000000080006bd0                ti_sysbios_family_arm_a8_intcps_Hwi_dispatchIRQC(int0_t)
 .text.ti_sysbios_family_arm_exc_Exception_Module_startup__E
                0x0000000080006ca8       0x10 /home/felipe/ti/pdk_am335x_1_0_9/packages/ti/drv/gpio/test/led_blink/am335x/armv7/bios/src/sysbios/sysbios.aa8fg(exc_Exception.o)
                0x0000000080006ca8                ti_sysbios_family_arm_exc_Exception_Module_startup__E
 .text.ti_sysbios_family_arm_exc_Exception_excDumpContext__I
                0x0000000080006cb8      0x188 /home/felipe/ti/pdk_am335x_1_0_9/packages/ti/drv/gpio/test/led_blink/am335x/armv7/bios/src/sysbios/sysbios.aa8fg(exc_Exception.o)
                0x0000000080006cb8                ti_sysbios_family_arm_exc_Exception_excDumpContext(int0_t)
 .text.ti_sysbios_family_arm_exc_Exception_excHandler__I
                0x0000000080006e40      0x61c /home/felipe/ti/pdk_am335x_1_0_9/packages/ti/drv/gpio/test/led_blink/am335x/armv7/bios/src/sysbios/sysbios.aa8fg(exc_Exception.o)
                0x0000000080006e40                ti_sysbios_family_arm_exc_Exception_excHandler(int0_t)
 .text.ti_sysbios_gates_GateHwi_Instance_init__E
                0x000000008000745c        0x4 /home/felipe/ti/pdk_am335x_1_0_9/packages/ti/drv/gpio/test/led_blink/am335x/armv7/bios/src/sysbios/sysbios.aa8fg(gates_GateHwi.o)
                0x000000008000745c                ti_sysbios_gates_GateHwi_Instance_init__E
 .text.ti_sysbios_gates_GateHwi_enter__E
                0x0000000080007460        0x4 /home/felipe/ti/pdk_am335x_1_0_9/packages/ti/drv/gpio/test/led_blink/am335x/armv7/bios/src/sysbios/sysbios.aa8fg(gates_GateHwi.o)
                0x0000000080007460                ti_sysbios_gates_GateHwi_enter__E
 .text.ti_sysbios_gates_GateHwi_leave__E
                0x0000000080007464        0x8 /home/felipe/ti/pdk_am335x_1_0_9/packages/ti/drv/gpio/test/led_blink/am335x/armv7/bios/src/sysbios/sysbios.aa8fg(gates_GateHwi.o)
                0x0000000080007464                ti_sysbios_gates_GateHwi_leave__E
 .text.ti_sysbios_gates_GateHwi_query__E
                0x000000008000746c        0x8 /home/felipe/ti/pdk_am335x_1_0_9/packages/ti/drv/gpio/test/led_blink/am335x/armv7/bios/src/sysbios/sysbios.aa8fg(gates_GateHwi.o)
                0x000000008000746c                ti_sysbios_gates_GateHwi_query__E
 .text.ti_sysbios_gates_GateMutex_Instance_init__E
                0x0000000080007474       0x30 /home/felipe/ti/pdk_am335x_1_0_9/packages/ti/drv/gpio/test/led_blink/am335x/armv7/bios/src/sysbios/sysbios.aa8fg(gates_GateMutex.o)
                0x0000000080007474                ti_sysbios_gates_GateMutex_Instance_init__E
 .text.ti_sysbios_gates_GateMutex_Instance_finalize__E
                0x00000000800074a4       0x14 /home/felipe/ti/pdk_am335x_1_0_9/packages/ti/drv/gpio/test/led_blink/am335x/armv7/bios/src/sysbios/sysbios.aa8fg(gates_GateMutex.o)
                0x00000000800074a4                ti_sysbios_gates_GateMutex_Instance_finalize__E
 .text.ti_sysbios_gates_GateMutex_enter__E
                0x00000000800074b8       0x48 /home/felipe/ti/pdk_am335x_1_0_9/packages/ti/drv/gpio/test/led_blink/am335x/armv7/bios/src/sysbios/sysbios.aa8fg(gates_GateMutex.o)
                0x00000000800074b8                ti_sysbios_gates_GateMutex_enter__E
 .text.ti_sysbios_gates_GateMutex_leave__E
                0x0000000080007500       0x20 /home/felipe/ti/pdk_am335x_1_0_9/packages/ti/drv/gpio/test/led_blink/am335x/armv7/bios/src/sysbios/sysbios.aa8fg(gates_GateMutex.o)
                0x0000000080007500                ti_sysbios_gates_GateMutex_leave__E
 .text.ti_sysbios_gates_GateMutex_query__E
                0x0000000080007520        0x8 /home/felipe/ti/pdk_am335x_1_0_9/packages/ti/drv/gpio/test/led_blink/am335x/armv7/bios/src/sysbios/sysbios.aa8fg(gates_GateMutex.o)
                0x0000000080007520                ti_sysbios_gates_GateMutex_query__E
 .text.ti_sysbios_timers_dmtimer_Timer_stub__E
                0x0000000080007528       0x38 /home/felipe/ti/pdk_am335x_1_0_9/packages/ti/drv/gpio/test/led_blink/am335x/armv7/bios/src/sysbios/sysbios.aa8fg(dmtimer_Timer.o)
                0x0000000080007528                ti_sysbios_timers_dmtimer_Timer_stub__E
 .text.ti_sysbios_timers_dmtimer_Timer_getMaxTicks__E
                0x0000000080007560       0x14 /home/felipe/ti/pdk_am335x_1_0_9/packages/ti/drv/gpio/test/led_blink/am335x/armv7/bios/src/sysbios/sysbios.aa8fg(dmtimer_Timer.o)
                0x0000000080007560                ti_sysbios_timers_dmtimer_Timer_getMaxTicks__E
 .text.ti_sysbios_timers_dmtimer_Timer_setPeriodMicroSecs__E
                0x0000000080007574      0x158 /home/felipe/ti/pdk_am335x_1_0_9/packages/ti/drv/gpio/test/led_blink/am335x/armv7/bios/src/sysbios/sysbios.aa8fg(dmtimer_Timer.o)
                0x0000000080007574                ti_sysbios_timers_dmtimer_Timer_setPeriodMicroSecs__E
 .text.ti_sysbios_timers_dmtimer_Timer_deviceConfig__I
                0x00000000800076cc      0x254 /home/felipe/ti/pdk_am335x_1_0_9/packages/ti/drv/gpio/test/led_blink/am335x/armv7/bios/src/sysbios/sysbios.aa8fg(dmtimer_Timer.o)
                0x00000000800076cc                ti_sysbios_timers_dmtimer_Timer_deviceConfig(int0_t)
 .text.ti_sysbios_timers_dmtimer_Timer_start__E
                0x0000000080007920      0x10c /home/felipe/ti/pdk_am335x_1_0_9/packages/ti/drv/gpio/test/led_blink/am335x/armv7/bios/src/sysbios/sysbios.aa8fg(dmtimer_Timer.o)
                0x0000000080007920                ti_sysbios_timers_dmtimer_Timer_start__E
 .text.ti_sysbios_timers_dmtimer_Timer_startup__E
                0x0000000080007a2c       0x80 /home/felipe/ti/pdk_am335x_1_0_9/packages/ti/drv/gpio/test/led_blink/am335x/armv7/bios/src/sysbios/sysbios.aa8fg(dmtimer_Timer.o)
                0x0000000080007a2c                ti_sysbios_timers_dmtimer_Timer_startup__E
 .text.ti_sysbios_timers_dmtimer_Timer_checkFreq__I
                0x0000000080007aac      0x1ac /home/felipe/ti/pdk_am335x_1_0_9/packages/ti/drv/gpio/test/led_blink/am335x/armv7/bios/src/sysbios/sysbios.aa8fg(dmtimer_Timer.o)
                0x0000000080007aac                ti_sysbios_timers_dmtimer_Timer_checkFreq(int0_t)
 .text.ti_sysbios_timers_dmtimer_Timer_Module_startup__E
                0x0000000080007c58       0xc4 /home/felipe/ti/pdk_am335x_1_0_9/packages/ti/drv/gpio/test/led_blink/am335x/armv7/bios/src/sysbios/sysbios.aa8fg(dmtimer_Timer.o)
                0x0000000080007c58                ti_sysbios_timers_dmtimer_Timer_Module_startup__E
 .text.ti_sysbios_family_arm_a8_ti81xx_TimerSupport_Module_startup__E
                0x0000000080007d1c        0x8 /home/felipe/ti/pdk_am335x_1_0_9/packages/ti/drv/gpio/test/led_blink/am335x/armv7/bios/src/sysbios/sysbios.aa8fg(ti81xx_TimerSupport.o)
                0x0000000080007d1c                ti_sysbios_family_arm_a8_ti81xx_TimerSupport_Module_startup__E
 .text.ti_sysbios_family_arm_a8_ti81xx_TimerSupport_enable__E