Archive member included to satisfy reference by file (symbol)

/home/felipe/ti/pdk_am335x_1_0_9/packages/ti/drv/gpio/test/led_blink/am335x/armv7/bios/src/sysbios/sysbios.aa8fg(arm_TaskSupport_asm_gnu.o)
                              /home/felipe/Arquivos_RTOS/GPIO_LedBlink_bbbAM335x_armTestProject/Debug/configPkg/package/cfg/am335x_app_bbbam335x_pa8fg.oa8fg (ti_sysbios_family_arm_TaskSupport_swap__E)
/home/felipe/ti/pdk_am335x_1_0_9/packages/ti/drv/gpio/test/led_blink/am335x/armv7/bios/src/sysbios/sysbios.aa8fg(a8_Cache_asm_gnu.o)
                              /home/felipe/Arquivos_RTOS/GPIO_LedBlink_bbbAM335x_armTestProject/Debug/configPkg/package/cfg/am335x_app_bbbam335x_pa8fg.oa8fg (ti_sysbios_family_arm_a8_Cache_wb__E)
/home/felipe/ti/pdk_am335x_1_0_9/packages/ti/drv/gpio/test/led_blink/am335x/armv7/bios/src/sysbios/sysbios.aa8fg(a8_TimestampProvider_asm_gnu.o)
                              /home/felipe/Arquivos_RTOS/GPIO_LedBlink_bbbAM335x_armTestProject/Debug/configPkg/package/cfg/am335x_app_bbbam335x_pa8fg.oa8fg (ti_sysbios_family_arm_a8_TimestampProvider_get32__E)
/home/felipe/ti/pdk_am335x_1_0_9/packages/ti/drv/gpio/test/led_blink/am335x/armv7/bios/src/sysbios/sysbios.aa8fg(intcps_Hwi_asm_gnu.o)
                              /home/felipe/Arquivos_RTOS/GPIO_LedBlink_bbbAM335x_armTestProject/Debug/configPkg/package/cfg/am335x_app_bbbam335x_pa8fg.oa8fg (ti_sysbios_family_arm_a8_intcps_Hwi_dispatchIRQ(int0_t))
/home/felipe/ti/pdk_am335x_1_0_9/packages/ti/drv/gpio/test/led_blink/am335x/armv7/bios/src/sysbios/sysbios.aa8fg(exc_Exception_asm_gnu.o)
                              /home/felipe/Arquivos_RTOS/GPIO_LedBlink_bbbAM335x_armTestProject/Debug/configPkg/package/cfg/am335x_app_bbbam335x_pa8fg.oa8fg (ti_sysbios_family_arm_exc_Exception_excHandlerAsm(int0_t))
/home/felipe/ti/pdk_am335x_1_0_9/packages/ti/drv/gpio/test/led_blink/am335x/armv7/bios/src/sysbios/sysbios.aa8fg(_BIOS.o)
                              /home/felipe/Arquivos_RTOS/GPIO_LedBlink_bbbAM335x_armTestProject/Debug/configPkg/package/cfg/am335x_app_bbbam335x_pa8fg.oa8fg (ti_sysbios_BIOS_linkedWithIncorrectBootLibrary__E)
/home/felipe/ti/pdk_am335x_1_0_9/packages/ti/drv/gpio/test/led_blink/am335x/armv7/bios/src/sysbios/sysbios.aa8fg(arm_IntrinsicsSupport.o)
                              /home/felipe/Arquivos_RTOS/GPIO_LedBlink_bbbAM335x_armTestProject/Debug/configPkg/package/cfg/am335x_app_bbbam335x_pa8fg.oa8fg (ti_sysbios_family_arm_IntrinsicsSupport_maxbit__E)
/home/felipe/ti/pdk_am335x_1_0_9/packages/ti/drv/gpio/test/led_blink/am335x/armv7/bios/src/sysbios/sysbios.aa8fg(arm_TaskSupport.o)
                              /home/felipe/Arquivos_RTOS/GPIO_LedBlink_bbbAM335x_armTestProject/Debug/configPkg/package/cfg/am335x_app_bbbam335x_pa8fg.oa8fg (ti_sysbios_family_arm_TaskSupport_start__E)
/home/felipe/ti/pdk_am335x_1_0_9/packages/ti/drv/gpio/test/led_blink/am335x/armv7/bios/src/sysbios/sysbios.aa8fg(knl_Clock.o)
                              /home/felipe/Arquivos_RTOS/GPIO_LedBlink_bbbAM335x_armTestProject/Debug/configPkg/package/cfg/am335x_app_bbbam335x_pa8fg.oa8fg (ti_sysbios_knl_Clock_Module_startup__E)
/home/felipe/ti/pdk_am335x_1_0_9/packages/ti/drv/gpio/test/led_blink/am335x/armv7/bios/src/sysbios/sysbios.aa8fg(knl_Queue.o)
                              /home/felipe/Arquivos_RTOS/GPIO_LedBlink_bbbAM335x_armTestProject/Debug/configPkg/package/cfg/am335x_app_bbbam335x_pa8fg.oa8fg (ti_sysbios_knl_Queue_Instance_init__E)
/home/felipe/ti/pdk_am335x_1_0_9/packages/ti/drv/gpio/test/led_blink/am335x/armv7/bios/src/sysbios/sysbios.aa8fg(knl_Semaphore.o)
                              /home/felipe/Arquivos_RTOS/GPIO_LedBlink_bbbAM335x_armTestProject/Debug/configPkg/package/cfg/am335x_app_bbbam335x_pa8fg.oa8fg (ti_sysbios_knl_Semaphore_Instance_init__E)
/home/felipe/ti/pdk_am335x_1_0_9/packages/ti/drv/gpio/test/led_blink/am335x/armv7/bios/src/sysbios/sysbios.aa8fg(knl_Swi.o)
                              /home/felipe/Arquivos_RTOS/GPIO_LedBlink_bbbAM335x_armTestProject/Debug/configPkg/package/cfg/am335x_app_bbbam335x_pa8fg.oa8fg (ti_sysbios_knl_Swi_Module_startup__E)
/home/felipe/ti/pdk_am335x_1_0_9/packages/ti/drv/gpio/test/led_blink/am335x/armv7/bios/src/sysbios/sysbios.aa8fg(knl_Task.o)
                              /home/felipe/Arquivos_RTOS/GPIO_LedBlink_bbbAM335x_armTestProject/Debug/configPkg/package/cfg/am335x_app_bbbam335x_pa8fg.oa8fg (ti_sysbios_knl_Task_Module_startup__E)
/home/felipe/ti/pdk_am335x_1_0_9/packages/ti/drv/gpio/test/led_blink/am335x/armv7/bios/src/sysbios/sysbios.aa8fg(hal_Core.o)
                              /home/felipe/ti/pdk_am335x_1_0_9/packages/ti/drv/gpio/test/led_blink/am335x/armv7/bios/src/sysbios/sysbios.aa8fg(exc_Exception_asm_gnu.o) (ti_sysbios_hal_Core_getId__E)
/home/felipe/ti/pdk_am335x_1_0_9/packages/ti/drv/gpio/test/led_blink/am335x/armv7/bios/src/sysbios/sysbios.aa8fg(hal_CoreNull.o)
[...]
Memory Configuration

Name             Origin             Length             Attributes
SRAM_LO          0x00000000402f0000 0x0000000000000400 xrw
SRAM_HI          0x00000000402f0400 0x000000000000fc00 xrw
OCMC_SRAM        0x0000000040300000 0x0000000000010000 xrw
DDR3             0x0000000080000000 0x0000000020000000
*default*        0x0000000000000000 0xffffffffffffffff

Linker script and memory map

                0x000000000001c000                STACKSIZE = 0x1c000
                0x0000000000000400                HEAPSIZE = 0x400
LOAD ./GPIO_bbbAM335x_board.o
LOAD ./GPIO_log.o
LOAD ./GPIO_soc.o
LOAD ./I2C_soc.o
LOAD ./UART_soc.o
LOAD ./main_led_blink.o
                0x0000000000004000                __TI_STACK_SIZE = 0x4000
                0x0000000000004000                __STACK_SIZE = __TI_STACK_SIZE
                0x0000000000000000                __HEAP_SIZE = 0x0
LOAD /home/felipe/Arquivos_RTOS/GPIO_LedBlink_bbbAM335x_armTestProject/Debug/configPkg/package/cfg/am335x_app_bbbam335x_pa8fg.oa8fg
LOAD /home/felipe/ti/pdk_am335x_1_0_9/packages/ti/drv/gpio/test/led_blink/am335x/armv7/bios/src/sysbios/sysbios.aa8fg
LOAD /home/felipe/ti/pdk_am335x_1_0_9/packages/ti/drv/gpio/lib/a8/release/ti.drv.gpio.profiling.aa8fg
LOAD /home/felipe/ti/pdk_am335x_1_0_9/packages/ti/utils/profiling/lib/a8/release/ti.utils.profiling.aa8fg
LOAD /home/felipe/ti/pdk_am335x_1_0_9/packages/ti/board/lib/bbbAM335x/a8/release/ti.board.aa8fg
LOAD /home/felipe/ti/pdk_am335x_1_0_9/packages/ti/drv/i2c/lib/a8/release/ti.drv.i2c.aa8fg
LOAD /home/felipe/ti/pdk_am335x_1_0_9/packages/ti/drv/uart/lib/a8/release/ti.drv.uart.aa8fg
LOAD /home/felipe/ti/pdk_am335x_1_0_9/packages/ti/csl/lib/am335x/a8/release/ti.csl.aa8fg
LOAD /home/felipe/ti/pdk_am335x_1_0_9/packages/ti/osal/lib/tirtos/a8/release/ti.osal.aa8fg
LOAD /home/felipe/ti/bios_6_52_00_12/packages/gnu/targets/arm/rtsv7A/lib/gnu.targets.arm.rtsv7A.aa8fg
LOAD /home/felipe/ti/bios_6_52_00_12/packages/gnu/targets/arm/rtsv7A/lib/boot.aa8fg
LOAD /home/felipe/ti/bios_6_52_00_12/packages/gnu/targets/arm/rtsv7A/lib/syscalls.aa8fg
                0x0000000000000001                xdc_runtime_Startup__EXECFXN__C = 0x1
                0x0000000000000001                xdc_runtime_Startup__RESETFXN__C = 0x1
                0x0000000048200000                ti_sysbios_family_arm_a8_intcps_Hwi_intc = 0x48200000

.c_int00        0x0000000080000000       0xb4
 *(.c_int00)
 .c_int00       0x0000000080000000       0xb4 /home/felipe/ti/bios_6_52_00_12/packages/gnu/targets/arm/rtsv7A/lib/boot.aa8fg(boot.oa8fg)
                0x0000000080000000                _c_int00

.text           0x00000000800000c0     0xf9f4
 CREATE_OBJECT_SYMBOLS
 *(.resetVecs)
 *(.text)
 .text          0x00000000800000c0        0x0 ./GPIO_bbbAM335x_board.o
 .text          0x00000000800000c0       0x44 ./GPIO_log.o
                0x00000000800000c0                ConsoleUtilsInit
 .text          0x0000000080000104        0x0 ./GPIO_soc.o
 .text          0x0000000080000104      0x160 ./I2C_soc.o
                0x0000000080000104                I2C_socGetInitCfg
                0x00000000800001b4                I2C_socSetInitCfg
 .text          0x0000000080000264      0x160 ./UART_soc.o
                0x0000000080000264                UART_socGetInitCfg
                0x0000000080000314                UART_socSetInitCfg
 .text          0x00000000800003c4      0x46c ./main_led_blink.o
                0x0000000080000418                gpio_test
                0x0000000080000500                led1
                0x0000000080000574                led2
                0x00000000800005e8                led3
                0x000000008000065c                led4
                0x00000000800006d0                main
                0x000000008000076c                AppDelay
                0x00000000800007d0                AppGpioCallbackFxn
 .text          0x0000000080000830        0x0 /home/felipe/Arquivos_RTOS/GPIO_LedBlink_bbbAM335x_armTestProject/Debug/configPkg/package/cfg/am335x_app_bbbam335x_pa8fg.oa8fg
 .text          0x0000000080000830        0x0 /home/felipe/ti/pdk_am335x_1_0_9/packages/ti/drv/gpio/test/led_blink/am335x/armv7/bios/src/sysbios/sysbios.aa8fg(arm_TaskSupport_asm_gnu.o)
 .text          0x0000000080000830        0x0 /home/felipe/ti/pdk_am335x_1_0_9/packages/ti/drv/gpio/test/led_blink/am335x/armv7/bios/src/sysbios/sysbios.aa8fg(a8_Cache_asm_gnu.o)
 .text          0x0000000080000830        0x0 /home/felipe/ti/pdk_am335x_1_0_9/packages/ti/drv/gpio/test/led_blink/am335x/armv7/bios/src/sysbios/sysbios.aa8fg(a8_TimestampProvider_asm_gnu.o)
 .text          0x0000000080000830        0x0 /home/felipe/ti/pdk_am335x_1_0_9/packages/ti/drv/gpio/test/led_blink/am335x/armv7/bios/src/sysbios/sysbios.aa8fg(intcps_Hwi_asm_gnu.o)
 .text          0x0000000080000830        0x0 /home/felipe/ti/pdk_am335x_1_0_9/packages/ti/drv/gpio/test/led_blink/am335x/armv7/bios/src/sysbios/sysbios.aa8fg(exc_Exception_asm_gnu.o)
 .text          0x0000000080000830        0x0 /home/felipe/ti/pdk_am335x_1_0_9/packages/ti/drv/gpio/test/led_blink/am335x/armv7/bios/src/sysbios/sysbios.aa8fg(_BIOS.o)
 .text          0x0000000080000830        0x0 /home/felipe/ti/pdk_am335x_1_0_9/packages/ti/drv/gpio/test/led_blink/am335x/armv7/bios/src/sysbios/sysbios.aa8fg(arm_IntrinsicsSupport.o)
 .text          0x0000000080000830        0x0 /home/felipe/ti/pdk_am335x_1_0_9/packages/ti/drv/gpio/test/led_blink/am335x/armv7/bios/src/sysbios/sysbios.aa8fg(arm_TaskSupport.o)
 .text          0x0000000080000830        0x0 /home/felipe/ti/pdk_am335x_1_0_9/packages/ti/drv/gpio/test/led_blink/am335x/armv7/bios/src/sysbios/sysbios.aa8fg(knl_Clock.o)
 .text          0x0000000080000830        0x0 /home/felipe/ti/pdk_am335x_1_0_9/packages/ti/drv/gpio/test/led_blink/am335x/armv7/bios/src/sysbios/sysbios.aa8fg(knl_Queue.o)
 .text          0x0000000080000830        0x0 /home/felipe/ti/pdk_am335x_1_0_9/packages/ti/drv/gpio/test/led_blink/am335x/armv7/bios/src/sysbios/sysbios.aa8fg(knl_Semaphore.o)
 .text          0x0000000080000830        0x0 /home/felipe/ti/pdk_am335x_1_0_9/packages/ti/drv/gpio/test/led_blink/am335x/armv7/bios/src/sysbios/sysbios.aa8fg(knl_Swi.o)
 .text          0x0000000080000830        0x0 /home/felipe/ti/pdk_am335x_1_0_9/packages/ti/drv/gpio/test/led_blink/am335x/armv7/bios/src/sysbios/sysbios.aa8fg(knl_Task.o)
 .text          0x0000000080000830        0x0 /home/felipe/ti/pdk_am335x_1_0_9/packages/ti/drv/gpio/test/led_blink/am335x/armv7/bios/src/sysbios/sysbios.aa8fg(hal_Core.o)
 .text          0x0000000080000830        0x0 /home/felipe/ti/pdk_am335x_1_0_9/packages/ti/drv/gpio/test/led_blink/am335x/armv7/bios/src/sysbios/sysbios.aa8fg(hal_CoreNull.o)
 .text          0x0000000080000830        0x0 /home/felipe/ti/pdk_am335x_1_0_9/packages/ti/drv/gpio/test/led_blink/am335x/armv7/bios/src/sysbios/sysbios.aa8fg(hal_Hwi.o)
 .text          0x0000000080000830        0x0 /home/felipe/ti/pdk_am335x_1_0_9/packages/ti/drv/gpio/test/led_blink/am335x/armv7/bios/src/sysbios/sysbios.aa8fg(hal_Hwi_stack.o)
 .text          0x0000000080000830        0x0 /home/felipe/ti/pdk_am335x_1_0_9/packages/ti/drv/gpio/test/led_blink/am335x/armv7/bios/src/sysbios/sysbios.aa8fg(hal_Hwi_startup.o)
 .text          0x0000000080000830        0x0 /home/felipe/ti/pdk_am335x_1_0_9/packages/ti/drv/gpio/test/led_blink/am335x/armv7/bios/src/sysbios/sysbios.aa8fg(hal_Timer.o)
 .text          0x0000000080000830        0x0 /home/felipe/ti/pdk_am335x_1_0_9/packages/ti/drv/gpio/test/led_blink/am335x/armv7/bios/src/sysbios/sysbios.aa8fg(heaps_HeapMem.o)
 .text          0x0000000080000830        0x0 /home/felipe/ti/pdk_am335x_1_0_9/packages/ti/drv/gpio/test/led_blink/am335x/armv7/bios/src/sysbios/sysbios.aa8fg(gnu_ReentSupport.o)
 .text          0x0000000080000830        0x0 /home/felipe/ti/pdk_am335x_1_0_9/packages/ti/drv/gpio/test/led_blink/am335x/armv7/bios/src/sysbios/sysbios.aa8fg(gnu_SemiHostSupport.o)
 .text          0x0000000080000830        0x0 /home/felipe/ti/pdk_am335x_1_0_9/packages/ti/drv/gpio/test/led_blink/am335x/armv7/bios/src/sysbios/sysbios.aa8fg(a8_Cache.o)
 .text          0x0000000080000830        0x0 /home/felipe/ti/pdk_am335x_1_0_9/packages/ti/drv/gpio/test/led_blink/am335x/armv7/bios/src/sysbios/sysbios.aa8fg(a8_Mmu.o)
 .text          0x0000000080000830        0x0 /home/felipe/ti/pdk_am335x_1_0_9/packages/ti/drv/gpio/test/led_blink/am335x/armv7/bios/src/sysbios/sysbios.aa8fg(a8_TimestampProvider.o)
 .text          0x0000000080000830        0x0 /home/felipe/ti/pdk_am335x_1_0_9/packages/ti/drv/gpio/test/led_blink/am335x/armv7/bios/src/sysbios/sysbios.aa8fg(intcps_Hwi.o)
 .text          0x0000000080000830        0x0 /home/felipe/ti/pdk_am335x_1_0_9/packages/ti/drv/gpio/test/led_blink/am335x/armv7/bios/src/sysbios/sysbios.aa8fg(exc_Exception.o)
 .text          0x0000000080000830        0x0 /home/felipe/ti/pdk_am335x_1_0_9/packages/ti/drv/gpio/test/led_blink/am335x/armv7/bios/src/sysbios/sysbios.aa8fg(gates_GateHwi.o)
 .text          0x0000000080000830        0x0 /home/felipe/ti/pdk_am335x_1_0_9/packages/ti/drv/gpio/test/led_blink/am335x/armv7/bios/src/sysbios/sysbios.aa8fg(gates_GateMutex.o)
 .text          0x0000000080000830        0x0 /home/felipe/ti/pdk_am335x_1_0_9/packages/ti/drv/gpio/test/led_blink/am335x/armv7/bios/src/sysbios/sysbios.aa8fg(dmtimer_Timer.o)
 .text          0x0000000080000830        0x0 /home/felipe/ti/pdk_am335x_1_0_9/packages/ti/drv/gpio/test/led_blink/am335x/armv7/bios/src/sysbios/sysbios.aa8fg(ti81xx_TimerSupport.o)
 .text          0x0000000080000830        0x0 /home/felipe/ti/pdk_am335x_1_0_9/packages/ti/drv/gpio/test/led_blink/am335x/armv7/bios/src/sysbios/sysbios.aa8fg(arm_IntrinsicsSupport_asm_gnu.o)
 .text          0x0000000080000830        0x0 /home/felipe/ti/pdk_am335x_1_0_9/packages/ti/drv/gpio/test/led_blink/am335x/armv7/bios/src/sysbios/sysbios.aa8fg(a8_Mmu_asm_gnu.o)
 .text          0x0000000080000830        0xc /home/felipe/ti/pdk_am335x_1_0_9/packages/ti/drv/gpio/test/led_blink/am335x/armv7/bios/src/sysbios/sysbios.aa8fg(dmtimer_Timer_asm_gnu.o)
                0x0000000080000830                ti_sysbios_timers_dmtimer_Timer_spinLoop(int0_t)
 .text          0x000000008000083c        0x0 /home/felipe/ti/pdk_am335x_1_0_9/packages/ti/drv/gpio/test/led_blink/am335x/armv7/bios/src/sysbios/sysbios.aa8fg(knl_Idle.o)
 .text          0x000000008000083c        0x0 /home/felipe/ti/pdk_am335x_1_0_9/packages/ti/drv/gpio/lib/a8/release/ti.drv.gpio.profiling.aa8fg(GPIO_drv.oa8fg)
 .text          0x000000008000083c        0x0 /home/felipe/ti/pdk_am335x_1_0_9/packages/ti/drv/gpio/lib/a8/release/ti.drv.gpio.profiling.aa8fg(GPIO_v1.oa8fg)
 .text          0x000000008000083c      0x110 /home/felipe/ti/pdk_am335x_1_0_9/packages/ti/utils/profiling/lib/a8/release/ti.utils.profiling.aa8fg(profilingHooksArmV7_AAssembly.oa8fg)
                0x000000008000083c                __cyg_profile_func_enter
                0x00000000800008ac                __cyg_profile_func_exit
                0x00000000800008f8                mySwitch
 .text          0x000000008000094c        0x0 /home/felipe/ti/pdk_am335x_1_0_9/packages/ti/utils/profiling/lib/a8/release/ti.utils.profiling.aa8fg(profilingHooksArmV7_A.oa8fg)
 .text          0x000000008000094c        0x0 /home/felipe/ti/pdk_am335x_1_0_9/packages/ti/board/lib/bbbAM335x/a8/release/ti.board.aa8fg(bbbAM335x.oa8fg)
 .text          0x000000008000094c        0x0 /home/felipe/ti/pdk_am335x_1_0_9/packages/ti/board/lib/bbbAM335x/a8/release/ti.board.aa8fg(bbbAM335x_lld_init.oa8fg)
 .text          0x000000008000094c        0x0 /home/felipe/ti/pdk_am335x_1_0_9/packages/ti/board/lib/bbbAM335x/a8/release/ti.board.aa8fg(bbbAM335x_pinmux.oa8fg)
 .text          0x000000008000094c        0x0 /home/felipe/ti/pdk_am335x_1_0_9/packages/ti/board/lib/bbbAM335x/a8/release/ti.board.aa8fg(am335x_chipdb.oa8fg)
 .text          0x000000008000094c        0x0 /home/felipe/ti/pdk_am335x_1_0_9/packages/ti/board/lib/bbbAM335x/a8/release/ti.board.aa8fg(am335x_prcm.oa8fg)
 .text          0x000000008000094c        0x0 /home/felipe/ti/pdk_am335x_1_0_9/packages/ti/board/lib/bbbAM335x/a8/release/ti.board.aa8fg(hw_am335x_chipdb.oa8fg)
 .text          0x000000008000094c        0x0 /home/felipe/ti/pdk_am335x_1_0_9/packages/ti/board/lib/bbbAM335x/a8/release/ti.board.aa8fg(hw_am335x_chipdb_baseaddr.oa8fg)
 .text          0x000000008000094c        0x0 /home/felipe/ti/pdk_am335x_1_0_9/packages/ti/board/lib/bbbAM335x/a8/release/ti.board.aa8fg(hw_am335x_chipdb_interrupt.oa8fg)
 .text          0x000000008000094c        0x0 /home/felipe/ti/pdk_am335x_1_0_9/packages/ti/board/lib/bbbAM335x/a8/release/ti.board.aa8fg(am335x_beagleboneblack_pinmux_data.oa8fg)
 .text          0x000000008000094c        0x0 /home/felipe/ti/pdk_am335x_1_0_9/packages/ti/drv/i2c/lib/a8/release/ti.drv.i2c.aa8fg(I2C_drv.oa8fg)
 .text          0x000000008000094c        0x0 /home/felipe/ti/pdk_am335x_1_0_9/packages/ti/drv/i2c/lib/a8/release/ti.drv.i2c.aa8fg(I2C_v1.oa8fg)
 .text          0x000000008000094c        0x0 /home/felipe/ti/pdk_am335x_1_0_9/packages/ti/drv/uart/lib/a8/release/ti.drv.uart.aa8fg(UART_v1.oa8fg)
 .text          0x000000008000094c        0x0 /home/felipe/ti/pdk_am335x_1_0_9/packages/ti/drv/uart/lib/a8/release/ti.drv.uart.aa8fg(UART_stdio.oa8fg)
 .text          0x000000008000094c        0x0 /home/felipe/ti/pdk_am335x_1_0_9/packages/ti/drv/uart/lib/a8/release/ti.drv.uart.aa8fg(UART_ascii_utils.oa8fg)
 .text          0x000000008000094c        0x0 /home/felipe/ti/pdk_am335x_1_0_9/packages/ti/drv/uart/lib/a8/release/ti.drv.uart.aa8fg(UART_drv.oa8fg)
 .text          0x000000008000094c        0x0 /home/felipe/ti/pdk_am335x_1_0_9/packages/ti/csl/lib/am335x/a8/release/ti.csl.aa8fg(gpio_v2.oa8fg)
 .text          0x000000008000094c        0x0 /home/felipe/ti/pdk_am335x_1_0_9/packages/ti/csl/lib/am335x/a8/release/ti.csl.aa8fg(i2c.oa8fg)
 .text          0x000000008000094c        0x0 /home/felipe/ti/pdk_am335x_1_0_9/packages/ti/csl/lib/am335x/a8/release/ti.csl.aa8fg(uart.oa8fg)
 .text          0x000000008000094c        0x0 /home/felipe/ti/pdk_am335x_1_0_9/packages/ti/osal/lib/tirtos/a8/release/ti.osal.aa8fg(SemaphoreP_tirtos.oa8fg)
 .text          0x000000008000094c        0x0 /home/felipe/ti/pdk_am335x_1_0_9/packages/ti/osal/lib/tirtos/a8/release/ti.osal.aa8fg(HwiP_tirtos.oa8fg)
 .text          0x000000008000094c        0x0 /home/felipe/ti/pdk_am335x_1_0_9/packages/ti/osal/lib/tirtos/a8/release/ti.osal.aa8fg(Utils_tirtos.oa8fg)
 .text          0x000000008000094c        0x0 /home/felipe/ti/pdk_am335x_1_0_9/packages/ti/osal/lib/tirtos/a8/release/ti.osal.aa8fg(RegisterIntr_tirtos.oa8fg)
 .text          0x000000008000094c        0x0 /home/felipe/ti/bios_6_52_00_12/packages/gnu/targets/arm/rtsv7A/lib/gnu.targets.arm.rtsv7A.aa8fg(Assert.oa8fg)
 .text          0x000000008000094c        0x0 /home/felipe/ti/bios_6_52_00_12/packages/gnu/targets/arm/rtsv7A/lib/gnu.targets.arm.rtsv7A.aa8fg(Core-mem.oa8fg)
 .text          0x000000008000094c        0x0 /home/felipe/ti/bios_6_52_00_12/packages/gnu/targets/arm/rtsv7A/lib/gnu.targets.arm.rtsv7A.aa8fg(Core-smem.oa8fg)
 .text          0x000000008000094c        0x0 /home/felipe/ti/bios_6_52_00_12/packages/gnu/targets/arm/rtsv7A/lib/gnu.targets.arm.rtsv7A.aa8fg(Core-label.oa8fg)
 .text          0x000000008000094c        0x0 /home/felipe/ti/bios_6_52_00_12/packages/gnu/targets/arm/rtsv7A/lib/gnu.targets.arm.rtsv7A.aa8fg(Core-params.oa8fg)
 .text          0x000000008000094c        0x0 /home/felipe/ti/bios_6_52_00_12/packages/gnu/targets/arm/rtsv7A/lib/gnu.targets.arm.rtsv7A.aa8fg(Error.oa8fg)
 .text          0x000000008000094c        0x0 /home/felipe/ti/bios_6_52_00_12/packages/gnu/targets/arm/rtsv7A/lib/gnu.targets.arm.rtsv7A.aa8fg(Gate.oa8fg)
 .text          0x000000008000094c        0x0 /home/felipe/ti/bios_6_52_00_12/packages/gnu/targets/arm/rtsv7A/lib/gnu.targets.arm.rtsv7A.aa8fg(Memory.oa8fg)
 .text          0x000000008000094c        0x0 /home/felipe/ti/bios_6_52_00_12/packages/gnu/targets/arm/rtsv7A/lib/gnu.targets.arm.rtsv7A.aa8fg(Startup.oa8fg)
 .text          0x000000008000094c        0x0 /home/felipe/ti/bios_6_52_00_12/packages/gnu/targets/arm/rtsv7A/lib/gnu.targets.arm.rtsv7A.aa8fg(System.oa8fg)
 .text          0x000000008000094c        0x0 /home/felipe/ti/bios_6_52_00_12/packages/gnu/targets/arm/rtsv7A/lib/gnu.targets.arm.rtsv7A.aa8fg(SysMin.oa8fg)
 .text          0x000000008000094c        0x0 /home/felipe/ti/bios_6_52_00_12/packages/gnu/targets/arm/rtsv7A/lib/gnu.targets.arm.rtsv7A.aa8fg(Text.oa8fg)
 .text          0x000000008000094c        0x0 /home/felipe/ti/bios_6_52_00_12/packages/gnu/targets/arm/rtsv7A/lib/gnu.targets.arm.rtsv7A.aa8fg(Timestamp.oa8fg)
 .text          0x000000008000094c        0x0 /home/felipe/ti/bios_6_52_00_12/packages/gnu/targets/arm/rtsv7A/lib/gnu.targets.arm.rtsv7A.aa8fg(xdc_noinit.oa8fg)
 .text          0x000000008000094c        0x0 /home/felipe/ti/bios_6_52_00_12/packages/gnu/targets/arm/rtsv7A/lib/gnu.targets.arm.rtsv7A.aa8fg(Registry.oa8fg)
 .text          0x000000008000094c        0x0 /home/felipe/ti/bios_6_52_00_12/packages/gnu/targets/arm/rtsv7A/lib/boot.aa8fg(boot.oa8fg)
 .text          0x000000008000094c        0x0 /home/felipe/ti/bios_6_52_00_12/packages/gnu/targets/arm/rtsv7A/lib/boot.aa8fg(startup.oa8fg)
 .text          0x000000008000094c        0x0 /home/felipe/ti/bios_6_52_00_12/packages/gnu/targets/arm/rtsv7A/lib/syscalls.aa8fg(syscalls.oa8fg)
 .text          0x000000008000094c        0x0 /home/felipe/ti/bios_6_52_00_12/packages/gnu/targets/arm/libs/install-native/arm-none-eabi/lib/hard/librdimon_nano.a(rdimon-syscalls.o)
 .text          0x000000008000094c      0x114 /home/felipe/ti/gcc-arm-none-eabi-6-2017-q1-update/bin/../lib/gcc/arm-none-eabi/6.3.1/hard/libgcc.a(_udivsi3.o)
                0x000000008000094c                __udivsi3
                0x000000008000094c                __aeabi_uidiv
                0x0000000080000a40                __aeabi_uidivmod
 .text          0x0000000080000a60        0x4 /home/felipe/ti/gcc-arm-none-eabi-6-2017-q1-update/bin/../lib/gcc/arm-none-eabi/6.3.1/hard/libgcc.a(_dvmd_tls.o)
                0x0000000080000a60                __aeabi_ldiv0
                0x0000000080000a60                __aeabi_idiv0
 .text          0x0000000080000a64       0x3c /home/felipe/ti/gcc-arm-none-eabi-6-2017-q1-update/bin/../lib/gcc/arm-none-eabi/6.3.1/hard/libgcc.a(_aeabi_uldivmod.o)
                0x0000000080000a64                __aeabi_uldivmod
 .text          0x0000000080000aa0      0x12c /home/felipe/ti/gcc-arm-none-eabi-6-2017-q1-update/bin/../lib/gcc/arm-none-eabi/6.3.1/hard/libgcc.a(_udivmoddi4.o)
                0x0000000080000aa0                __udivmoddi4
 .text          0x0000000080000bcc       0x28 /home/felipe/ti/gcc-arm-none-eabi-6-2017-q1-update/bin/../lib/gcc/arm-none-eabi/6.3.1/hard/libgcc.a(_clzdi2.o)
                0x0000000080000bcc                __clzdi2
 .text          0x0000000080000bf4       0x48 /home/felipe/ti/gcc-arm-none-eabi-6-2017-q1-update/bin/../lib/gcc/arm-none-eabi/6.3.1/hard/libgcc.a(_clzsi2.o)
                0x0000000080000bf4                __clzsi2
 .text          0x0000000080000c3c        0x0 /home/felipe/ti/bios_6_52_00_12/packages/gnu/targets/arm/libs/install-native/arm-none-eabi/lib/hard/libc_nano.a(lib_a-abort.o)
 .text          0x0000000080000c3c        0x0 /home/felipe/ti/bios_6_52_00_12/packages/gnu/targets/arm/libs/install-native/arm-none-eabi/lib/hard/libc_nano.a(lib_a-errno.o)
 .text          0x0000000080000c3c        0x0 /home/felipe/ti/bios_6_52_00_12/packages/gnu/targets/arm/libs/install-native/arm-none-eabi/lib/hard/libc_nano.a(lib_a-exit.o)
 .text          0x0000000080000c3c        0x0 /home/felipe/ti/bios_6_52_00_12/packages/gnu/targets/arm/libs/install-native/arm-none-eabi/lib/hard/libc_nano.a(lib_a-findfp.o)
 .text          0x0000000080000c3c        0x0 /home/felipe/ti/bios_6_52_00_12/packages/gnu/targets/arm/libs/install-native/arm-none-eabi/lib/hard/libc_nano.a(lib_a-fwalk.o)
 .text          0x0000000080000c3c        0x0 /home/felipe/ti/bios_6_52_00_12/packages/gnu/targets/arm/libs/install-native/arm-none-eabi/lib/hard/libc_nano.a(lib_a-impure.o)
 .text          0x0000000080000c3c        0x0 /home/felipe/ti/bios_6_52_00_12/packages/gnu/targets/arm/libs/install-native/arm-none-eabi/lib/hard/libc_nano.a(lib_a-memcpy-stub.o)
 .text          0x0000000080000c3c        0x0 /home/felipe/ti/bios_6_52_00_12/packages/gnu/targets/arm/libs/install-native/arm-none-eabi/lib/hard/libc_nano.a(lib_a-memset.o)
 .text          0x0000000080000c3c        0x0 /home/felipe/ti/bios_6_52_00_12/packages/gnu/targets/arm/libs/install-native/arm-none-eabi/lib/hard/libc_nano.a(lib_a-reent.o)
 .text          0x0000000080000c3c        0x0 /home/felipe/ti/bios_6_52_00_12/packages/gnu/targets/arm/libs/install-native/arm-none-eabi/lib/hard/libc_nano.a(lib_a-signal.o)
 .text          0x0000000080000c3c        0x0 /home/felipe/ti/bios_6_52_00_12/packages/gnu/targets/arm/libs/install-native/arm-none-eabi/lib/hard/libc_nano.a(lib_a-signalr.o)
 .text          0x0000000080000c3c        0x0 /home/felipe/ti/bios_6_52_00_12/packages/gnu/targets/arm/libs/install-native/arm-none-eabi/lib/hard/libc_nano.a(lib_a-stdio.o)
 .text          0x0000000080000c3c       0x1c /home/felipe/ti/bios_6_52_00_12/packages/gnu/targets/arm/libs/install-native/arm-none-eabi/lib/hard/libc_nano.a(lib_a-strcmp.o)
                0x0000000080000c3c                strcmp
 .text          0x0000000080000c58        0xe /home/felipe/ti/bios_6_52_00_12/packages/gnu/targets/arm/libs/install-native/arm-none-eabi/lib/hard/libc_nano.a(lib_a-strlen.o)
                0x0000000080000c58                strlen
 .text          0x0000000080000c66        0x0 /home/felipe/ti/bios_6_52_00_12/packages/gnu/targets/arm/libs/install-native/arm-none-eabi/lib/hard/libc_nano.a(lib_a-tirtos_validate.o)
 .text          0x0000000080000c66        0x0 /home/felipe/ti/bios_6_52_00_12/packages/gnu/targets/arm/libs/install-native/arm-none-eabi/lib/hard/libc_nano.a(lib_a-writer.o)
 .text          0x0000000080000c66        0x0 /home/felipe/ti/bios_6_52_00_12/packages/gnu/targets/arm/libs/install-native/arm-none-eabi/lib/hard/libc_nano.a(lib_a-closer.o)
 .text          0x0000000080000c66        0x0 /home/felipe/ti/bios_6_52_00_12/packages/gnu/targets/arm/libs/install-native/arm-none-eabi/lib/hard/libc_nano.a(lib_a-fflush.o)
 .text          0x0000000080000c66        0x0 /home/felipe/ti/bios_6_52_00_12/packages/gnu/targets/arm/libs/install-native/arm-none-eabi/lib/hard/libc_nano.a(lib_a-lseekr.o)
 .text          0x0000000080000c66        0x0 /home/felipe/ti/bios_6_52_00_12/packages/gnu/targets/arm/libs/install-native/arm-none-eabi/lib/hard/libc_nano.a(lib_a-readr.o)
 .text          0x0000000080000c66        0x0 /home/felipe/ti/bios_6_52_00_12/packages/gnu/targets/arm/libs/install-native/arm-none-eabi/lib/hard/librdimon_nano.a(rdimon-_kill.o)
 *(.text.*)
 *fill*         0x0000000080000c66        0x2 
 .text.xdc_iargToPtr
                0x0000000080000c68       0x24 /home/felipe/Arquivos_RTOS/GPIO_LedBlink_bbbAM335x_armTestProject/Debug/configPkg/package/cfg/am335x_app_bbbam335x_pa8fg.oa8fg
 .text.xdc_runtime_IHeap_alloc
                0x0000000080000c8c       0x4c /home/felipe/Arquivos_RTOS/GPIO_LedBlink_bbbAM335x_armTestProject/Debug/configPkg/package/cfg/am335x_app_bbbam335x_pa8fg.oa8fg
 .text.xdc_runtime_IHeap_free
                0x0000000080000cd8       0x40 /home/felipe/Arquivos_RTOS/GPIO_LedBlink_bbbAM335x_armTestProject/Debug/configPkg/package/cfg/am335x_app_bbbam335x_pa8fg.oa8fg
 .text.ti_sysbios_family_arm_a8_intcps_Hwi_disable
                0x0000000080000d18       0x2c /home/felipe/Arquivos_RTOS/GPIO_LedBlink_bbbAM335x_armTestProject/Debug/configPkg/package/cfg/am335x_app_bbbam335x_pa8fg.oa8fg
 .text.ti_sysbios_family_arm_a8_intcps_Hwi_enable
                0x0000000080000d44       0x2c /home/felipe/Arquivos_RTOS/GPIO_LedBlink_bbbAM335x_armTestProject/Debug/configPkg/package/cfg/am335x_app_bbbam335x_pa8fg.oa8fg
 .text.ti_sysbios_family_arm_a8_intcps_Hwi_restore
                0x0000000080000d70       0x38 /home/felipe/Arquivos_RTOS/GPIO_LedBlink_bbbAM335x_armTestProject/Debug/configPkg/package/cfg/am335x_app_bbbam335x_pa8fg.oa8fg
 .text.ti_sysbios_knl_Clock_Module_State_clockQ
                0x0000000080000da8       0x28 /home/felipe/Arquivos_RTOS/GPIO_LedBlink_bbbAM335x_armTestProject/Debug/configPkg/package/cfg/am335x_app_bbbam335x_pa8fg.oa8fg
 .text.ti_sysbios_knl_Semaphore_Params_init
                0x0000000080000dd0       0x3c /home/felipe/Arquivos_RTOS/GPIO_LedBlink_bbbAM335x_armTestProject/Debug/configPkg/package/cfg/am335x_app_bbbam335x_pa8fg.oa8fg
 .text.ti_sysbios_knl_Semaphore_handle
                0x0000000080000e0c       0x24 /home/felipe/Arquivos_RTOS/GPIO_LedBlink_bbbAM335x_armTestProject/Debug/configPkg/package/cfg/am335x_app_bbbam335x_pa8fg.oa8fg
 .text.ti_sysbios_family_arm_a8_intcps_Hwi_Module__startupDone__F
                0x0000000080000e30       0x58 /home/felipe/Arquivos_RTOS/GPIO_LedBlink_bbbAM335x_armTestProject/Debug/configPkg/package/cfg/am335x_app_bbbam335x_pa8fg.oa8fg
                0x0000000080000e30                ti_sysbios_family_arm_a8_intcps_Hwi_Module__startupDone(void)
 .text.ti_sysbios_timers_dmtimer_Timer_Module__startupDone__F
                0x0000000080000e88       0x58 /home/felipe/Arquivos_RTOS/GPIO_LedBlink_bbbAM335x_armTestProject/Debug/configPkg/package/cfg/am335x_app_bbbam335x_pa8fg.oa8fg
                0x0000000080000e88                ti_sysbios_timers_dmtimer_Timer_Module__startupDone(void)
 .text.ti_sysbios_family_arm_a8_ti81xx_TimerSupport_Module__startupDone__F
                0x0000000080000ee0       0x58 /home/felipe/Arquivos_RTOS/GPIO_LedBlink_bbbAM335x_armTestProject/Debug/configPkg/package/cfg/am335x_app_bbbam335x_pa8fg.oa8fg
                0x0000000080000ee0                ti_sysbios_family_arm_a8_ti81xx_TimerSupport_Module__startupDone(void)
 .text.xdc_runtime_Startup_exec__I
                0x0000000080000f38       0x30 /home/felipe/Arquivos_RTOS/GPIO_LedBlink_bbbAM335x_armTestProject/Debug/configPkg/package/cfg/am335x_app_bbbam335x_pa8fg.oa8fg
                0x0000000080000f38                xdc_runtime_Startup_exec(int0_t)
 .text.xdc_runtime_Startup_reset__I
                0x0000000080000f68       0x14 /home/felipe/Arquivos_RTOS/GPIO_LedBlink_bbbAM335x_armTestProject/Debug/configPkg/package/cfg/am335x_app_bbbam335x_pa8fg.oa8fg
                0x0000000080000f68                xdc_runtime_Startup_reset(int0_t)
 .text.xdc_runtime_System_printfExtend__I
                0x0000000080000f7c      0x38c /home/felipe/Arquivos_RTOS/GPIO_LedBlink_bbbAM335x_armTestProject/Debug/configPkg/package/cfg/am335x_app_bbbam335x_pa8fg.oa8fg
                0x0000000080000f7c                xdc_runtime_System_printfExtend(int0_t)
 .text.xdc_runtime_SysMin_output__I
                0x0000000080001308       0x84 /home/felipe/Arquivos_RTOS/GPIO_LedBlink_bbbAM335x_armTestProject/Debug/configPkg/package/cfg/am335x_app_bbbam335x_pa8fg.oa8fg
                0x0000000080001308                xdc_runtime_SysMin_output(int0_t)
 .text.xdc_runtime_Text_visitRope__I
                0x000000008000138c       0x38 /home/felipe/Arquivos_RTOS/GPIO_LedBlink_bbbAM335x_armTestProject/Debug/configPkg/package/cfg/am335x_app_bbbam335x_pa8fg.oa8fg
                0x000000008000138c                xdc_runtime_Text_visitRope(int0_t)
 .text.ti_sysbios_knl_Clock_doTick__I
                0x00000000800013c4       0x80 /home/felipe/Arquivos_RTOS/GPIO_LedBlink_bbbAM335x_armTestProject/Debug/configPkg/package/cfg/am335x_app_bbbam335x_pa8fg.oa8fg
                0x00000000800013c4                ti_sysbios_knl_Clock_doTick(int0_t)
 .text.__getreent
                0x0000000080001444       0x38 /home/felipe/Arquivos_RTOS/GPIO_LedBlink_bbbAM335x_armTestProject/Debug/configPkg/package/cfg/am335x_app_bbbam335x_pa8fg.oa8fg
                0x0000000080001444                __getreent
 .text.__libc_lock_init_recursive
                0x000000008000147c       0x6c /home/felipe/Arquivos_RTOS/GPIO_LedBlink_bbbAM335x_armTestProject/Debug/configPkg/package/cfg/am335x_app_bbbam335x_pa8fg.oa8fg
                0x000000008000147c                __libc_lock_init_recursive
 .text.__libc_lock_acquire_recursive
                0x00000000800014e8      0x13c /home/felipe/Arquivos_RTOS/GPIO_LedBlink_bbbAM335x_armTestProject/Debug/configPkg/package/cfg/am335x_app_bbbam335x_pa8fg.oa8fg
                0x00000000800014e8                __libc_lock_acquire_recursive
 .text.__libc_lock_release_recursive
                0x0000000080001624       0x68 /home/felipe/Arquivos_RTOS/GPIO_LedBlink_bbbAM335x_armTestProject/Debug/configPkg/package/cfg/am335x_app_bbbam335x_pa8fg.oa8fg
                0x0000000080001624                __libc_lock_release_recursive
 .text.SVC_Handler
                0x000000008000168c        0x8 /home/felipe/Arquivos_RTOS/GPIO_LedBlink_bbbAM335x_armTestProject/Debug/configPkg/package/cfg/am335x_app_bbbam335x_pa8fg.oa8fg
                0x000000008000168c                SVC_Handler
 .text.ti_sysbios_BIOS_startFunc__I
                0x0000000080001694       0x3c /home/felipe/Arquivos_RTOS/GPIO_LedBlink_bbbAM335x_armTestProject/Debug/configPkg/package/cfg/am335x_app_bbbam335x_pa8fg.oa8fg
                0x0000000080001694                ti_sysbios_BIOS_startFunc(int0_t)
 .text.ti_sysbios_BIOS_atExitFunc__I
                0x00000000800016d0       0x28 /home/felipe/Arquivos_RTOS/GPIO_LedBlink_bbbAM335x_armTestProject/Debug/configPkg/package/cfg/am335x_app_bbbam335x_pa8fg.oa8fg
                0x00000000800016d0                ti_sysbios_BIOS_atExitFunc(int0_t)
 .text.ti_sysbios_BIOS_exitFunc__I
                0x00000000800016f8       0x2c /home/felipe/Arquivos_RTOS/GPIO_LedBlink_bbbAM335x_armTestProject/Debug/configPkg/package/cfg/am335x_app_bbbam335x_pa8fg.oa8fg
                0x00000000800016f8                ti_sysbios_BIOS_exitFunc(int0_t)
 .text.ti_sysbios_BIOS_errorRaiseHook__I
                0x0000000080001724       0x38 /home/felipe/Arquivos_RTOS/GPIO_LedBlink_bbbAM335x_armTestProject/Debug/configPkg/package/cfg/am335x_app_bbbam335x_pa8fg.oa8fg
                0x0000000080001724                ti_sysbios_BIOS_errorRaiseHook(int0_t)
 .text.ti_sysbios_family_arm_a8_Mmu_initTableBuf__I
                0x000000008000175c     0x2068 /home/felipe/Arquivos_RTOS/GPIO_LedBlink_bbbAM335x_armTestProject/Debug/configPkg/package/cfg/am335x_app_bbbam335x_pa8fg.oa8fg
                0x000000008000175c                ti_sysbios_family_arm_a8_Mmu_initTableBuf(int0_t)
 .text.ti_sysbios_rts_gnu_MemAlloc_alloc
                0x00000000800037c4       0x90 /home/felipe/Arquivos_RTOS/GPIO_LedBlink_bbbAM335x_armTestProject/Debug/configPkg/package/cfg/am335x_app_bbbam335x_pa8fg.oa8fg
 .text.malloc   0x0000000080003854       0x28 /home/felipe/Arquivos_RTOS/GPIO_LedBlink_bbbAM335x_armTestProject/Debug/configPkg/package/cfg/am335x_app_bbbam335x_pa8fg.oa8fg
                0x0000000080003854                malloc
 .text.free     0x000000008000387c       0x68 /home/felipe/Arquivos_RTOS/GPIO_LedBlink_bbbAM335x_armTestProject/Debug/configPkg/package/cfg/am335x_app_bbbam335x_pa8fg.oa8fg
                0x000000008000387c                free
 .text._malloc_r
                0x00000000800038e4       0x2c /home/felipe/Arquivos_RTOS/GPIO_LedBlink_bbbAM335x_armTestProject/Debug/configPkg/package/cfg/am335x_app_bbbam335x_pa8fg.oa8fg
                0x00000000800038e4                _malloc_r
 .text._free_r  0x0000000080003910       0x28 /home/felipe/Arquivos_RTOS/GPIO_LedBlink_bbbAM335x_armTestProject/Debug/configPkg/package/cfg/am335x_app_bbbam335x_pa8fg.oa8fg
                0x0000000080003910                _free_r
 .text.xdc_runtime_System_printf__E
                0x0000000080003938       0x40 /home/felipe/Arquivos_RTOS/GPIO_LedBlink_bbbAM335x_armTestProject/Debug/configPkg/package/cfg/am335x_app_bbbam335x_pa8fg.oa8fg
                0x0000000080003938                xdc_runtime_System_printf__E
 .text.ti_sysbios_hal_Hwi_HwiProxy_Module__startupDone__S
                0x0000000080003978       0x18 /home/felipe/Arquivos_RTOS/GPIO_LedBlink_bbbAM335x_armTestProject/Debug/configPkg/package/cfg/am335x_app_bbbam335x_pa8fg.oa8fg
                0x0000000080003978                ti_sysbios_hal_Hwi_HwiProxy_Module__startupDone(void) static
 .text.ti_sysbios_hal_Hwi_HwiProxy_getStackInfo__E
                0x0000000080003990       0x38 /home/felipe/Arquivos_RTOS/GPIO_LedBlink_bbbAM335x_armTestProject/Debug/configPkg/package/cfg/am335x_app_bbbam335x_pa8fg.oa8fg
                0x0000000080003990                ti_sysbios_hal_Hwi_HwiProxy_getStackInfo__E
 .text.ti_sysbios_hal_Hwi_HwiProxy_startup__E
                0x00000000800039c8       0x14 /home/felipe/Arquivos_RTOS/GPIO_LedBlink_bbbAM335x_armTestProject/Debug/configPkg/package/cfg/am335x_app_bbbam335x_pa8fg.oa8fg
                0x00000000800039c8                ti_sysbios_hal_Hwi_HwiProxy_startup__E
 .text.ti_sysbios_hal_Hwi_HwiProxy_disable__E
                0x00000000800039dc       0x18 /home/felipe/Arquivos_RTOS/GPIO_LedBlink_bbbAM335x_armTestProject/Debug/configPkg/package/cfg/am335x_app_bbbam335x_pa8fg.oa8fg
                0x00000000800039dc                ti_sysbios_hal_Hwi_HwiProxy_disable__E
 .text.ti_sysbios_hal_Hwi_HwiProxy_enable__E
                0x00000000800039f4       0x18 /home/felipe/Arquivos_RTOS/GPIO_LedBlink_bbbAM335x_armTestProject/Debug/configPkg/package/cfg/am335x_app_bbbam335x_pa8fg.oa8fg
                0x00000000800039f4                ti_sysbios_hal_Hwi_HwiProxy_enable__E
 .text.ti_sysbios_hal_Hwi_HwiProxy_restore__E
                0x0000000080003a0c       0x24 /home/felipe/Arquivos_RTOS/GPIO_LedBlink_bbbAM335x_armTestProject/Debug/configPkg/package/cfg/am335x_app_bbbam335x_pa8fg.oa8fg
                0x0000000080003a0c                ti_sysbios_hal_Hwi_HwiProxy_restore__E
 .text.ti_sysbios_hal_Hwi_HwiProxy_switchFromBootStack__E
                0x0000000080003a30       0x14 /home/felipe/Arquivos_RTOS/GPIO_LedBlink_bbbAM335x_armTestProject/Debug/configPkg/package/cfg/am335x_app_bbbam335x_pa8fg.oa8fg
                0x0000000080003a30                ti_sysbios_hal_Hwi_HwiProxy_switchFromBootStack__E
 .text.ti_sysbios_hal_Hwi_HwiProxy_disableInterrupt__E
                0x0000000080003a44       0x28 /home/felipe/Arquivos_RTOS/GPIO_LedBlink_bbbAM335x_armTestProject/Debug/configPkg/package/cfg/am335x_app_bbbam335x_pa8fg.oa8fg
                0x0000000080003a44                ti_sysbios_hal_Hwi_HwiProxy_disableInterrupt__E
 .text.ti_sysbios_hal_Hwi_HwiProxy_enableInterrupt__E
                0x0000000080003a6c       0x28 /home/felipe/Arquivos_RTOS/GPIO_LedBlink_bbbAM335x_armTestProject/Debug/configPkg/package/cfg/am335x_app_bbbam335x_pa8fg.oa8fg
                0x0000000080003a6c                ti_sysbios_hal_Hwi_HwiProxy_enableInterrupt__E
 .text.ti_sysbios_hal_Hwi_HwiProxy_clearInterrupt__E
                0x0000000080003a94       0x24 /home/felipe/Arquivos_RTOS/GPIO_LedBlink_bbbAM335x_armTestProject/Debug/configPkg/package/cfg/am335x_app_bbbam335x_pa8fg.oa8fg
                0x0000000080003a94                ti_sysbios_hal_Hwi_HwiProxy_clearInterrupt__E
 .text.ti_sysbios_hal_Timer_TimerProxy_Module__startupDone__S
                0x0000000080003ab8       0x18 /home/felipe/Arquivos_RTOS/GPIO_LedBlink_bbbAM335x_armTestProject/Debug/configPkg/package/cfg/am335x_app_bbbam335x_pa8fg.oa8fg
                0x0000000080003ab8                ti_sysbios_hal_Timer_TimerProxy_Module__startupDone(void) static
 .text.ti_sysbios_heaps_HeapMem_Module_GateProxy_query__E
                0x0000000080003ad0       0x28 /home/felipe/Arquivos_RTOS/GPIO_LedBlink_bbbAM335x_armTestProject/Debug/configPkg/package/cfg/am335x_app_bbbam335x_pa8fg.oa8fg
                0x0000000080003ad0                ti_sysbios_heaps_HeapMem_Module_GateProxy_query__E
 .text.ti_sysbios_heaps_HeapMem_Module_GateProxy_enter__E
                0x0000000080003af8       0x28 /home/felipe/Arquivos_RTOS/GPIO_LedBlink_bbbAM335x_armTestProject/Debug/configPkg/package/cfg/am335x_app_bbbam335x_pa8fg.oa8fg
                0x0000000080003af8                ti_sysbios_heaps_HeapMem_Module_GateProxy_enter__E
 .text.ti_sysbios_heaps_HeapMem_Module_GateProxy_leave__E
                0x0000000080003b20       0x2c /home/felipe/Arquivos_RTOS/GPIO_LedBlink_bbbAM335x_armTestProject/Debug/configPkg/package/cfg/am335x_app_bbbam335x_pa8fg.oa8fg
                0x0000000080003b20                ti_sysbios_heaps_HeapMem_Module_GateProxy_leave__E
 .text.ti_sysbios_knl_Clock_TimerProxy_Module__startupDone__S
                0x0000000080003b4c       0x18 /home/felipe/Arquivos_RTOS/GPIO_LedBlink_bbbAM335x_armTestProject/Debug/configPkg/package/cfg/am335x_app_bbbam335x_pa8fg.oa8fg
                0x0000000080003b4c                ti_sysbios_knl_Clock_TimerProxy_Module__startupDone(void) static
 .text.ti_sysbios_knl_Clock_TimerProxy_getMaxTicks__E
                0x0000000080003b64       0x28 /home/felipe/Arquivos_RTOS/GPIO_LedBlink_bbbAM335x_armTestProject/Debug/configPkg/package/cfg/am335x_app_bbbam335x_pa8fg.oa8fg
                0x0000000080003b64                ti_sysbios_knl_Clock_TimerProxy_getMaxTicks__E
 .text.ti_sysbios_knl_Intrinsics_SupportProxy_maxbit__E
                0x0000000080003b8c       0x28 /home/felipe/Arquivos_RTOS/GPIO_LedBlink_bbbAM335x_armTestProject/Debug/configPkg/package/cfg/am335x_app_bbbam335x_pa8fg.oa8fg
                0x0000000080003b8c                ti_sysbios_knl_Intrinsics_SupportProxy_maxbit__E
 .text.ti_sysbios_knl_Task_SupportProxy_Module__startupDone__S
                0x0000000080003bb4       0x18 /home/felipe/Arquivos_RTOS/GPIO_LedBlink_bbbAM335x_armTestProject/Debug/configPkg/package/cfg/am335x_app_bbbam335x_pa8fg.oa8fg
                0x0000000080003bb4                ti_sysbios_knl_Task_SupportProxy_Module__startupDone(void) static
 .text.ti_sysbios_knl_Task_SupportProxy_start__E
                0x0000000080003bcc       0x40 /home/felipe/Arquivos_RTOS/GPIO_LedBlink_bbbAM335x_armTestProject/Debug/configPkg/package/cfg/am335x_app_bbbam335x_pa8fg.oa8fg
                0x0000000080003bcc                ti_sysbios_knl_Task_SupportProxy_start__E
 .text.ti_sysbios_knl_Task_SupportProxy_swap__E
                0x0000000080003c0c       0x2c /home/felipe/Arquivos_RTOS/GPIO_LedBlink_bbbAM335x_armTestProject/Debug/configPkg/package/cfg/am335x_app_bbbam335x_pa8fg.oa8fg
                0x0000000080003c0c                ti_sysbios_knl_Task_SupportProxy_swap__E
 .text.ti_sysbios_timers_dmtimer_Timer_TimerSupportProxy_Module__startupDone__S
                0x0000000080003c38       0x18 /home/felipe/Arquivos_RTOS/GPIO_LedBlink_bbbAM335x_armTestProject/Debug/configPkg/package/cfg/am335x_app_bbbam335x_pa8fg.oa8fg
                0x0000000080003c38                ti_sysbios_timers_dmtimer_Timer_TimerSupportProxy_Module__startupDone(void) static
 .text.ti_sysbios_timers_dmtimer_Timer_TimerSupportProxy_enable__E
                0x0000000080003c50       0x2c /home/felipe/Arquivos_RTOS/GPIO_LedBlink_bbbAM335x_armTestProject/Debug/configPkg/package/cfg/am335x_app_bbbam335x_pa8fg.oa8fg
                0x0000000080003c50                ti_sysbios_timers_dmtimer_Timer_TimerSupportProxy_enable__E
 .text.xdc_runtime_Memory_HeapProxy_alloc__E
                0x0000000080003c7c       0x40 /home/felipe/Arquivos_RTOS/GPIO_LedBlink_bbbAM335x_armTestProject/Debug/configPkg/package/cfg/am335x_app_bbbam335x_pa8fg.oa8fg
                0x0000000080003c7c                xdc_runtime_Memory_HeapProxy_alloc__E
 .text.xdc_runtime_Memory_HeapProxy_free__E
                0x0000000080003cbc       0x34 /home/felipe/Arquivos_RTOS/GPIO_LedBlink_bbbAM335x_armTestProject/Debug/configPkg/package/cfg/am335x_app_bbbam335x_pa8fg.oa8fg
                0x0000000080003cbc                xdc_runtime_Memory_HeapProxy_free__E
 .text.xdc_runtime_System_Module_GateProxy_enter__E
                0x0000000080003cf0       0x28 /home/felipe/Arquivos_RTOS/GPIO_LedBlink_bbbAM335x_armTestProject/Debug/configPkg/package/cfg/am335x_app_bbbam335x_pa8fg.oa8fg
                0x0000000080003cf0                xdc_runtime_System_Module_GateProxy_enter__E
 .text.xdc_runtime_System_Module_GateProxy_leave__E
                0x0000000080003d18       0x2c /home/felipe/Arquivos_RTOS/GPIO_LedBlink_bbbAM335x_armTestProject/Debug/configPkg/package/cfg/am335x_app_bbbam335x_pa8fg.oa8fg
                0x0000000080003d18                xdc_runtime_System_Module_GateProxy_leave__E
 .text.xdc_runtime_System_SupportProxy_abort__E
                0x0000000080003d44       0x24 /home/felipe/Arquivos_RTOS/GPIO_LedBlink_bbbAM335x_armTestProject/Debug/configPkg/package/cfg/am335x_app_bbbam335x_pa8fg.oa8fg
                0x0000000080003d44                xdc_runtime_System_SupportProxy_abort__E
 .text.xdc_runtime_System_SupportProxy_exit__E
                0x0000000080003d68       0x24 /home/felipe/Arquivos_RTOS/GPIO_LedBlink_bbbAM335x_armTestProject/Debug/configPkg/package/cfg/am335x_app_bbbam335x_pa8fg.oa8fg
                0x0000000080003d68                xdc_runtime_System_SupportProxy_exit__E
 .text.xdc_runtime_System_SupportProxy_putch__E
                0x0000000080003d8c       0x2c /home/felipe/Arquivos_RTOS/GPIO_LedBlink_bbbAM335x_armTestProject/Debug/configPkg/package/cfg/am335x_app_bbbam335x_pa8fg.oa8fg
                0x0000000080003d8c                xdc_runtime_System_SupportProxy_putch__E
 .text.xdc_runtime_System_SupportProxy_ready__E
                0x0000000080003db8       0x18 /home/felipe/Arquivos_RTOS/GPIO_LedBlink_bbbAM335x_armTestProject/Debug/configPkg/package/cfg/am335x_app_bbbam335x_pa8fg.oa8fg
                0x0000000080003db8                xdc_runtime_System_SupportProxy_ready__E
 .text.xdc_runtime_Timestamp_SupportProxy_get32__E
                0x0000000080003dd0       0x18 /home/felipe/Arquivos_RTOS/GPIO_LedBlink_bbbAM335x_armTestProject/Debug/configPkg/package/cfg/am335x_app_bbbam335x_pa8fg.oa8fg
                0x0000000080003dd0                xdc_runtime_Timestamp_SupportProxy_get32__E
 .text.xdc_runtime_Timestamp_SupportProxy_getFreq__E
                0x0000000080003de8       0x24 /home/felipe/Arquivos_RTOS/GPIO_LedBlink_bbbAM335x_armTestProject/Debug/configPkg/package/cfg/am335x_app_bbbam335x_pa8fg.oa8fg
                0x0000000080003de8                xdc_runtime_Timestamp_SupportProxy_getFreq__E
 .text.ti_sysbios_family_arm_TaskSupport_Module__startupDone__S
                0x0000000080003e0c       0x1c /home/felipe/Arquivos_RTOS/GPIO_LedBlink_bbbAM335x_armTestProject/Debug/configPkg/package/cfg/am335x_app_bbbam335x_pa8fg.oa8fg
                0x0000000080003e0c                ti_sysbios_family_arm_TaskSupport_Module__startupDone(void) static
 .text.ti_sysbios_family_arm_a8_intcps_Hwi_Module__startupDone__S
                0x0000000080003e28       0x18 /home/felipe/Arquivos_RTOS/GPIO_LedBlink_bbbAM335x_armTestProject/Debug/configPkg/package/cfg/am335x_app_bbbam335x_pa8fg.oa8fg
                0x0000000080003e28                ti_sysbios_family_arm_a8_intcps_Hwi_Module__startupDone(void) static
 .text.ti_sysbios_family_arm_a8_intcps_Hwi_Params__init__S
                0x0000000080003e40       0x54 /home/felipe/Arquivos_RTOS/GPIO_LedBlink_bbbAM335x_armTestProject/Debug/configPkg/package/cfg/am335x_app_bbbam335x_pa8fg.oa8fg
                0x0000000080003e40                ti_sysbios_family_arm_a8_intcps_Hwi_Params__init(void) static
 .text.ti_sysbios_family_arm_a8_intcps_Hwi_construct
                0x0000000080003e94       0xa4 /home/felipe/Arquivos_RTOS/GPIO_LedBlink_bbbAM335x_armTestProject/Debug/configPkg/package/cfg/am335x_app_bbbam335x_pa8fg.oa8fg
                0x0000000080003e94                ti_sysbios_family_arm_a8_intcps_Hwi_construct
 .text.ti_sysbios_family_arm_a8_intcps_Hwi_destruct
                0x0000000080003f38       0x40 /home/felipe/Arquivos_RTOS/GPIO_LedBlink_bbbAM335x_armTestProject/Debug/configPkg/package/cfg/am335x_app_bbbam335x_pa8fg.oa8fg
                0x0000000080003f38                ti_sysbios_family_arm_a8_intcps_Hwi_destruct
 .text.ti_sysbios_family_arm_a8_ti81xx_TimerSupport_Module__startupDone__S
                0x0000000080003f78       0x18 /home/felipe/Arquivos_RTOS/GPIO_LedBlink_bbbAM335x_armTestProject/Debug/configPkg/package/cfg/am335x_app_bbbam335x_pa8fg.oa8fg
                0x0000000080003f78                ti_sysbios_family_arm_a8_ti81xx_TimerSupport_Module__startupDone(void) static
 .text.ti_sysbios_gates_GateHwi_Handle__label__S
                0x0000000080003f90       0x4c /home/felipe/Arquivos_RTOS/GPIO_LedBlink_bbbAM335x_armTestProject/Debug/configPkg/package/cfg/am335x_app_bbbam335x_pa8fg.oa8fg
                0x0000000080003f90                ti_sysbios_gates_GateHwi_Handle__label(void) static
 .text.ti_sysbios_gates_GateHwi_Object__create__S
                0x0000000080003fdc       0x7c /home/felipe/Arquivos_RTOS/GPIO_LedBlink_bbbAM335x_armTestProject/Debug/configPkg/package/cfg/am335x_app_bbbam335x_pa8fg.oa8fg
                0x0000000080003fdc                ti_sysbios_gates_GateHwi_Object__create(void) static
 .text.ti_sysbios_gates_GateHwi_Object__delete__S
                0x0000000080004058       0x4c /home/felipe/Arquivos_RTOS/GPIO_LedBlink_bbbAM335x_armTestProject/Debug/configPkg/package/cfg/am335x_app_bbbam335x_pa8fg.oa8fg
                0x0000000080004058                ti_sysbios_gates_GateHwi_Object__delete(void) static
 .text.ti_sysbios_gates_GateMutex_Handle__label__S
                0x00000000800040a4       0x4c /home/felipe/Arquivos_RTOS/GPIO_LedBlink_bbbAM335x_armTestProject/Debug/configPkg/package/cfg/am335x_app_bbbam335x_pa8fg.oa8fg
                0x00000000800040a4                ti_sysbios_gates_GateMutex_Handle__label(void) static
 .text.ti_sysbios_gates_GateMutex_Object__create__S
                0x00000000800040f0       0x7c /home/felipe/Arquivos_RTOS/GPIO_LedBlink_bbbAM335x_armTestProject/Debug/configPkg/package/cfg/am335x_app_bbbam335x_pa8fg.oa8fg
                0x00000000800040f0                ti_sysbios_gates_GateMutex_Object__create(void) static
 .text.ti_sysbios_gates_GateMutex_Object__delete__S
                0x000000008000416c       0x50 /home/felipe/Arquivos_RTOS/GPIO_LedBlink_bbbAM335x_armTestProject/Debug/configPkg/package/cfg/am335x_app_bbbam335x_pa8fg.oa8fg
                0x000000008000416c                ti_sysbios_gates_GateMutex_Object__delete(void) static
 .text.ti_sysbios_heaps_HeapMem_Handle__label__S
                0x00000000800041bc       0x4c /home/felipe/Arquivos_RTOS/GPIO_LedBlink_bbbAM335x_armTestProject/Debug/configPkg/package/cfg/am335x_app_bbbam335x_pa8fg.oa8fg
                0x00000000800041bc                ti_sysbios_heaps_HeapMem_Handle__label(void) static
 .text.ti_sysbios_heaps_HeapMem_Object__get__S
                0x0000000080004208       0x74 /home/felipe/Arquivos_RTOS/GPIO_LedBlink_bbbAM335x_armTestProject/Debug/configPkg/package/cfg/am335x_app_bbbam335x_pa8fg.oa8fg
                0x0000000080004208                ti_sysbios_heaps_HeapMem_Object__get(void) static
 .text.ti_sysbios_heaps_HeapMem_Object__create__S
                0x000000008000427c       0x7c /home/felipe/Arquivos_RTOS/GPIO_LedBlink_bbbAM335x_armTestProject/Debug/configPkg/package/cfg/am335x_app_bbbam335x_pa8fg.oa8fg
                0x000000008000427c                ti_sysbios_heaps_HeapMem_Object__create(void) static
 .text.ti_sysbios_heaps_HeapMem_Object__delete__S
                0x00000000800042f8       0x4c /home/felipe/Arquivos_RTOS/GPIO_LedBlink_bbbAM335x_armTestProject/Debug/configPkg/package/cfg/am335x_app_bbbam335x_pa8fg.oa8fg
                0x00000000800042f8                ti_sysbios_heaps_HeapMem_Object__delete(void) static
 .text.ti_sysbios_knl_Queue_Object__get__S
                0x0000000080004344       0x68 /home/felipe/Arquivos_RTOS/GPIO_LedBlink_bbbAM335x_armTestProject/Debug/configPkg/package/cfg/am335x_app_bbbam335x_pa8fg.oa8fg
                0x0000000080004344                ti_sysbios_knl_Queue_Object__get(void) static
 .text.ti_sysbios_knl_Queue_construct
                0x00000000800043ac       0x58 /home/felipe/Arquivos_RTOS/GPIO_LedBlink_bbbAM335x_armTestProject/Debug/configPkg/package/cfg/am335x_app_bbbam335x_pa8fg.oa8fg
                0x00000000800043ac                ti_sysbios_knl_Queue_construct
 .text.ti_sysbios_knl_Queue_destruct
                0x0000000080004404       0x3c /home/felipe/Arquivos_RTOS/GPIO_LedBlink_bbbAM335x_armTestProject/Debug/configPkg/package/cfg/am335x_app_bbbam335x_pa8fg.oa8fg
                0x0000000080004404                ti_sysbios_knl_Queue_destruct
 .text.ti_sysbios_knl_Semaphore_Params__init__S
                0x0000000080004440       0x54 /home/felipe/Arquivos_RTOS/GPIO_LedBlink_bbbAM335x_armTestProject/Debug/configPkg/package/cfg/am335x_app_bbbam335x_pa8fg.oa8fg
                0x0000000080004440                ti_sysbios_knl_Semaphore_Params__init(void) static
 .text.ti_sysbios_knl_Semaphore_construct
                0x0000000080004494       0x60 /home/felipe/Arquivos_RTOS/GPIO_LedBlink_bbbAM335x_armTestProject/Debug/configPkg/package/cfg/am335x_app_bbbam335x_pa8fg.oa8fg
                0x0000000080004494                ti_sysbios_knl_Semaphore_construct
 .text.ti_sysbios_knl_Semaphore_destruct
                0x00000000800044f4       0x40 /home/felipe/Arquivos_RTOS/GPIO_LedBlink_bbbAM335x_armTestProject/Debug/configPkg/package/cfg/am335x_app_bbbam335x_pa8fg.oa8fg
                0x00000000800044f4                ti_sysbios_knl_Semaphore_destruct
 .text.ti_sysbios_knl_Task_Object__get__S
                0x0000000080004534       0x74 /home/felipe/Arquivos_RTOS/GPIO_LedBlink_bbbAM335x_armTestProject/Debug/configPkg/package/cfg/am335x_app_bbbam335x_pa8fg.oa8fg
                0x0000000080004534                ti_sysbios_knl_Task_Object__get(void) static
 .text.ti_sysbios_timers_dmtimer_Timer_Module__startupDone__S
                0x00000000800045a8       0x18 /home/felipe/Arquivos_RTOS/GPIO_LedBlink_bbbAM335x_armTestProject/Debug/configPkg/package/cfg/am335x_app_bbbam335x_pa8fg.oa8fg
                0x00000000800045a8                ti_sysbios_timers_dmtimer_Timer_Module__startupDone(void) static
 .text.ti_sysbios_family_arm_TaskSupport_buildTaskStack
                0x00000000800045c0       0x7c /home/felipe/ti/pdk_am335x_1_0_9/packages/ti/drv/gpio/test/led_blink/am335x/armv7/bios/src/sysbios/sysbios.aa8fg(arm_TaskSupport_asm_gnu.o)
                0x00000000800045c0                ti_sysbios_family_arm_TaskSupport_buildTaskStack
 .text.ti_sysbios_family_arm_TaskSupport_swap__E
                0x000000008000463c       0x18 /home/felipe/ti/pdk_am335x_1_0_9/packages/ti/drv/gpio/test/led_blink/am335x/armv7/bios/src/sysbios/sysbios.aa8fg(arm_TaskSupport_asm_gnu.o)
                0x000000008000463c                ti_sysbios_family_arm_TaskSupport_swap__E
 .text.ti_sysbios_family_arm_TaskSupport_glue
                0x0000000080004654       0x1c /home/felipe/ti/pdk_am335x_1_0_9/packages/ti/drv/gpio/test/led_blink/am335x/armv7/bios/src/sysbios/sysbios.aa8fg(arm_TaskSupport_asm_gnu.o)
                0x0000000080004654                ti_sysbios_family_arm_TaskSupport_glue
 .text.ti_sysbios_family_arm_a8_Cache_disableL1d__I
                0x0000000080004670       0x1c /home/felipe/ti/pdk_am335x_1_0_9/packages/ti/drv/gpio/test/led_blink/am335x/armv7/bios/src/sysbios/sysbios.aa8fg(a8_Cache_asm_gnu.o)
                0x0000000080004670                ti_sysbios_family_arm_a8_Cache_disableL1d(int0_t)
 .text.ti_sysbios_family_arm_a8_Cache_disableL1p__I
                0x000000008000468c       0x14 /home/felipe/ti/pdk_am335x_1_0_9/packages/ti/drv/gpio/test/led_blink/am335x/armv7/bios/src/sysbios/sysbios.aa8fg(a8_Cache_asm_gnu.o)
                0x000000008000468c                ti_sysbios_family_arm_a8_Cache_disableL1p(int0_t)
 .text.ti_sysbios_family_arm_a8_Cache_disableL2__I
                0x00000000800046a0       0x10 /home/felipe/ti/pdk_am335x_1_0_9/packages/ti/drv/gpio/test/led_blink/am335x/armv7/bios/src/sysbios/sysbios.aa8fg(a8_Cache_asm_gnu.o)
                0x00000000800046a0                ti_sysbios_family_arm_a8_Cache_disableL2(int0_t)
 .text.ti_sysbios_family_arm_a8_Cache_enableL1d__I
                0x00000000800046b0       0x10 /home/felipe/ti/pdk_am335x_1_0_9/packages/ti/drv/gpio/test/led_blink/am335x/armv7/bios/src/sysbios/sysbios.aa8fg(a8_Cache_asm_gnu.o)
                0x00000000800046b0                ti_sysbios_family_arm_a8_Cache_enableL1d(int0_t)
 .text.ti_sysbios_family_arm_a8_Cache_enableL1p__I
                0x00000000800046c0       0x14 /home/felipe/ti/pdk_am335x_1_0_9/packages/ti/drv/gpio/test/led_blink/am335x/armv7/bios/src/sysbios/sysbios.aa8fg(a8_Cache_asm_gnu.o)
                0x00000000800046c0                ti_sysbios_family_arm_a8_Cache_enableL1p(int0_t)
 .text.ti_sysbios_family_arm_a8_Cache_enableL2__I
                0x00000000800046d4       0x10 /home/felipe/ti/pdk_am335x_1_0_9/packages/ti/drv/gpio/test/led_blink/am335x/armv7/bios/src/sysbios/sysbios.aa8fg(a8_Cache_asm_gnu.o)
                0x00000000800046d4                ti_sysbios_family_arm_a8_Cache_enableL2(int0_t)
 .text.ti_sysbios_family_arm_a8_Cache_invL1dAll__E
                0x00000000800046e4       0x94 /home/felipe/ti/pdk_am335x_1_0_9/packages/ti/drv/gpio/test/led_blink/am335x/armv7/bios/src/sysbios/sysbios.aa8fg(a8_Cache_asm_gnu.o)
                0x00000000800046e4                ti_sysbios_family_arm_a8_Cache_invL1dAll__E
 .text.ti_sysbios_family_arm_a8_Cache_invL1pAll__E
                0x0000000080004778        0x8 /home/felipe/ti/pdk_am335x_1_0_9/packages/ti/drv/gpio/test/led_blink/am335x/armv7/bios/src/sysbios/sysbios.aa8fg(a8_Cache_asm_gnu.o)
                0x0000000080004778                ti_sysbios_family_arm_a8_Cache_invL1pAll__E
 .text.ti_sysbios_family_arm_a8_Cache_wbInvAll__E
                0x0000000080004780       0x94 /home/felipe/ti/pdk_am335x_1_0_9/packages/ti/drv/gpio/test/led_blink/am335x/armv7/bios/src/sysbios/sysbios.aa8fg(a8_Cache_asm_gnu.o)
                0x0000000080004780                ti_sysbios_family_arm_a8_Cache_wbInvAll__E
 .text.ti_sysbios_family_arm_a8_Cache_getEnabled__E
                0x0000000080004814       0x38 /home/felipe/ti/pdk_am335x_1_0_9/packages/ti/drv/gpio/test/led_blink/am335x/armv7/bios/src/sysbios/sysbios.aa8fg(a8_Cache_asm_gnu.o)
                0x0000000080004814                ti_sysbios_family_arm_a8_Cache_getEnabled__E
 .text.ti_sysbios_family_arm_a8_Cache_getCacheLevelInfo__I
                0x000000008000484c        0xc /home/felipe/ti/pdk_am335x_1_0_9/packages/ti/drv/gpio/test/led_blink/am335x/armv7/bios/src/sysbios/sysbios.aa8fg(a8_Cache_asm_gnu.o)
                0x000000008000484c                ti_sysbios_family_arm_a8_Cache_getCacheLevelInfo(int0_t)
 .text.ti_sysbios_family_arm_a8_Cache_getLockdownReg__I
                0x0000000080004858        0x8 /home/felipe/ti/pdk_am335x_1_0_9/packages/ti/drv/gpio/test/led_blink/am335x/armv7/bios/src/sysbios/sysbios.aa8fg(a8_Cache_asm_gnu.o)
                0x0000000080004858                ti_sysbios_family_arm_a8_Cache_getLockdownReg(int0_t)
 .text.ti_sysbios_family_arm_a8_Cache_setLockdownReg__I
                0x0000000080004860        0x8 /home/felipe/ti/pdk_am335x_1_0_9/packages/ti/drv/gpio/test/led_blink/am335x/armv7/bios/src/sysbios/sysbios.aa8fg(a8_Cache_asm_gnu.o)
                0x0000000080004860                ti_sysbios_family_arm_a8_Cache_setLockdownReg(int0_t)
 .text.ti_sysbios_family_arm_a8_Cache_disableBP__E
                0x0000000080004868       0x1c /home/felipe/ti/pdk_am335x_1_0_9/packages/ti/drv/gpio/test/led_blink/am335x/armv7/bios/src/sysbios/sysbios.aa8fg(a8_Cache_asm_gnu.o)
                0x0000000080004868                ti_sysbios_family_arm_a8_Cache_disableBP__E
 .text.ti_sysbios_family_arm_a8_Cache_enableBP__E
                0x0000000080004884       0x1c /home/felipe/ti/pdk_am335x_1_0_9/packages/ti/drv/gpio/test/led_blink/am335x/armv7/bios/src/sysbios/sysbios.aa8fg(a8_Cache_asm_gnu.o)
                0x0000000080004884                ti_sysbios_family_arm_a8_Cache_enableBP__E
 .text.ti_sysbios_family_arm_a8_TimestampProvider_get32__E
                0x00000000800048a0        0x8 /home/felipe/ti/pdk_am335x_1_0_9/packages/ti/drv/gpio/test/led_blink/am335x/armv7/bios/src/sysbios/sysbios.aa8fg(a8_TimestampProvider_asm_gnu.o)
                0x00000000800048a0                ti_sysbios_family_arm_a8_TimestampProvider_get32__E
 .text.ti_sysbios_family_arm_a8_TimestampProvider_initCCNT__I
                0x00000000800048a8       0x1c /home/felipe/ti/pdk_am335x_1_0_9/packages/ti/drv/gpio/test/led_blink/am335x/armv7/bios/src/sysbios/sysbios.aa8fg(a8_TimestampProvider_asm_gnu.o)
                0x00000000800048a8                ti_sysbios_family_arm_a8_TimestampProvider_initCCNT(int0_t)
 .text.ti_sysbios_family_arm_a8_intcps_Hwi_dispatchIRQ__I
                0x00000000800048c4       0xbc /home/felipe/ti/pdk_am335x_1_0_9/packages/ti/drv/gpio/test/led_blink/am335x/armv7/bios/src/sysbios/sysbios.aa8fg(intcps_Hwi_asm_gnu.o)
                0x00000000800048c4                ti_sysbios_family_arm_a8_intcps_Hwi_dispatchIRQ(int0_t)
 .text.ti_sysbios_family_arm_a8_intcps_Hwi_init__I
                0x0000000080004980       0x24 /home/felipe/ti/pdk_am335x_1_0_9/packages/ti/drv/gpio/test/led_blink/am335x/armv7/bios/src/sysbios/sysbios.aa8fg(intcps_Hwi_asm_gnu.o)
                0x0000000080004980                ti_sysbios_family_arm_a8_intcps_Hwi_init(int0_t)
 .text.ti_sysbios_family_arm_a8_intcps_Hwi_initVbar__I
                0x00000000800049a4       0x10 /home/felipe/ti/pdk_am335x_1_0_9/packages/ti/drv/gpio/test/led_blink/am335x/armv7/bios/src/sysbios/sysbios.aa8fg(intcps_Hwi_asm_gnu.o)
                0x00000000800049a4                ti_sysbios_family_arm_a8_intcps_Hwi_initVbar(int0_t)
 .text.ti_sysbios_family_arm_exc_Exception_excHandlerAsm__I
                0x00000000800049b4       0x68 /home/felipe/ti/pdk_am335x_1_0_9/packages/ti/drv/gpio/test/led_blink/am335x/armv7/bios/src/sysbios/sysbios.aa8fg(exc_Exception_asm_gnu.o)
                0x00000000800049b4                ti_sysbios_family_arm_exc_Exception_excHandlerAsm(int0_t)
 .text.ti_sysbios_family_arm_exc_Exception_excHandlerDataAsm__I
                0x0000000080004a1c       0x6c /home/felipe/ti/pdk_am335x_1_0_9/packages/ti/drv/gpio/test/led_blink/am335x/armv7/bios/src/sysbios/sysbios.aa8fg(exc_Exception_asm_gnu.o)
                0x0000000080004a1c                ti_sysbios_family_arm_exc_Exception_excHandlerDataAsm(int0_t)
 .text.ti_sysbios_family_arm_exc_Exception_initCore0__I
                0x0000000080004a88       0x64 /home/felipe/ti/pdk_am335x_1_0_9/packages/ti/drv/gpio/test/led_blink/am335x/armv7/bios/src/sysbios/sysbios.aa8fg(exc_Exception_asm_gnu.o)
                0x0000000080004a88                ti_sysbios_family_arm_exc_Exception_initCore0(int0_t)
 .text.ti_sysbios_BIOS_linkedWithIncorrectBootLibrary__E
                0x0000000080004aec        0x4 /home/felipe/ti/pdk_am335x_1_0_9/packages/ti/drv/gpio/test/led_blink/am335x/armv7/bios/src/sysbios/sysbios.aa8fg(_BIOS.o)
                0x0000000080004aec                ti_sysbios_BIOS_linkedWithIncorrectBootLibrary__E
 .text.ti_sysbios_BIOS_getThreadType__E
                0x0000000080004af0       0x10 /home/felipe/ti/pdk_am335x_1_0_9/packages/ti/drv/gpio/test/led_blink/am335x/armv7/bios/src/sysbios/sysbios.aa8fg(_BIOS.o)
                0x0000000080004af0                ti_sysbios_BIOS_getThreadType__E
 .text.ti_sysbios_BIOS_setThreadType__E
                0x0000000080004b00       0x18 /home/felipe/ti/pdk_am335x_1_0_9/packages/ti/drv/gpio/test/led_blink/am335x/armv7/bios/src/sysbios/sysbios.aa8fg(_BIOS.o)
                0x0000000080004b00                ti_sysbios_BIOS_setThreadType__E
 .text.ti_sysbios_BIOS_getCpuFreq__E
                0x0000000080004b18       0x1c /home/felipe/ti/pdk_am335x_1_0_9/packages/ti/drv/gpio/test/led_blink/am335x/armv7/bios/src/sysbios/sysbios.aa8fg(_BIOS.o)
                0x0000000080004b18                ti_sysbios_BIOS_getCpuFreq__E
 .text.ti_sysbios_BIOS_start__E
                0x0000000080004b34       0x10 /home/felipe/ti/pdk_am335x_1_0_9/packages/ti/drv/gpio/test/led_blink/am335x/armv7/bios/src/sysbios/sysbios.aa8fg(_BIOS.o)
                0x0000000080004b34                ti_sysbios_BIOS_start__E
 .text.ti_sysbios_BIOS_exit__E
                0x0000000080004b44       0x10 /home/felipe/ti/pdk_am335x_1_0_9/packages/ti/drv/gpio/test/led_blink/am335x/armv7/bios/src/sysbios/sysbios.aa8fg(_BIOS.o)
                0x0000000080004b44                ti_sysbios_BIOS_exit__E
 .text.ti_sysbios_family_arm_IntrinsicsSupport_maxbit__E
                0x0000000080004b54        0x4 /home/felipe/ti/pdk_am335x_1_0_9/packages/ti/drv/gpio/test/led_blink/am335x/armv7/bios/src/sysbios/sysbios.aa8fg(arm_IntrinsicsSupport.o)
                0x0000000080004b54                ti_sysbios_family_arm_IntrinsicsSupport_maxbit__E
 .text.ti_sysbios_family_arm_TaskSupport_start__E
                0x0000000080004b58       0x3c /home/felipe/ti/pdk_am335x_1_0_9/packages/ti/drv/gpio/test/led_blink/am335x/armv7/bios/src/sysbios/sysbios.aa8fg(arm_TaskSupport.o)
                0x0000000080004b58                ti_sysbios_family_arm_TaskSupport_start__E
 .text.ti_sysbios_knl_Clock_Module_startup__E
                0x0000000080004b94       0x34 /home/felipe/ti/pdk_am335x_1_0_9/packages/ti/drv/gpio/test/led_blink/am335x/armv7/bios/src/sysbios/sysbios.aa8fg(knl_Clock.o)
                0x0000000080004b94                ti_sysbios_knl_Clock_Module_startup__E
 .text.ti_sysbios_knl_Clock_workFunc__E
                0x0000000080004bc8       0xd0 /home/felipe/ti/pdk_am335x_1_0_9/packages/ti/drv/gpio/test/led_blink/am335x/armv7/bios/src/sysbios/sysbios.aa8fg(knl_Clock.o)
                0x0000000080004bc8                ti_sysbios_knl_Clock_workFunc__E
 .text.ti_sysbios_knl_Clock_addI__E
                0x0000000080004c98       0x44 /home/felipe/ti/pdk_am335x_1_0_9/packages/ti/drv/gpio/test/led_blink/am335x/armv7/bios/src/sysbios/sysbios.aa8fg(knl_Clock.o)
                0x0000000080004c98                ti_sysbios_knl_Clock_addI__E
 .text.ti_sysbios_knl_Clock_removeI__E
                0x0000000080004cdc        0x4 /home/felipe/ti/pdk_am335x_1_0_9/packages/ti/drv/gpio/test/led_blink/am335x/armv7/bios/src/sysbios/sysbios.aa8fg(knl_Clock.o)
                0x0000000080004cdc                ti_sysbios_knl_Clock_removeI__E
 .text.ti_sysbios_knl_Clock_startI__E
                0x0000000080004ce0       0x24 /home/felipe/ti/pdk_am335x_1_0_9/packages/ti/drv/gpio/test/led_blink/am335x/armv7/bios/src/sysbios/sysbios.aa8fg(knl_Clock.o)
                0x0000000080004ce0                ti_sysbios_knl_Clock_startI__E
 .text.ti_sysbios_knl_Clock_stop__E
                0x0000000080004d04        0xc /home/felipe/ti/pdk_am335x_1_0_9/packages/ti/drv/gpio/test/led_blink/am335x/armv7/bios/src/sysbios/sysbios.aa8fg(knl_Clock.o)
                0x0000000080004d04                ti_sysbios_knl_Clock_stop__E
 .text.ti_sysbios_knl_Clock_logTick__E
                0x0000000080004d10        0x4 /home/felipe/ti/pdk_am335x_1_0_9/packages/ti/drv/gpio/test/led_blink/am335x/armv7/bios/src/sysbios/sysbios.aa8fg(knl_Clock.o)
                0x0000000080004d10                ti_sysbios_knl_Clock_logTick__E
 .text.ti_sysbios_knl_Queue_Instance_init__E
                0x0000000080004d14        0xc /home/felipe/ti/pdk_am335x_1_0_9/packages/ti/drv/gpio/test/led_blink/am335x/armv7/bios/src/sysbios/sysbios.aa8fg(knl_Queue.o)
                0x0000000080004d14                ti_sysbios_knl_Queue_Instance_init__E
 .text.ti_sysbios_knl_Queue_dequeue__E
                0x0000000080004d20       0x18 /home/felipe/ti/pdk_am335x_1_0_9/packages/ti/drv/gpio/test/led_blink/am335x/armv7/bios/src/sysbios/sysbios.aa8fg(knl_Queue.o)
                0x0000000080004d20                ti_sysbios_knl_Queue_dequeue__E
 .text.ti_sysbios_knl_Queue_empty__E
                0x0000000080004d38       0x14 /home/felipe/ti/pdk_am335x_1_0_9/packages/ti/drv/gpio/test/led_blink/am335x/armv7/bios/src/sysbios/sysbios.aa8fg(knl_Queue.o)
                0x0000000080004d38                ti_sysbios_knl_Queue_empty__E
 .text.ti_sysbios_knl_Queue_enqueue__E
                0x0000000080004d4c       0x18 /home/felipe/ti/pdk_am335x_1_0_9/packages/ti/drv/gpio/test/led_blink/am335x/armv7/bios/src/sysbios/sysbios.aa8fg(knl_Queue.o)
                0x0000000080004d4c                ti_sysbios_knl_Queue_enqueue__E
 .text.ti_sysbios_knl_Queue_head__E
                0x0000000080004d64        0x8 /home/felipe/ti/pdk_am335x_1_0_9/packages/ti/drv/gpio/test/led_blink/am335x/armv7/bios/src/sysbios/sysbios.aa8fg(knl_Queue.o)
                0x0000000080004d64                ti_sysbios_knl_Queue_head__E
 .text.ti_sysbios_knl_Queue_elemClear__E
                0x0000000080004d6c        0xc /home/felipe/ti/pdk_am335x_1_0_9/packages/ti/drv/gpio/test/led_blink/am335x/armv7/bios/src/sysbios/sysbios.aa8fg(knl_Queue.o)
                0x0000000080004d6c                ti_sysbios_knl_Queue_elemClear__E
 .text.ti_sysbios_knl_Queue_insert__E
                0x0000000080004d78       0x18 /home/felipe/ti/pdk_am335x_1_0_9/packages/ti/drv/gpio/test/led_blink/am335x/armv7/bios/src/sysbios/sysbios.aa8fg(knl_Queue.o)
                0x0000000080004d78                ti_sysbios_knl_Queue_insert__E
 .text.ti_sysbios_knl_Queue_next__E
                0x0000000080004d90        0x8 /home/felipe/ti/pdk_am335x_1_0_9/packages/ti/drv/gpio/test/led_blink/am335x/armv7/bios/src/sysbios/sysbios.aa8fg(knl_Queue.o)
                0x0000000080004d90                ti_sysbios_knl_Queue_next__E
 .text.ti_sysbios_knl_Queue_put__E
                0x0000000080004d98       0x30 /home/felipe/ti/pdk_am335x_1_0_9/packages/ti/drv/gpio/test/led_blink/am335x/armv7/bios/src/sysbios/sysbios.aa8fg(knl_Queue.o)
                0x0000000080004d98                ti_sysbios_knl_Queue_put__E
 .text.ti_sysbios_knl_Queue_remove__E
                0x0000000080004dc8       0x1c /home/felipe/ti/pdk_am335x_1_0_9/packages/ti/drv/gpio/test/led_blink/am335x/armv7/bios/src/sysbios/sysbios.aa8fg(knl_Queue.o)
                0x0000000080004dc8                ti_sysbios_knl_Queue_remove__E
 .text.ti_sysbios_knl_Semaphore_pendTimeout__I
                0x0000000080004de4       0x50 /home/felipe/ti/pdk_am335x_1_0_9/packages/ti/drv/gpio/test/led_blink/am335x/armv7/bios/src/sysbios/sysbios.aa8fg(knl_Semaphore.o)
                0x0000000080004de4                ti_sysbios_knl_Semaphore_pendTimeout(int0_t)
 .text.ti_sysbios_knl_Semaphore_Instance_init__E
                0x0000000080004e34       0x40 /home/felipe/ti/pdk_am335x_1_0_9/packages/ti/drv/gpio/test/led_blink/am335x/armv7/bios/src/sysbios/sysbios.aa8fg(knl_Semaphore.o)
                0x0000000080004e34                ti_sysbios_knl_Semaphore_Instance_init__E
 .text.ti_sysbios_knl_Semaphore_Instance_finalize__E
                0x0000000080004e74       0x14 /home/felipe/ti/pdk_am335x_1_0_9/packages/ti/drv/gpio/test/led_blink/am335x/armv7/bios/src/sysbios/sysbios.aa8fg(knl_Semaphore.o)
                0x0000000080004e74                ti_sysbios_knl_Semaphore_Instance_finalize__E
 .text.ti_sysbios_knl_Semaphore_pend__E
                0x0000000080004e88      0x1cc /home/felipe/ti/pdk_am335x_1_0_9/packages/ti/drv/gpio/test/led_blink/am335x/armv7/bios/src/sysbios/sysbios.aa8fg(knl_Semaphore.o)
                0x0000000080004e88                ti_sysbios_knl_Semaphore_pend__E
 .text.ti_sysbios_knl_Semaphore_post__E
                0x0000000080005054       0xa4 /home/felipe/ti/pdk_am335x_1_0_9/packages/ti/drv/gpio/test/led_blink/am335x/armv7/bios/src/sysbios/sysbios.aa8fg(knl_Semaphore.o)
                0x0000000080005054                ti_sysbios_knl_Semaphore_post__E
 .text.ti_sysbios_knl_Swi_Module_startup__E
                0x00000000800050f8        0x8 /home/felipe/ti/pdk_am335x_1_0_9/packages/ti/drv/gpio/test/led_blink/am335x/armv7/bios/src/sysbios/sysbios.aa8fg(knl_Swi.o)
                0x00000000800050f8                ti_sysbios_knl_Swi_Module_startup__E
 .text.ti_sysbios_knl_Swi_disable__E
                0x0000000080005100       0x28 /home/felipe/ti/pdk_am335x_1_0_9/packages/ti/drv/gpio/test/led_blink/am335x/armv7/bios/src/sysbios/sysbios.aa8fg(knl_Swi.o)
                0x0000000080005100                ti_sysbios_knl_Swi_disable__E
 .text.ti_sysbios_knl_Swi_restoreHwi__E
                0x0000000080005128      0x120 /home/felipe/ti/pdk_am335x_1_0_9/packages/ti/drv/gpio/test/led_blink/am335x/armv7/bios/src/sysbios/sysbios.aa8fg(knl_Swi.o)
                0x0000000080005128                ti_sysbios_knl_Swi_restoreHwi__E
 .text.ti_sysbios_knl_Task_sleepTimeout__I
                0x0000000080005248       0xa0 /home/felipe/ti/pdk_am335x_1_0_9/packages/ti/drv/gpio/test/led_blink/am335x/armv7/bios/src/sysbios/sysbios.aa8fg(knl_Task.o)
                0x0000000080005248                ti_sysbios_knl_Task_sleepTimeout(int0_t)
 .text.ti_sysbios_knl_Task_schedule__I
                0x00000000800052e8      0x13c /home/felipe/ti/pdk_am335x_1_0_9/packages/ti/drv/gpio/test/led_blink/am335x/armv7/bios/src/sysbios/sysbios.aa8fg(knl_Task.o)
                0x00000000800052e8                ti_sysbios_knl_Task_schedule(int0_t)
 .text.ti_sysbios_knl_Task_enter__I
                0x0000000080005424       0x38 /home/felipe/ti/pdk_am335x_1_0_9/packages/ti/drv/gpio/test/led_blink/am335x/armv7/bios/src/sysbios/sysbios.aa8fg(knl_Task.o)
                0x0000000080005424                ti_sysbios_knl_Task_enter(int0_t)
 .text.ti_sysbios_knl_Task_exit__E
                0x000000008000545c      0x160 /home/felipe/ti/pdk_am335x_1_0_9/packages/ti/drv/gpio/test/led_blink/am335x/armv7/bios/src/sysbios/sysbios.aa8fg(knl_Task.o)
                0x000000008000545c                ti_sysbios_knl_Task_exit__E
 .text.ti_sysbios_knl_Task_postInit__I.constprop.3
                0x00000000800055bc      0x224 /home/felipe/ti/pdk_am335x_1_0_9/packages/ti/drv/gpio/test/led_blink/am335x/armv7/bios/src/sysbios/sysbios.aa8fg(knl_Task.o)
 .text.ti_sysbios_knl_Task_Module_startup__E
                0x00000000800057e0       0xc8 /home/felipe/ti/pdk_am335x_1_0_9/packages/ti/drv/gpio/test/led_blink/am335x/armv7/bios/src/sysbios/sysbios.aa8fg(knl_Task.o)
                0x00000000800057e0                ti_sysbios_knl_Task_Module_startup__E
 .text.ti_sysbios_knl_Task_startCore__E
                0x00000000800058a8      0x124 /home/felipe/ti/pdk_am335x_1_0_9/packages/ti/drv/gpio/test/led_blink/am335x/armv7/bios/src/sysbios/sysbios.aa8fg(knl_Task.o)
                0x00000000800058a8                ti_sysbios_knl_Task_startCore__E
 .text.ti_sysbios_knl_Task_startup__E
                0x00000000800059cc        0x8 /home/felipe/ti/pdk_am335x_1_0_9/packages/ti/drv/gpio/test/led_blink/am335x/armv7/bios/src/sysbios/sysbios.aa8fg(knl_Task.o)
                0x00000000800059cc                ti_sysbios_knl_Task_startup__E
 .text.ti_sysbios_knl_Task_disable__E
                0x00000000800059d4       0x28 /home/felipe/ti/pdk_am335x_1_0_9/packages/ti/drv/gpio/test/led_blink/am335x/armv7/bios/src/sysbios/sysbios.aa8fg(knl_Task.o)
                0x00000000800059d4                ti_sysbios_knl_Task_disable__E
 .text.ti_sysbios_knl_Task_restore__E
                0x00000000800059fc       0x48 /home/felipe/ti/pdk_am335x_1_0_9/packages/ti/drv/gpio/test/led_blink/am335x/armv7/bios/src/sysbios/sysbios.aa8fg(knl_Task.o)
                0x00000000800059fc                ti_sysbios_knl_Task_restore__E
 .text.ti_sysbios_knl_Task_restoreHwi__E
                0x0000000080005a44       0x40 /home/felipe/ti/pdk_am335x_1_0_9/packages/ti/drv/gpio/test/led_blink/am335x/armv7/bios/src/sysbios/sysbios.aa8fg(knl_Task.o)
                0x0000000080005a44                ti_sysbios_knl_Task_restoreHwi__E
 .text.ti_sysbios_knl_Task_self__E
                0x0000000080005a84       0x10 /home/felipe/ti/pdk_am335x_1_0_9/packages/ti/drv/gpio/test/led_blink/am335x/armv7/bios/src/sysbios/sysbios.aa8fg(knl_Task.o)
                0x0000000080005a84                ti_sysbios_knl_Task_self__E
 .text.ti_sysbios_knl_Task_sleep__E
                0x0000000080005a94      0x14c /home/felipe/ti/pdk_am335x_1_0_9/packages/ti/drv/gpio/test/led_blink/am335x/armv7/bios/src/sysbios/sysbios.aa8fg(knl_Task.o)
                0x0000000080005a94                ti_sysbios_knl_Task_sleep__E
 .text.ti_sysbios_knl_Task_getHookContext__E
                0x0000000080005be0        0xc /home/felipe/ti/pdk_am335x_1_0_9/packages/ti/drv/gpio/test/led_blink/am335x/armv7/bios/src/sysbios/sysbios.aa8fg(knl_Task.o)
                0x0000000080005be0                ti_sysbios_knl_Task_getHookContext__E
 .text.ti_sysbios_knl_Task_setHookContext__E
                0x0000000080005bec        0xc /home/felipe/ti/pdk_am335x_1_0_9/packages/ti/drv/gpio/test/led_blink/am335x/armv7/bios/src/sysbios/sysbios.aa8fg(knl_Task.o)
                0x0000000080005bec                ti_sysbios_knl_Task_setHookContext__E
 .text.ti_sysbios_knl_Task_getPri__E
                0x0000000080005bf8        0x8 /home/felipe/ti/pdk_am335x_1_0_9/packages/ti/drv/gpio/test/led_blink/am335x/armv7/bios/src/sysbios/sysbios.aa8fg(knl_Task.o)
                0x0000000080005bf8                ti_sysbios_knl_Task_getPri__E
 .text.ti_sysbios_knl_Task_blockI__E
                0x0000000080005c00       0x6c /home/felipe/ti/pdk_am335x_1_0_9/packages/ti/drv/gpio/test/led_blink/am335x/armv7/bios/src/sysbios/sysbios.aa8fg(knl_Task.o)
                0x0000000080005c00                ti_sysbios_knl_Task_blockI__E
 .text.ti_sysbios_knl_Task_unblockI__E
                0x0000000080005c6c       0x90 /home/felipe/ti/pdk_am335x_1_0_9/packages/ti/drv/gpio/test/led_blink/am335x/armv7/bios/src/sysbios/sysbios.aa8fg(knl_Task.o)
                0x0000000080005c6c                ti_sysbios_knl_Task_unblockI__E
 .text.ti_sysbios_hal_Hwi_Module_startup__E
                0x0000000080005cfc       0x18 /home/felipe/ti/pdk_am335x_1_0_9/packages/ti/drv/gpio/test/led_blink/am335x/armv7/bios/src/sysbios/sysbios.aa8fg(hal_Hwi.o)
                0x0000000080005cfc                ti_sysbios_hal_Hwi_Module_startup__E
 .text.ti_sysbios_hal_Hwi_disableInterrupt__E
                0x0000000080005d14        0x4 /home/felipe/ti/pdk_am335x_1_0_9/packages/ti/drv/gpio/test/led_blink/am335x/armv7/bios/src/sysbios/sysbios.aa8fg(hal_Hwi.o)
                0x0000000080005d14                ti_sysbios_hal_Hwi_disableInterrupt__E
 .text.ti_sysbios_hal_Hwi_enableInterrupt__E
                0x0000000080005d18        0x4 /home/felipe/ti/pdk_am335x_1_0_9/packages/ti/drv/gpio/test/led_blink/am335x/armv7/bios/src/sysbios/sysbios.aa8fg(hal_Hwi.o)
                0x0000000080005d18                ti_sysbios_hal_Hwi_enableInterrupt__E
 .text.ti_sysbios_hal_Hwi_clearInterrupt__E
                0x0000000080005d1c        0x4 /home/felipe/ti/pdk_am335x_1_0_9/packages/ti/drv/gpio/test/led_blink/am335x/armv7/bios/src/sysbios/sysbios.aa8fg(hal_Hwi.o)
                0x0000000080005d1c                ti_sysbios_hal_Hwi_clearInterrupt__E
 .text.ti_sysbios_hal_Hwi_getStackInfo__E
                0x0000000080005d20        0x4 /home/felipe/ti/pdk_am335x_1_0_9/packages/ti/drv/gpio/test/led_blink/am335x/armv7/bios/src/sysbios/sysbios.aa8fg(hal_Hwi.o)
                0x0000000080005d20                ti_sysbios_hal_Hwi_getStackInfo__E
 .text.ti_sysbios_hal_Hwi_switchFromBootStack__E
                0x0000000080005d24        0x4 /home/felipe/ti/pdk_am335x_1_0_9/packages/ti/drv/gpio/test/led_blink/am335x/armv7/bios/src/sysbios/sysbios.aa8fg(hal_Hwi.o)
                0x0000000080005d24                ti_sysbios_hal_Hwi_switchFromBootStack__E
 .text.ti_sysbios_hal_Hwi_initStack
                0x0000000080005d28       0x3c /home/felipe/ti/pdk_am335x_1_0_9/packages/ti/drv/gpio/test/led_blink/am335x/armv7/bios/src/sysbios/sysbios.aa8fg(hal_Hwi_stack.o)
                0x0000000080005d28                ti_sysbios_hal_Hwi_initStack
 .text.ti_sysbios_hal_Hwi_checkStack
                0x0000000080005d64       0x5c /home/felipe/ti/pdk_am335x_1_0_9/packages/ti/drv/gpio/test/led_blink/am335x/armv7/bios/src/sysbios/sysbios.aa8fg(hal_Hwi_stack.o)
                0x0000000080005d64                ti_sysbios_hal_Hwi_checkStack
 .text.ti_sysbios_hal_Hwi_startup__E
                0x0000000080005dc0        0x4 /home/felipe/ti/pdk_am335x_1_0_9/packages/ti/drv/gpio/test/led_blink/am335x/armv7/bios/src/sysbios/sysbios.aa8fg(hal_Hwi_startup.o)
                0x0000000080005dc0                ti_sysbios_hal_Hwi_startup__E
 .text.ti_sysbios_hal_Timer_Module_startup__E
                0x0000000080005dc4       0x18 /home/felipe/ti/pdk_am335x_1_0_9/packages/ti/drv/gpio/test/led_blink/am335x/armv7/bios/src/sysbios/sysbios.aa8fg(hal_Timer.o)
                0x0000000080005dc4                ti_sysbios_hal_Timer_Module_startup__E
 .text.ti_sysbios_heaps_HeapMem_init__I
                0x0000000080005ddc       0x68 /home/felipe/ti/pdk_am335x_1_0_9/packages/ti/drv/gpio/test/led_blink/am335x/armv7/bios/src/sysbios/sysbios.aa8fg(heaps_HeapMem.o)
                0x0000000080005ddc                ti_sysbios_heaps_HeapMem_init(int0_t)
 .text.ti_sysbios_heaps_HeapMem_Instance_init__E
                0x0000000080005e44       0x74 /home/felipe/ti/pdk_am335x_1_0_9/packages/ti/drv/gpio/test/led_blink/am335x/armv7/bios/src/sysbios/sysbios.aa8fg(heaps_HeapMem.o)
                0x0000000080005e44                ti_sysbios_heaps_HeapMem_Instance_init__E
 .text.ti_sysbios_heaps_HeapMem_alloc__E
                0x0000000080005eb8      0x164 /home/felipe/ti/pdk_am335x_1_0_9/packages/ti/drv/gpio/test/led_blink/am335x/armv7/bios/src/sysbios/sysbios.aa8fg(heaps_HeapMem.o)
                0x0000000080005eb8                ti_sysbios_heaps_HeapMem_alloc__E
 .text.ti_sysbios_heaps_HeapMem_free__E
                0x000000008000601c       0xec /home/felipe/ti/pdk_am335x_1_0_9/packages/ti/drv/gpio/test/led_blink/am335x/armv7/bios/src/sysbios/sysbios.aa8fg(heaps_HeapMem.o)
                0x000000008000601c                ti_sysbios_heaps_HeapMem_free__E
 .text.ti_sysbios_heaps_HeapMem_isBlocking__E
                0x0000000080006108        0x8 /home/felipe/ti/pdk_am335x_1_0_9/packages/ti/drv/gpio/test/led_blink/am335x/armv7/bios/src/sysbios/sysbios.aa8fg(heaps_HeapMem.o)
                0x0000000080006108                ti_sysbios_heaps_HeapMem_isBlocking__E
 .text.ti_sysbios_heaps_HeapMem_getStats__E
                0x0000000080006110       0x74 /home/felipe/ti/pdk_am335x_1_0_9/packages/ti/drv/gpio/test/led_blink/am335x/armv7/bios/src/sysbios/sysbios.aa8fg(heaps_HeapMem.o)
                0x0000000080006110                ti_sysbios_heaps_HeapMem_getStats__E
 .text.ti_sysbios_rts_gnu_ReentSupport_Module_startup__E
                0x0000000080006184       0x40 /home/felipe/ti/pdk_am335x_1_0_9/packages/ti/drv/gpio/test/led_blink/am335x/armv7/bios/src/sysbios/sysbios.aa8fg(gnu_ReentSupport.o)
                0x0000000080006184                ti_sysbios_rts_gnu_ReentSupport_Module_startup__E
 .text.ti_sysbios_rts_gnu_ReentSupport_taskRegHook__I
                0x00000000800061c4       0x10 /home/felipe/ti/pdk_am335x_1_0_9/packages/ti/drv/gpio/test/led_blink/am335x/armv7/bios/src/sysbios/sysbios.aa8fg(gnu_ReentSupport.o)
                0x00000000800061c4                ti_sysbios_rts_gnu_ReentSupport_taskRegHook(int0_t)
 .text.ti_sysbios_rts_gnu_ReentSupport_taskDeleteHook__I
                0x00000000800061d4       0x3c /home/felipe/ti/pdk_am335x_1_0_9/packages/ti/drv/gpio/test/led_blink/am335x/armv7/bios/src/sysbios/sysbios.aa8fg(gnu_ReentSupport.o)
                0x00000000800061d4                ti_sysbios_rts_gnu_ReentSupport_taskDeleteHook(int0_t)
 .text.ti_sysbios_rts_gnu_ReentSupport_getReent__I
                0x0000000080006210       0xb0 /home/felipe/ti/pdk_am335x_1_0_9/packages/ti/drv/gpio/test/led_blink/am335x/armv7/bios/src/sysbios/sysbios.aa8fg(gnu_ReentSupport.o)
                0x0000000080006210                ti_sysbios_rts_gnu_ReentSupport_getReent(int0_t)
 .text.ti_sysbios_rts_gnu_SemiHostSupport_startup__I
                0x00000000800062c0        0x4 /home/felipe/ti/pdk_am335x_1_0_9/packages/ti/drv/gpio/test/led_blink/am335x/armv7/bios/src/sysbios/sysbios.aa8fg(gnu_SemiHostSupport.o)
                0x00000000800062c0                ti_sysbios_rts_gnu_SemiHostSupport_startup(int0_t)
 .text.ti_sysbios_family_arm_a8_Cache_startup__I
                0x00000000800062c4      0x174 /home/felipe/ti/pdk_am335x_1_0_9/packages/ti/drv/gpio/test/led_blink/am335x/armv7/bios/src/sysbios/sysbios.aa8fg(a8_Cache.o)
                0x00000000800062c4                ti_sysbios_family_arm_a8_Cache_startup(int0_t)
 .text.ti_sysbios_family_arm_a8_Cache_disable__E
                0x0000000080006438       0xa0 /home/felipe/ti/pdk_am335x_1_0_9/packages/ti/drv/gpio/test/led_blink/am335x/armv7/bios/src/sysbios/sysbios.aa8fg(a8_Cache.o)
                0x0000000080006438                ti_sysbios_family_arm_a8_Cache_disable__E
 .text.ti_sysbios_family_arm_a8_Cache_enable__E
                0x00000000800064d8       0x48 /home/felipe/ti/pdk_am335x_1_0_9/packages/ti/drv/gpio/test/led_blink/am335x/armv7/bios/src/sysbios/sysbios.aa8fg(a8_Cache.o)
                0x00000000800064d8                ti_sysbios_family_arm_a8_Cache_enable__E
 .text.ti_sysbios_family_arm_a8_Mmu_Module_startup__E
                0x0000000080006520       0xd8 /home/felipe/ti/pdk_am335x_1_0_9/packages/ti/drv/gpio/test/led_blink/am335x/armv7/bios/src/sysbios/sysbios.aa8fg(a8_Mmu.o)
                0x0000000080006520                ti_sysbios_family_arm_a8_Mmu_Module_startup__E
 .text.ti_sysbios_family_arm_a8_Mmu_disable__E
                0x00000000800065f8       0x3c /home/felipe/ti/pdk_am335x_1_0_9/packages/ti/drv/gpio/test/led_blink/am335x/armv7/bios/src/sysbios/sysbios.aa8fg(a8_Mmu.o)
                0x00000000800065f8                ti_sysbios_family_arm_a8_Mmu_disable__E
 .text.ti_sysbios_family_arm_a8_TimestampProvider_Module_startup__E
                0x0000000080006634       0x10 /home/felipe/ti/pdk_am335x_1_0_9/packages/ti/drv/gpio/test/led_blink/am335x/armv7/bios/src/sysbios/sysbios.aa8fg(a8_TimestampProvider.o)
                0x0000000080006634                ti_sysbios_family_arm_a8_TimestampProvider_Module_startup__E
 .text.ti_sysbios_family_arm_a8_TimestampProvider_getFreq__E
                0x0000000080006644        0x4 /home/felipe/ti/pdk_am335x_1_0_9/packages/ti/drv/gpio/test/led_blink/am335x/armv7/bios/src/sysbios/sysbios.aa8fg(a8_TimestampProvider.o)
                0x0000000080006644                ti_sysbios_family_arm_a8_TimestampProvider_getFreq__E
 .text.ti_sysbios_family_arm_a8_TimestampProvider_autoRefreshFxn__I
                0x0000000080006648       0x40 /home/felipe/ti/pdk_am335x_1_0_9/packages/ti/drv/gpio/test/led_blink/am335x/armv7/bios/src/sysbios/sysbios.aa8fg(a8_TimestampProvider.o)
                0x0000000080006648                ti_sysbios_family_arm_a8_TimestampProvider_autoRefreshFxn(int0_t)
 .text.ti_sysbios_family_arm_a8_intcps_Hwi_Module_startup__E
                0x0000000080006688      0x198 /home/felipe/ti/pdk_am335x_1_0_9/packages/ti/drv/gpio/test/led_blink/am335x/armv7/bios/src/sysbios/sysbios.aa8fg(intcps_Hwi.o)
                0x0000000080006688                ti_sysbios_family_arm_a8_intcps_Hwi_Module_startup__E
 .text.ti_sysbios_family_arm_a8_intcps_Hwi_startup__E
                0x0000000080006820       0x1c /home/felipe/ti/pdk_am335x_1_0_9/packages/ti/drv/gpio/test/led_blink/am335x/armv7/bios/src/sysbios/sysbios.aa8fg(intcps_Hwi.o)
                0x0000000080006820                ti_sysbios_family_arm_a8_intcps_Hwi_startup__E
 .text.ti_sysbios_family_xxx_Hwi_switchToIsrStack
                0x000000008000683c       0x20 /home/felipe/ti/pdk_am335x_1_0_9/packages/ti/drv/gpio/test/led_blink/am335x/armv7/bios/src/sysbios/sysbios.aa8fg(intcps_Hwi.o)
                0x000000008000683c                ti_sysbios_family_xxx_Hwi_switchToIsrStack
 .text.ti_sysbios_family_xxx_Hwi_switchToTaskStack
                0x000000008000685c       0x1c /home/felipe/ti/pdk_am335x_1_0_9/packages/ti/drv/gpio/test/led_blink/am335x/armv7/bios/src/sysbios/sysbios.aa8fg(intcps_Hwi.o)
                0x000000008000685c                ti_sysbios_family_xxx_Hwi_switchToTaskStack
 .text.ti_sysbios_family_arm_a8_intcps_Hwi_disableInterrupt__E
                0x0000000080006878      0x15c /home/felipe/ti/pdk_am335x_1_0_9/packages/ti/drv/gpio/test/led_blink/am335x/armv7/bios/src/sysbios/sysbios.aa8fg(intcps_Hwi.o)
                0x0000000080006878                ti_sysbios_family_arm_a8_intcps_Hwi_disableInterrupt__E
 .text.ti_sysbios_family_arm_a8_intcps_Hwi_Instance_finalize__E
                0x00000000800069d4       0x9c /home/felipe/ti/pdk_am335x_1_0_9/packages/ti/drv/gpio/test/led_blink/am335x/armv7/bios/src/sysbios/sysbios.aa8fg(intcps_Hwi.o)
                0x00000000800069d4                ti_sysbios_family_arm_a8_intcps_Hwi_Instance_finalize__E
 .text.ti_sysbios_family_arm_a8_intcps_Hwi_enableInterrupt__E
                0x0000000080006a70      0x15c /home/felipe/ti/pdk_am335x_1_0_9/packages/ti/drv/gpio/test/led_blink/am335x/armv7/bios/src/sysbios/sysbios.aa8fg(intcps_Hwi.o)
                0x0000000080006a70                ti_sysbios_family_arm_a8_intcps_Hwi_enableInterrupt__E
 .text.ti_sysbios_family_arm_a8_intcps_Hwi_Instance_init__E
                0x0000000080006bcc      0x228 /home/felipe/ti/pdk_am335x_1_0_9/packages/ti/drv/gpio/test/led_blink/am335x/armv7/bios/src/sysbios/sysbios.aa8fg(intcps_Hwi.o)
                0x0000000080006bcc                ti_sysbios_family_arm_a8_intcps_Hwi_Instance_init__E
 .text.ti_sysbios_family_arm_a8_intcps_Hwi_clearInterrupt__E
                0x0000000080006df4       0x14 /home/felipe/ti/pdk_am335x_1_0_9/packages/ti/drv/gpio/test/led_blink/am335x/armv7/bios/src/sysbios/sysbios.aa8fg(intcps_Hwi.o)
                0x0000000080006df4                ti_sysbios_family_arm_a8_intcps_Hwi_clearInterrupt__E
 .text.ti_sysbios_family_arm_a8_intcps_Hwi_switchFromBootStack__E
                0x0000000080006e08       0x20 /home/felipe/ti/pdk_am335x_1_0_9/packages/ti/drv/gpio/test/led_blink/am335x/armv7/bios/src/sysbios/sysbios.aa8fg(intcps_Hwi.o)
                0x0000000080006e08                ti_sysbios_family_arm_a8_intcps_Hwi_switchFromBootStack__E
 .text.ti_sysbios_family_arm_a8_intcps_Hwi_getStackInfo__E
                0x0000000080006e28       0x74 /home/felipe/ti/pdk_am335x_1_0_9/packages/ti/drv/gpio/test/led_blink/am335x/armv7/bios/src/sysbios/sysbios.aa8fg(intcps_Hwi.o)
                0x0000000080006e28                ti_sysbios_family_arm_a8_intcps_Hwi_getStackInfo__E
 .text.ti_sysbios_family_arm_a8_intcps_Hwi_nonPluggedHwiHandler__I
                0x0000000080006e9c       0x5c /home/felipe/ti/pdk_am335x_1_0_9/packages/ti/drv/gpio/test/led_blink/am335x/armv7/bios/src/sysbios/sysbios.aa8fg(intcps_Hwi.o)
                0x0000000080006e9c                ti_sysbios_family_arm_a8_intcps_Hwi_nonPluggedHwiHandler(int0_t)
 .text.ti_sysbios_family_arm_a8_intcps_Hwi_dispatchFIQC__I
                0x0000000080006ef8       0x40 /home/felipe/ti/pdk_am335x_1_0_9/packages/ti/drv/gpio/test/led_blink/am335x/armv7/bios/src/sysbios/sysbios.aa8fg(intcps_Hwi.o)
                0x0000000080006ef8                ti_sysbios_family_arm_a8_intcps_Hwi_dispatchFIQC(int0_t)
 .text.ti_sysbios_family_arm_a8_intcps_Hwi_dispatchIRQC__I
                0x0000000080006f38       0xd8 /home/felipe/ti/pdk_am335x_1_0_9/packages/ti/drv/gpio/test/led_blink/am335x/armv7/bios/src/sysbios/sysbios.aa8fg(intcps_Hwi.o)
                0x0000000080006f38                ti_sysbios_family_arm_a8_intcps_Hwi_dispatchIRQC(int0_t)
 .text.ti_sysbios_family_arm_exc_Exception_Module_startup__E
                0x0000000080007010       0x10 /home/felipe/ti/pdk_am335x_1_0_9/packages/ti/drv/gpio/test/led_blink/am335x/armv7/bios/src/sysbios/sysbios.aa8fg(exc_Exception.o)
                0x0000000080007010                ti_sysbios_family_arm_exc_Exception_Module_startup__E
 .text.ti_sysbios_family_arm_exc_Exception_excDumpContext__I
                0x0000000080007020      0x188 /home/felipe/ti/pdk_am335x_1_0_9/packages/ti/drv/gpio/test/led_blink/am335x/armv7/bios/src/sysbios/sysbios.aa8fg(exc_Exception.o)
                0x0000000080007020                ti_sysbios_family_arm_exc_Exception_excDumpContext(int0_t)
 .text.ti_sysbios_family_arm_exc_Exception_excHandler__I
                0x00000000800071a8      0x61c /home/felipe/ti/pdk_am335x_1_0_9/packages/ti/drv/gpio/test/led_blink/am335x/armv7/bios/src/sysbios/sysbios.aa8fg(exc_Exception.o)
                0x00000000800071a8                ti_sysbios_family_arm_exc_Exception_excHandler(int0_t)
 .text.ti_sysbios_gates_GateHwi_Instance_init__E
                0x00000000800077c4        0x4 /home/felipe/ti/pdk_am335x_1_0_9/packages/ti/drv/gpio/test/led_blink/am335x/armv7/bios/src/sysbios/sysbios.aa8fg(gates_GateHwi.o)
                0x00000000800077c4                ti_sysbios_gates_GateHwi_Instance_init__E
 .text.ti_sysbios_gates_GateHwi_enter__E
                0x00000000800077c8        0x4 /home/felipe/ti/pdk_am335x_1_0_9/packages/ti/drv/gpio/test/led_blink/am335x/armv7/bios/src/sysbios/sysbios.aa8fg(gates_GateHwi.o)
                0x00000000800077c8                ti_sysbios_gates_GateHwi_enter__E
 .text.ti_sysbios_gates_GateHwi_leave__E
                0x00000000800077cc        0x8 /home/felipe/ti/pdk_am335x_1_0_9/packages/ti/drv/gpio/test/led_blink/am335x/armv7/bios/src/sysbios/sysbios.aa8fg(gates_GateHwi.o)
                0x00000000800077cc                ti_sysbios_gates_GateHwi_leave__E
 .text.ti_sysbios_gates_GateHwi_query__E
                0x00000000800077d4        0x8 /home/felipe/ti/pdk_am335x_1_0_9/packages/ti/drv/gpio/test/led_blink/am335x/armv7/bios/src/sysbios/sysbios.aa8fg(gates_GateHwi.o)
                0x00000000800077d4                ti_sysbios_gates_GateHwi_query__E
 .text.ti_sysbios_gates_GateMutex_Instance_init__E
                0x00000000800077dc       0x30 /home/felipe/ti/pdk_am335x_1_0_9/packages/ti/drv/gpio/test/led_blink/am335x/armv7/bios/src/sysbios/sysbios.aa8fg(gates_GateMutex.o)
                0x00000000800077dc                ti_sysbios_gates_GateMutex_Instance_init__E
 .text.ti_sysbios_gates_GateMutex_Instance_finalize__E
                0x000000008000780c       0x14 /home/felipe/ti/pdk_am335x_1_0_9/packages/ti/drv/gpio/test/led_blink/am335x/armv7/bios/src/sysbios/sysbios.aa8fg(gates_GateMutex.o)
                0x000000008000780c                ti_sysbios_gates_GateMutex_Instance_finalize__E
 .text.ti_sysbios_gates_GateMutex_enter__E
                0x0000000080007820       0x48 /home/felipe/ti/pdk_am335x_1_0_9/packages/ti/drv/gpio/test/led_blink/am335x/armv7/bios/src/sysbios/sysbios.aa8fg(gates_GateMutex.o)
                0x0000000080007820                ti_sysbios_gates_GateMutex_enter__E
 .text.ti_sysbios_gates_GateMutex_leave__E
                0x0000000080007868       0x20 /home/felipe/ti/pdk_am335x_1_0_9/packages/ti/drv/gpio/test/led_blink/am335x/armv7/bios/src/sysbios/sysbios.aa8fg(gates_GateMutex.o)
                0x0000000080007868                ti_sysbios_gates_GateMutex_leave__E
 .text.ti_sysbios_gates_GateMutex_query__E
                0x0000000080007888        0x8 /home/felipe/ti/pdk_am335x_1_0_9/packages/ti/drv/gpio/test/led_blink/am335x/armv7/bios/src/sysbios/sysbios.aa8fg(gates_GateMutex.o)
                0x0000000080007888                ti_sysbios_gates_GateMutex_query__E
 .text.ti_sysbios_timers_dmtimer_Timer_stub__E
                0x0000000080007890       0x38 /home/felipe/ti/pdk_am335x_1_0_9/packages/ti/drv/gpio/test/led_blink/am335x/armv7/bios/src/sysbios/sysbios.aa8fg(dmtimer_Timer.o)
                0x0000000080007890                ti_sysbios_timers_dmtimer_Timer_stub__E
 .text.ti_sysbios_timers_dmtimer_Timer_getMaxTicks__E
                0x00000000800078c8       0x14 /home/felipe/ti/pdk_am335x_1_0_9/packages/ti/drv/gpio/test/led_blink/am335x/armv7/bios/src/sysbios/sysbios.aa8fg(dmtimer_Timer.o)
                0x00000000800078c8                ti_sysbios_timers_dmtimer_Timer_getMaxTicks__E
 .text.ti_sysbios_timers_dmtimer_Timer_setPeriodMicroSecs__E
                0x00000000800078dc      0x158 /home/felipe/ti/pdk_am335x_1_0_9/packages/ti/drv/gpio/test/led_blink/am335x/armv7/bios/src/sysbios/sysbios.aa8fg(dmtimer_Timer.o)
                0x00000000800078dc                ti_sysbios_timers_dmtimer_Timer_setPeriodMicroSecs__E
 .text.ti_sysbios_timers_dmtimer_Timer_deviceConfig__I
                0x0000000080007a34      0x254 /home/felipe/ti/pdk_am335x_1_0_9/packages/ti/drv/gpio/test/led_blink/am335x/armv7/bios/src/sysbios/sysbios.aa8fg(dmtimer_Timer.o)
                0x0000000080007a34                ti_sysbios_timers_dmtimer_Timer_deviceConfig(int0_t)
 .text.ti_sysbios_timers_dmtimer_Timer_start__E
                0x0000000080007c88      0x10c /home/felipe/ti/pdk_am335x_1_0_9/packages/ti/drv/gpio/test/led_blink/am335x/armv7/bios/src/sysbios/sysbios.aa8fg(dmtimer_Timer.o)
                0x0000000080007c88                ti_sysbios_timers_dmtimer_Timer_start__E
 .text.ti_sysbios_timers_dmtimer_Timer_startup__E
                0x0000000080007d94       0x80 /home/felipe/ti/pdk_am335x_1_0_9/packages/ti/drv/gpio/test/led_blink/am335x/armv7/bios/src/sysbios/sysbios.aa8fg(dmtimer_Timer.o)
                0x0000000080007d94                ti_sysbios_timers_dmtimer_Timer_startup__E
 .text.ti_sysbios_timers_dmtimer_Timer_checkFreq__I
                0x0000000080007e14      0x1ac /home/felipe/ti/pdk_am335x_1_0_9/packages/ti/drv/gpio/test/led_blink/am335x/armv7/bios/src/sysbios/sysbios.aa8fg(dmtimer_Timer.o)
                0x0000000080007e14                ti_sysbios_timers_dmtimer_Timer_checkFreq(int0_t)
 .text.ti_sysbios_timers_dmtimer_Timer_Module_startup__E
                0x0000000080007fc0       0xc4 /home/felipe/ti/pdk_am335x_1_0_9/packages/ti/drv/gpio/test/led_blink/am335x/armv7/bios/src/sysbios/sysbios.aa8fg(dmtimer_Timer.o)
                0x0000000080007fc0                ti_sysbios_timers_dmtimer_Timer_Module_startup__E
 .text.ti_sysbios_family_arm_a8_ti81xx_TimerSupport_Module_startup__E
                0x0000000080008084        0x8 /home/felipe/ti/pdk_am335x_1_0_9/packages/ti/drv/gpio/test/led_blink/am335x/armv7/bios/src/sysbios/sysbios.aa8fg(ti81xx_TimerSupport.o)
                0x0000000080008084                ti_sysbios_family_arm_a8_ti81xx_TimerSupport_Module_startup__E
 .text.ti_sysbios_family_arm_a8_ti81xx_TimerSupport_enable__E
                0x000000008000808c        0x4 /home/felipe/ti/pdk_am335x_1_0_9/packages/ti/drv/gpio/test/led_blink/am335x/armv7/bios/src/sysbios/sysbios.aa8fg(ti81xx_TimerSupport.o)